{
  "schema_version": 1,
  "input": "pad-r08-s00.json",
  "svg": "output.svg",
  "totals": {
    "logical_nodes": 43,
    "rendered_nodes": 45,
    "logical_edges": 48,
    "rendered_edges": 48,
    "proper_crossing_events": 26,
    "distinct_crossing_points": 11,
    "different_net_overlaps": 0,
    "bends": 44,
    "manhattan_length_px": 12233.9606
  },
  "roots": {
    "public_from": {
      "kind": "from",
      "outdegree": 6,
      "rendered_copies": 1
    },
    "public_gate": {
      "kind": "gate",
      "outdegree": 5,
      "rendered_copies": 3
    },
    "public_source": {
      "kind": "source",
      "outdegree": 5,
      "rendered_copies": 1
    },
    "sparse_00": {
      "kind": "source",
      "outdegree": 1,
      "rendered_copies": 1
    },
    "sparse_01": {
      "kind": "from",
      "outdegree": 1,
      "rendered_copies": 1
    },
    "sparse_02": {
      "kind": "gate",
      "outdegree": 1,
      "rendered_copies": 1
    },
    "sparse_03": {
      "kind": "source",
      "outdegree": 1,
      "rendered_copies": 1
    },
    "sparse_04": {
      "kind": "from",
      "outdegree": 1,
      "rendered_copies": 1
    },
    "sparse_05": {
      "kind": "gate",
      "outdegree": 1,
      "rendered_copies": 1
    },
    "sparse_06": {
      "kind": "source",
      "outdegree": 1,
      "rendered_copies": 1
    },
    "sparse_07": {
      "kind": "from",
      "outdegree": 1,
      "rendered_copies": 1
    },
    "sparse_08": {
      "kind": "gate",
      "outdegree": 1,
      "rendered_copies": 1
    },
    "sparse_09": {
      "kind": "source",
      "outdegree": 1,
      "rendered_copies": 1
    },
    "sparse_10": {
      "kind": "from",
      "outdegree": 1,
      "rendered_copies": 1
    },
    "sparse_11": {
      "kind": "gate",
      "outdegree": 1,
      "rendered_copies": 1
    },
    "sparse_12": {
      "kind": "source",
      "outdegree": 1,
      "rendered_copies": 1
    },
    "sparse_13": {
      "kind": "from",
      "outdegree": 1,
      "rendered_copies": 1
    },
    "sparse_14": {
      "kind": "gate",
      "outdegree": 1,
      "rendered_copies": 1
    },
    "sparse_15": {
      "kind": "source",
      "outdegree": 1,
      "rendered_copies": 1
    }
  },
  "nodes": {
    "clock_00": {
      "kind": "clock",
      "incoming_edges": 1,
      "outgoing_edges": 0,
      "direct_downstream_nodes": 0,
      "source_port_nets": 0,
      "rendering_anchors": 1,
      "is_root": false,
      "is_terminal": true,
      "manhattan_length_px": 0,
      "bends_total": 0,
      "crossing_points": 0,
      "crossing_pair_incidents": 0,
      "crossed_edge_count": 0
    },
    "clock_01": {
      "kind": "clock",
      "incoming_edges": 1,
      "outgoing_edges": 0,
      "direct_downstream_nodes": 0,
      "source_port_nets": 0,
      "rendering_anchors": 1,
      "is_root": false,
      "is_terminal": true,
      "manhattan_length_px": 0,
      "bends_total": 0,
      "crossing_points": 0,
      "crossing_pair_incidents": 0,
      "crossed_edge_count": 0
    },
    "clock_02": {
      "kind": "clock",
      "incoming_edges": 1,
      "outgoing_edges": 0,
      "direct_downstream_nodes": 0,
      "source_port_nets": 0,
      "rendering_anchors": 1,
      "is_root": false,
      "is_terminal": true,
      "manhattan_length_px": 0,
      "bends_total": 0,
      "crossing_points": 0,
      "crossing_pair_incidents": 0,
      "crossed_edge_count": 0
    },
    "clock_03": {
      "kind": "clock",
      "incoming_edges": 1,
      "outgoing_edges": 0,
      "direct_downstream_nodes": 0,
      "source_port_nets": 0,
      "rendering_anchors": 1,
      "is_root": false,
      "is_terminal": true,
      "manhattan_length_px": 0,
      "bends_total": 0,
      "crossing_points": 0,
      "crossing_pair_incidents": 0,
      "crossed_edge_count": 0
    },
    "clock_04": {
      "kind": "clock",
      "incoming_edges": 1,
      "outgoing_edges": 0,
      "direct_downstream_nodes": 0,
      "source_port_nets": 0,
      "rendering_anchors": 1,
      "is_root": false,
      "is_terminal": true,
      "manhattan_length_px": 0,
      "bends_total": 0,
      "crossing_points": 0,
      "crossing_pair_incidents": 0,
      "crossed_edge_count": 0
    },
    "clock_05": {
      "kind": "clock",
      "incoming_edges": 1,
      "outgoing_edges": 0,
      "direct_downstream_nodes": 0,
      "source_port_nets": 0,
      "rendering_anchors": 1,
      "is_root": false,
      "is_terminal": true,
      "manhattan_length_px": 0,
      "bends_total": 0,
      "crossing_points": 0,
      "crossing_pair_incidents": 0,
      "crossed_edge_count": 0
    },
    "clock_06": {
      "kind": "clock",
      "incoming_edges": 1,
      "outgoing_edges": 0,
      "direct_downstream_nodes": 0,
      "source_port_nets": 0,
      "rendering_anchors": 1,
      "is_root": false,
      "is_terminal": true,
      "manhattan_length_px": 0,
      "bends_total": 0,
      "crossing_points": 0,
      "crossing_pair_incidents": 0,
      "crossed_edge_count": 0
    },
    "clock_07": {
      "kind": "clock",
      "incoming_edges": 1,
      "outgoing_edges": 0,
      "direct_downstream_nodes": 0,
      "source_port_nets": 0,
      "rendering_anchors": 1,
      "is_root": false,
      "is_terminal": true,
      "manhattan_length_px": 0,
      "bends_total": 0,
      "crossing_points": 0,
      "crossing_pair_incidents": 0,
      "crossed_edge_count": 0
    },
    "mux_after_00": {
      "kind": "mux2",
      "incoming_edges": 2,
      "outgoing_edges": 1,
      "direct_downstream_nodes": 1,
      "source_port_nets": 1,
      "rendering_anchors": 1,
      "is_root": false,
      "is_terminal": false,
      "manhattan_length_px": 83.2,
      "bends_total": 0,
      "crossing_points": 0,
      "crossing_pair_incidents": 0,
      "crossed_edge_count": 0
    },
    "mux_after_01": {
      "kind": "mux2",
      "incoming_edges": 2,
      "outgoing_edges": 1,
      "direct_downstream_nodes": 1,
      "source_port_nets": 1,
      "rendering_anchors": 1,
      "is_root": false,
      "is_terminal": false,
      "manhattan_length_px": 83.2,
      "bends_total": 0,
      "crossing_points": 0,
      "crossing_pair_incidents": 0,
      "crossed_edge_count": 0
    },
    "mux_after_02": {
      "kind": "mux2",
      "incoming_edges": 2,
      "outgoing_edges": 1,
      "direct_downstream_nodes": 1,
      "source_port_nets": 1,
      "rendering_anchors": 1,
      "is_root": false,
      "is_terminal": false,
      "manhattan_length_px": 83.2,
      "bends_total": 0,
      "crossing_points": 0,
      "crossing_pair_incidents": 0,
      "crossed_edge_count": 0
    },
    "mux_after_03": {
      "kind": "mux2",
      "incoming_edges": 2,
      "outgoing_edges": 1,
      "direct_downstream_nodes": 1,
      "source_port_nets": 1,
      "rendering_anchors": 1,
      "is_root": false,
      "is_terminal": false,
      "manhattan_length_px": 83.2,
      "bends_total": 0,
      "crossing_points": 0,
      "crossing_pair_incidents": 0,
      "crossed_edge_count": 0
    },
    "mux_after_04": {
      "kind": "mux2",
      "incoming_edges": 2,
      "outgoing_edges": 1,
      "direct_downstream_nodes": 1,
      "source_port_nets": 1,
      "rendering_anchors": 1,
      "is_root": false,
      "is_terminal": false,
      "manhattan_length_px": 83.2,
      "bends_total": 0,
      "crossing_points": 0,
      "crossing_pair_incidents": 0,
      "crossed_edge_count": 0
    },
    "mux_after_05": {
      "kind": "mux2",
      "incoming_edges": 2,
      "outgoing_edges": 1,
      "direct_downstream_nodes": 1,
      "source_port_nets": 1,
      "rendering_anchors": 1,
      "is_root": false,
      "is_terminal": false,
      "manhattan_length_px": 83.2,
      "bends_total": 0,
      "crossing_points": 0,
      "crossing_pair_incidents": 0,
      "crossed_edge_count": 0
    },
    "mux_after_06": {
      "kind": "mux2",
      "incoming_edges": 2,
      "outgoing_edges": 1,
      "direct_downstream_nodes": 1,
      "source_port_nets": 1,
      "rendering_anchors": 1,
      "is_root": false,
      "is_terminal": false,
      "manhattan_length_px": 83.2,
      "bends_total": 0,
      "crossing_points": 0,
      "crossing_pair_incidents": 0,
      "crossed_edge_count": 0
    },
    "mux_after_07": {
      "kind": "mux2",
      "incoming_edges": 2,
      "outgoing_edges": 1,
      "direct_downstream_nodes": 1,
      "source_port_nets": 1,
      "rendering_anchors": 1,
      "is_root": false,
      "is_terminal": false,
      "manhattan_length_px": 83.2,
      "bends_total": 0,
      "crossing_points": 0,
      "crossing_pair_incidents": 0,
      "crossed_edge_count": 0
    },
    "pad_00": {
      "kind": "pad3",
      "incoming_edges": 3,
      "outgoing_edges": 1,
      "direct_downstream_nodes": 1,
      "source_port_nets": 1,
      "rendering_anchors": 1,
      "is_root": false,
      "is_terminal": false,
      "manhattan_length_px": 94.38,
      "bends_total": 0,
      "crossing_points": 0,
      "crossing_pair_incidents": 0,
      "crossed_edge_count": 0
    },
    "pad_01": {
      "kind": "pad3",
      "incoming_edges": 3,
      "outgoing_edges": 1,
      "direct_downstream_nodes": 1,
      "source_port_nets": 1,
      "rendering_anchors": 1,
      "is_root": false,
      "is_terminal": false,
      "manhattan_length_px": 94.38,
      "bends_total": 0,
      "crossing_points": 2,
      "crossing_pair_incidents": 2,
      "crossed_edge_count": 2
    },
    "pad_02": {
      "kind": "pad3",
      "incoming_edges": 3,
      "outgoing_edges": 1,
      "direct_downstream_nodes": 1,
      "source_port_nets": 1,
      "rendering_anchors": 1,
      "is_root": false,
      "is_terminal": false,
      "manhattan_length_px": 94.38,
      "bends_total": 0,
      "crossing_points": 0,
      "crossing_pair_incidents": 0,
      "crossed_edge_count": 0
    },
    "pad_03": {
      "kind": "pad3",
      "incoming_edges": 3,
      "outgoing_edges": 1,
      "direct_downstream_nodes": 1,
      "source_port_nets": 1,
      "rendering_anchors": 1,
      "is_root": false,
      "is_terminal": false,
      "manhattan_length_px": 94.38,
      "bends_total": 0,
      "crossing_points": 0,
      "crossing_pair_incidents": 0,
      "crossed_edge_count": 0
    },
    "pad_04": {
      "kind": "pad3",
      "incoming_edges": 3,
      "outgoing_edges": 1,
      "direct_downstream_nodes": 1,
      "source_port_nets": 1,
      "rendering_anchors": 1,
      "is_root": false,
      "is_terminal": false,
      "manhattan_length_px": 94.38,
      "bends_total": 0,
      "crossing_points": 1,
      "crossing_pair_incidents": 2,
      "crossed_edge_count": 2
    },
    "pad_05": {
      "kind": "pad3",
      "incoming_edges": 3,
      "outgoing_edges": 1,
      "direct_downstream_nodes": 1,
      "source_port_nets": 1,
      "rendering_anchors": 1,
      "is_root": false,
      "is_terminal": false,
      "manhattan_length_px": 94.38,
      "bends_total": 0,
      "crossing_points": 0,
      "crossing_pair_incidents": 0,
      "crossed_edge_count": 0
    },
    "pad_06": {
      "kind": "pad3",
      "incoming_edges": 3,
      "outgoing_edges": 1,
      "direct_downstream_nodes": 1,
      "source_port_nets": 1,
      "rendering_anchors": 1,
      "is_root": false,
      "is_terminal": false,
      "manhattan_length_px": 94.38,
      "bends_total": 0,
      "crossing_points": 1,
      "crossing_pair_incidents": 1,
      "crossed_edge_count": 1
    },
    "pad_07": {
      "kind": "pad3",
      "incoming_edges": 3,
      "outgoing_edges": 1,
      "direct_downstream_nodes": 1,
      "source_port_nets": 1,
      "rendering_anchors": 1,
      "is_root": false,
      "is_terminal": false,
      "manhattan_length_px": 94.38,
      "bends_total": 0,
      "crossing_points": 0,
      "crossing_pair_incidents": 0,
      "crossed_edge_count": 0
    },
    "public_from": {
      "kind": "from",
      "incoming_edges": 0,
      "outgoing_edges": 6,
      "direct_downstream_nodes": 6,
      "source_port_nets": 1,
      "rendering_anchors": 1,
      "is_root": true,
      "is_terminal": false,
      "manhattan_length_px": 3815.24,
      "bends_total": 18,
      "crossing_points": 6,
      "crossing_pair_incidents": 18,
      "crossed_edge_count": 7
    },
    "public_gate": {
      "kind": "gate",
      "incoming_edges": 0,
      "outgoing_edges": 5,
      "direct_downstream_nodes": 5,
      "source_port_nets": 1,
      "rendering_anchors": 3,
      "is_root": true,
      "is_terminal": false,
      "manhattan_length_px": 2616.0302,
      "bends_total": 14,
      "crossing_points": 7,
      "crossing_pair_incidents": 16,
      "crossed_edge_count": 10
    },
    "public_source": {
      "kind": "source",
      "incoming_edges": 0,
      "outgoing_edges": 5,
      "direct_downstream_nodes": 5,
      "source_port_nets": 1,
      "rendering_anchors": 1,
      "is_root": true,
      "is_terminal": false,
      "manhattan_length_px": 3413.6504,
      "bends_total": 12,
      "crossing_points": 5,
      "crossing_pair_incidents": 13,
      "crossed_edge_count": 10
    },
    "sparse_00": {
      "kind": "source",
      "incoming_edges": 0,
      "outgoing_edges": 1,
      "direct_downstream_nodes": 1,
      "source_port_nets": 1,
      "rendering_anchors": 1,
      "is_root": true,
      "is_terminal": false,
      "manhattan_length_px": 54.15,
      "bends_total": 0,
      "crossing_points": 0,
      "crossing_pair_incidents": 0,
      "crossed_edge_count": 0
    },
    "sparse_01": {
      "kind": "from",
      "incoming_edges": 0,
      "outgoing_edges": 1,
      "direct_downstream_nodes": 1,
      "source_port_nets": 1,
      "rendering_anchors": 1,
      "is_root": true,
      "is_terminal": false,
      "manhattan_length_px": 48.15,
      "bends_total": 0,
      "crossing_points": 0,
      "crossing_pair_incidents": 0,
      "crossed_edge_count": 0
    },
    "sparse_02": {
      "kind": "gate",
      "incoming_edges": 0,
      "outgoing_edges": 1,
      "direct_downstream_nodes": 1,
      "source_port_nets": 1,
      "rendering_anchors": 1,
      "is_root": true,
      "is_terminal": false,
      "manhattan_length_px": 66.15,
      "bends_total": 0,
      "crossing_points": 0,
      "crossing_pair_incidents": 0,
      "crossed_edge_count": 0
    },
    "sparse_03": {
      "kind": "source",
      "incoming_edges": 0,
      "outgoing_edges": 1,
      "direct_downstream_nodes": 1,
      "source_port_nets": 1,
      "rendering_anchors": 1,
      "is_root": true,
      "is_terminal": false,
      "manhattan_length_px": 72.15,
      "bends_total": 0,
      "crossing_points": 0,
      "crossing_pair_incidents": 0,
      "crossed_edge_count": 0
    },
    "sparse_04": {
      "kind": "from",
      "incoming_edges": 0,
      "outgoing_edges": 1,
      "direct_downstream_nodes": 1,
      "source_port_nets": 1,
      "rendering_anchors": 1,
      "is_root": true,
      "is_terminal": false,
      "manhattan_length_px": 48.15,
      "bends_total": 0,
      "crossing_points": 0,
      "crossing_pair_incidents": 0,
      "crossed_edge_count": 0
    },
    "sparse_05": {
      "kind": "gate",
      "incoming_edges": 0,
      "outgoing_edges": 1,
      "direct_downstream_nodes": 1,
      "source_port_nets": 1,
      "rendering_anchors": 1,
      "is_root": true,
      "is_terminal": false,
      "manhattan_length_px": 66.15,
      "bends_total": 0,
      "crossing_points": 0,
      "crossing_pair_incidents": 0,
      "crossed_edge_count": 0
    },
    "sparse_06": {
      "kind": "source",
      "incoming_edges": 0,
      "outgoing_edges": 1,
      "direct_downstream_nodes": 1,
      "source_port_nets": 1,
      "rendering_anchors": 1,
      "is_root": true,
      "is_terminal": false,
      "manhattan_length_px": 72.15,
      "bends_total": 0,
      "crossing_points": 0,
      "crossing_pair_incidents": 0,
      "crossed_edge_count": 0
    },
    "sparse_07": {
      "kind": "from",
      "incoming_edges": 0,
      "outgoing_edges": 1,
      "direct_downstream_nodes": 1,
      "source_port_nets": 1,
      "rendering_anchors": 1,
      "is_root": true,
      "is_terminal": false,
      "manhattan_length_px": 48.15,
      "bends_total": 0,
      "crossing_points": 0,
      "crossing_pair_incidents": 0,
      "crossed_edge_count": 0
    },
    "sparse_08": {
      "kind": "gate",
      "incoming_edges": 0,
      "outgoing_edges": 1,
      "direct_downstream_nodes": 1,
      "source_port_nets": 1,
      "rendering_anchors": 1,
      "is_root": true,
      "is_terminal": false,
      "manhattan_length_px": 66.15,
      "bends_total": 0,
      "crossing_points": 0,
      "crossing_pair_incidents": 0,
      "crossed_edge_count": 0
    },
    "sparse_09": {
      "kind": "source",
      "incoming_edges": 0,
      "outgoing_edges": 1,
      "direct_downstream_nodes": 1,
      "source_port_nets": 1,
      "rendering_anchors": 1,
      "is_root": true,
      "is_terminal": false,
      "manhattan_length_px": 72.15,
      "bends_total": 0,
      "crossing_points": 0,
      "crossing_pair_incidents": 0,
      "crossed_edge_count": 0
    },
    "sparse_10": {
      "kind": "from",
      "incoming_edges": 0,
      "outgoing_edges": 1,
      "direct_downstream_nodes": 1,
      "source_port_nets": 1,
      "rendering_anchors": 1,
      "is_root": true,
      "is_terminal": false,
      "manhattan_length_px": 48.15,
      "bends_total": 0,
      "crossing_points": 0,
      "crossing_pair_incidents": 0,
      "crossed_edge_count": 0
    },
    "sparse_11": {
      "kind": "gate",
      "incoming_edges": 0,
      "outgoing_edges": 1,
      "direct_downstream_nodes": 1,
      "source_port_nets": 1,
      "rendering_anchors": 1,
      "is_root": true,
      "is_terminal": false,
      "manhattan_length_px": 48.15,
      "bends_total": 0,
      "crossing_points": 0,
      "crossing_pair_incidents": 0,
      "crossed_edge_count": 0
    },
    "sparse_12": {
      "kind": "source",
      "incoming_edges": 0,
      "outgoing_edges": 1,
      "direct_downstream_nodes": 1,
      "source_port_nets": 1,
      "rendering_anchors": 1,
      "is_root": true,
      "is_terminal": false,
      "manhattan_length_px": 72.15,
      "bends_total": 0,
      "crossing_points": 0,
      "crossing_pair_incidents": 0,
      "crossed_edge_count": 0
    },
    "sparse_13": {
      "kind": "from",
      "incoming_edges": 0,
      "outgoing_edges": 1,
      "direct_downstream_nodes": 1,
      "source_port_nets": 1,
      "rendering_anchors": 1,
      "is_root": true,
      "is_terminal": false,
      "manhattan_length_px": 48.15,
      "bends_total": 0,
      "crossing_points": 0,
      "crossing_pair_incidents": 0,
      "crossed_edge_count": 0
    },
    "sparse_14": {
      "kind": "gate",
      "incoming_edges": 0,
      "outgoing_edges": 1,
      "direct_downstream_nodes": 1,
      "source_port_nets": 1,
      "rendering_anchors": 1,
      "is_root": true,
      "is_terminal": false,
      "manhattan_length_px": 66.15,
      "bends_total": 0,
      "crossing_points": 0,
      "crossing_pair_incidents": 0,
      "crossed_edge_count": 0
    },
    "sparse_15": {
      "kind": "source",
      "incoming_edges": 0,
      "outgoing_edges": 1,
      "direct_downstream_nodes": 1,
      "source_port_nets": 1,
      "rendering_anchors": 1,
      "is_root": true,
      "is_terminal": false,
      "manhattan_length_px": 72.15,
      "bends_total": 0,
      "crossing_points": 0,
      "crossing_pair_incidents": 0,
      "crossed_edge_count": 0
    }
  },
  "networks": {
    "mux_after_00:right": {
      "source": "mux_after_00",
      "source_port": "right",
      "edges": 1,
      "rendering_anchors": 1,
      "branch_count": 0,
      "crossing_points": 0,
      "crossing_pair_incidents": 0,
      "crossed_edge_count": 0,
      "manhattan_length_px": 83.2,
      "horizontal_length_px": 83.2,
      "vertical_length_px": 0,
      "bends_total": 0,
      "bends_max_per_edge": 0,
      "split_rejoin": false
    },
    "mux_after_01:right": {
      "source": "mux_after_01",
      "source_port": "right",
      "edges": 1,
      "rendering_anchors": 1,
      "branch_count": 0,
      "crossing_points": 0,
      "crossing_pair_incidents": 0,
      "crossed_edge_count": 0,
      "manhattan_length_px": 83.2,
      "horizontal_length_px": 83.2,
      "vertical_length_px": 0,
      "bends_total": 0,
      "bends_max_per_edge": 0,
      "split_rejoin": false
    },
    "mux_after_02:right": {
      "source": "mux_after_02",
      "source_port": "right",
      "edges": 1,
      "rendering_anchors": 1,
      "branch_count": 0,
      "crossing_points": 0,
      "crossing_pair_incidents": 0,
      "crossed_edge_count": 0,
      "manhattan_length_px": 83.2,
      "horizontal_length_px": 83.2,
      "vertical_length_px": 0,
      "bends_total": 0,
      "bends_max_per_edge": 0,
      "split_rejoin": false
    },
    "mux_after_03:right": {
      "source": "mux_after_03",
      "source_port": "right",
      "edges": 1,
      "rendering_anchors": 1,
      "branch_count": 0,
      "crossing_points": 0,
      "crossing_pair_incidents": 0,
      "crossed_edge_count": 0,
      "manhattan_length_px": 83.2,
      "horizontal_length_px": 83.2,
      "vertical_length_px": 0,
      "bends_total": 0,
      "bends_max_per_edge": 0,
      "split_rejoin": false
    },
    "mux_after_04:right": {
      "source": "mux_after_04",
      "source_port": "right",
      "edges": 1,
      "rendering_anchors": 1,
      "branch_count": 0,
      "crossing_points": 0,
      "crossing_pair_incidents": 0,
      "crossed_edge_count": 0,
      "manhattan_length_px": 83.2,
      "horizontal_length_px": 83.2,
      "vertical_length_px": 0,
      "bends_total": 0,
      "bends_max_per_edge": 0,
      "split_rejoin": false
    },
    "mux_after_05:right": {
      "source": "mux_after_05",
      "source_port": "right",
      "edges": 1,
      "rendering_anchors": 1,
      "branch_count": 0,
      "crossing_points": 0,
      "crossing_pair_incidents": 0,
      "crossed_edge_count": 0,
      "manhattan_length_px": 83.2,
      "horizontal_length_px": 83.2,
      "vertical_length_px": 0,
      "bends_total": 0,
      "bends_max_per_edge": 0,
      "split_rejoin": false
    },
    "mux_after_06:right": {
      "source": "mux_after_06",
      "source_port": "right",
      "edges": 1,
      "rendering_anchors": 1,
      "branch_count": 0,
      "crossing_points": 0,
      "crossing_pair_incidents": 0,
      "crossed_edge_count": 0,
      "manhattan_length_px": 83.2,
      "horizontal_length_px": 83.2,
      "vertical_length_px": 0,
      "bends_total": 0,
      "bends_max_per_edge": 0,
      "split_rejoin": false
    },
    "mux_after_07:right": {
      "source": "mux_after_07",
      "source_port": "right",
      "edges": 1,
      "rendering_anchors": 1,
      "branch_count": 0,
      "crossing_points": 0,
      "crossing_pair_incidents": 0,
      "crossed_edge_count": 0,
      "manhattan_length_px": 83.2,
      "horizontal_length_px": 83.2,
      "vertical_length_px": 0,
      "bends_total": 0,
      "bends_max_per_edge": 0,
      "split_rejoin": false
    },
    "pad_00:right": {
      "source": "pad_00",
      "source_port": "right",
      "edges": 1,
      "rendering_anchors": 1,
      "branch_count": 0,
      "crossing_points": 0,
      "crossing_pair_incidents": 0,
      "crossed_edge_count": 0,
      "manhattan_length_px": 94.38,
      "horizontal_length_px": 94.38,
      "vertical_length_px": 0,
      "bends_total": 0,
      "bends_max_per_edge": 0,
      "split_rejoin": false
    },
    "pad_01:right": {
      "source": "pad_01",
      "source_port": "right",
      "edges": 1,
      "rendering_anchors": 1,
      "branch_count": 0,
      "crossing_points": 2,
      "crossing_pair_incidents": 2,
      "crossed_edge_count": 2,
      "manhattan_length_px": 94.38,
      "horizontal_length_px": 94.38,
      "vertical_length_px": 0,
      "bends_total": 0,
      "bends_max_per_edge": 0,
      "split_rejoin": false
    },
    "pad_02:right": {
      "source": "pad_02",
      "source_port": "right",
      "edges": 1,
      "rendering_anchors": 1,
      "branch_count": 0,
      "crossing_points": 0,
      "crossing_pair_incidents": 0,
      "crossed_edge_count": 0,
      "manhattan_length_px": 94.38,
      "horizontal_length_px": 94.38,
      "vertical_length_px": 0,
      "bends_total": 0,
      "bends_max_per_edge": 0,
      "split_rejoin": false
    },
    "pad_03:right": {
      "source": "pad_03",
      "source_port": "right",
      "edges": 1,
      "rendering_anchors": 1,
      "branch_count": 0,
      "crossing_points": 0,
      "crossing_pair_incidents": 0,
      "crossed_edge_count": 0,
      "manhattan_length_px": 94.38,
      "horizontal_length_px": 94.38,
      "vertical_length_px": 0,
      "bends_total": 0,
      "bends_max_per_edge": 0,
      "split_rejoin": false
    },
    "pad_04:right": {
      "source": "pad_04",
      "source_port": "right",
      "edges": 1,
      "rendering_anchors": 1,
      "branch_count": 0,
      "crossing_points": 1,
      "crossing_pair_incidents": 2,
      "crossed_edge_count": 2,
      "manhattan_length_px": 94.38,
      "horizontal_length_px": 94.38,
      "vertical_length_px": 0,
      "bends_total": 0,
      "bends_max_per_edge": 0,
      "split_rejoin": false
    },
    "pad_05:right": {
      "source": "pad_05",
      "source_port": "right",
      "edges": 1,
      "rendering_anchors": 1,
      "branch_count": 0,
      "crossing_points": 0,
      "crossing_pair_incidents": 0,
      "crossed_edge_count": 0,
      "manhattan_length_px": 94.38,
      "horizontal_length_px": 94.38,
      "vertical_length_px": 0,
      "bends_total": 0,
      "bends_max_per_edge": 0,
      "split_rejoin": false
    },
    "pad_06:right": {
      "source": "pad_06",
      "source_port": "right",
      "edges": 1,
      "rendering_anchors": 1,
      "branch_count": 0,
      "crossing_points": 1,
      "crossing_pair_incidents": 1,
      "crossed_edge_count": 1,
      "manhattan_length_px": 94.38,
      "horizontal_length_px": 94.38,
      "vertical_length_px": 0,
      "bends_total": 0,
      "bends_max_per_edge": 0,
      "split_rejoin": false
    },
    "pad_07:right": {
      "source": "pad_07",
      "source_port": "right",
      "edges": 1,
      "rendering_anchors": 1,
      "branch_count": 0,
      "crossing_points": 0,
      "crossing_pair_incidents": 0,
      "crossed_edge_count": 0,
      "manhattan_length_px": 94.38,
      "horizontal_length_px": 94.38,
      "vertical_length_px": 0,
      "bends_total": 0,
      "bends_max_per_edge": 0,
      "split_rejoin": false
    },
    "public_from:right": {
      "source": "public_from",
      "source_port": "right",
      "edges": 6,
      "rendering_anchors": 1,
      "branch_count": 5,
      "crossing_points": 6,
      "crossing_pair_incidents": 18,
      "crossed_edge_count": 7,
      "manhattan_length_px": 3815.24,
      "horizontal_length_px": 1604.16,
      "vertical_length_px": 2211.08,
      "bends_total": 18,
      "bends_max_per_edge": 4,
      "split_rejoin": false
    },
    "public_gate:right": {
      "source": "public_gate",
      "source_port": "right",
      "edges": 5,
      "rendering_anchors": 3,
      "branch_count": 4,
      "crossing_points": 7,
      "crossing_pair_incidents": 16,
      "crossed_edge_count": 10,
      "manhattan_length_px": 2616.0302,
      "horizontal_length_px": 1395.99,
      "vertical_length_px": 1220.0402,
      "bends_total": 14,
      "bends_max_per_edge": 4,
      "split_rejoin": false
    },
    "public_source:right": {
      "source": "public_source",
      "source_port": "right",
      "edges": 5,
      "rendering_anchors": 1,
      "branch_count": 4,
      "crossing_points": 5,
      "crossing_pair_incidents": 13,
      "crossed_edge_count": 10,
      "manhattan_length_px": 3413.6504,
      "horizontal_length_px": 1307.61,
      "vertical_length_px": 2106.0404,
      "bends_total": 12,
      "bends_max_per_edge": 4,
      "split_rejoin": false
    },
    "sparse_00:right": {
      "source": "sparse_00",
      "source_port": "right",
      "edges": 1,
      "rendering_anchors": 1,
      "branch_count": 0,
      "crossing_points": 0,
      "crossing_pair_incidents": 0,
      "crossed_edge_count": 0,
      "manhattan_length_px": 54.15,
      "horizontal_length_px": 54.15,
      "vertical_length_px": 0,
      "bends_total": 0,
      "bends_max_per_edge": 0,
      "split_rejoin": false
    },
    "sparse_01:right": {
      "source": "sparse_01",
      "source_port": "right",
      "edges": 1,
      "rendering_anchors": 1,
      "branch_count": 0,
      "crossing_points": 0,
      "crossing_pair_incidents": 0,
      "crossed_edge_count": 0,
      "manhattan_length_px": 48.15,
      "horizontal_length_px": 48.15,
      "vertical_length_px": 0,
      "bends_total": 0,
      "bends_max_per_edge": 0,
      "split_rejoin": false
    },
    "sparse_02:right": {
      "source": "sparse_02",
      "source_port": "right",
      "edges": 1,
      "rendering_anchors": 1,
      "branch_count": 0,
      "crossing_points": 0,
      "crossing_pair_incidents": 0,
      "crossed_edge_count": 0,
      "manhattan_length_px": 66.15,
      "horizontal_length_px": 66.15,
      "vertical_length_px": 0,
      "bends_total": 0,
      "bends_max_per_edge": 0,
      "split_rejoin": false
    },
    "sparse_03:right": {
      "source": "sparse_03",
      "source_port": "right",
      "edges": 1,
      "rendering_anchors": 1,
      "branch_count": 0,
      "crossing_points": 0,
      "crossing_pair_incidents": 0,
      "crossed_edge_count": 0,
      "manhattan_length_px": 72.15,
      "horizontal_length_px": 72.15,
      "vertical_length_px": 0,
      "bends_total": 0,
      "bends_max_per_edge": 0,
      "split_rejoin": false
    },
    "sparse_04:right": {
      "source": "sparse_04",
      "source_port": "right",
      "edges": 1,
      "rendering_anchors": 1,
      "branch_count": 0,
      "crossing_points": 0,
      "crossing_pair_incidents": 0,
      "crossed_edge_count": 0,
      "manhattan_length_px": 48.15,
      "horizontal_length_px": 48.15,
      "vertical_length_px": 0,
      "bends_total": 0,
      "bends_max_per_edge": 0,
      "split_rejoin": false
    },
    "sparse_05:right": {
      "source": "sparse_05",
      "source_port": "right",
      "edges": 1,
      "rendering_anchors": 1,
      "branch_count": 0,
      "crossing_points": 0,
      "crossing_pair_incidents": 0,
      "crossed_edge_count": 0,
      "manhattan_length_px": 66.15,
      "horizontal_length_px": 66.15,
      "vertical_length_px": 0,
      "bends_total": 0,
      "bends_max_per_edge": 0,
      "split_rejoin": false
    },
    "sparse_06:right": {
      "source": "sparse_06",
      "source_port": "right",
      "edges": 1,
      "rendering_anchors": 1,
      "branch_count": 0,
      "crossing_points": 0,
      "crossing_pair_incidents": 0,
      "crossed_edge_count": 0,
      "manhattan_length_px": 72.15,
      "horizontal_length_px": 72.15,
      "vertical_length_px": 0,
      "bends_total": 0,
      "bends_max_per_edge": 0,
      "split_rejoin": false
    },
    "sparse_07:right": {
      "source": "sparse_07",
      "source_port": "right",
      "edges": 1,
      "rendering_anchors": 1,
      "branch_count": 0,
      "crossing_points": 0,
      "crossing_pair_incidents": 0,
      "crossed_edge_count": 0,
      "manhattan_length_px": 48.15,
      "horizontal_length_px": 48.15,
      "vertical_length_px": 0,
      "bends_total": 0,
      "bends_max_per_edge": 0,
      "split_rejoin": false
    },
    "sparse_08:right": {
      "source": "sparse_08",
      "source_port": "right",
      "edges": 1,
      "rendering_anchors": 1,
      "branch_count": 0,
      "crossing_points": 0,
      "crossing_pair_incidents": 0,
      "crossed_edge_count": 0,
      "manhattan_length_px": 66.15,
      "horizontal_length_px": 66.15,
      "vertical_length_px": 0,
      "bends_total": 0,
      "bends_max_per_edge": 0,
      "split_rejoin": false
    },
    "sparse_09:right": {
      "source": "sparse_09",
      "source_port": "right",
      "edges": 1,
      "rendering_anchors": 1,
      "branch_count": 0,
      "crossing_points": 0,
      "crossing_pair_incidents": 0,
      "crossed_edge_count": 0,
      "manhattan_length_px": 72.15,
      "horizontal_length_px": 72.15,
      "vertical_length_px": 0,
      "bends_total": 0,
      "bends_max_per_edge": 0,
      "split_rejoin": false
    },
    "sparse_10:right": {
      "source": "sparse_10",
      "source_port": "right",
      "edges": 1,
      "rendering_anchors": 1,
      "branch_count": 0,
      "crossing_points": 0,
      "crossing_pair_incidents": 0,
      "crossed_edge_count": 0,
      "manhattan_length_px": 48.15,
      "horizontal_length_px": 48.15,
      "vertical_length_px": 0,
      "bends_total": 0,
      "bends_max_per_edge": 0,
      "split_rejoin": false
    },
    "sparse_11:right": {
      "source": "sparse_11",
      "source_port": "right",
      "edges": 1,
      "rendering_anchors": 1,
      "branch_count": 0,
      "crossing_points": 0,
      "crossing_pair_incidents": 0,
      "crossed_edge_count": 0,
      "manhattan_length_px": 48.15,
      "horizontal_length_px": 48.15,
      "vertical_length_px": 0,
      "bends_total": 0,
      "bends_max_per_edge": 0,
      "split_rejoin": false
    },
    "sparse_12:right": {
      "source": "sparse_12",
      "source_port": "right",
      "edges": 1,
      "rendering_anchors": 1,
      "branch_count": 0,
      "crossing_points": 0,
      "crossing_pair_incidents": 0,
      "crossed_edge_count": 0,
      "manhattan_length_px": 72.15,
      "horizontal_length_px": 72.15,
      "vertical_length_px": 0,
      "bends_total": 0,
      "bends_max_per_edge": 0,
      "split_rejoin": false
    },
    "sparse_13:right": {
      "source": "sparse_13",
      "source_port": "right",
      "edges": 1,
      "rendering_anchors": 1,
      "branch_count": 0,
      "crossing_points": 0,
      "crossing_pair_incidents": 0,
      "crossed_edge_count": 0,
      "manhattan_length_px": 48.15,
      "horizontal_length_px": 48.15,
      "vertical_length_px": 0,
      "bends_total": 0,
      "bends_max_per_edge": 0,
      "split_rejoin": false
    },
    "sparse_14:right": {
      "source": "sparse_14",
      "source_port": "right",
      "edges": 1,
      "rendering_anchors": 1,
      "branch_count": 0,
      "crossing_points": 0,
      "crossing_pair_incidents": 0,
      "crossed_edge_count": 0,
      "manhattan_length_px": 66.15,
      "horizontal_length_px": 66.15,
      "vertical_length_px": 0,
      "bends_total": 0,
      "bends_max_per_edge": 0,
      "split_rejoin": false
    },
    "sparse_15:right": {
      "source": "sparse_15",
      "source_port": "right",
      "edges": 1,
      "rendering_anchors": 1,
      "branch_count": 0,
      "crossing_points": 0,
      "crossing_pair_incidents": 0,
      "crossed_edge_count": 0,
      "manhattan_length_px": 72.15,
      "horizontal_length_px": 72.15,
      "vertical_length_px": 0,
      "bends_total": 0,
      "bends_max_per_edge": 0,
      "split_rejoin": false
    }
  },
  "edges": [
    {
      "edge_id": "svg-edge-0000",
      "source": "pad_02",
      "target": "mux_after_02",
      "source_port": "right",
      "target_port": "0",
      "points": [
        [
          362.0,
          146.0039
        ],
        [
          456.38,
          146.0039
        ]
      ],
      "segments": 1,
      "bends": 0,
      "manhattan_length_px": 94.38,
      "horizontal_length_px": 94.38,
      "vertical_length_px": 0,
      "max_vertical_segment_px": 0.0,
      "crossing_points": 0,
      "crossing_pair_incidents": 0,
      "crossed_edge_count": 0,
      "source_port_fanout": 1,
      "branch_siblings": 0
    },
    {
      "edge_id": "svg-edge-0001",
      "source": "sparse_09",
      "target": "pad_01",
      "source_port": "right",
      "target_port": "1",
      "points": [
        [
          265.85,
          1544.0363
        ],
        [
          338.0,
          1544.0363
        ]
      ],
      "segments": 1,
      "bends": 0,
      "manhattan_length_px": 72.15,
      "horizontal_length_px": 72.15,
      "vertical_length_px": 0,
      "max_vertical_segment_px": 0.0,
      "crossing_points": 0,
      "crossing_pair_incidents": 0,
      "crossed_edge_count": 0,
      "source_port_fanout": 1,
      "branch_siblings": 0
    },
    {
      "edge_id": "svg-edge-0002",
      "source": "public_from",
      "target": "pad_01",
      "source_port": "right",
      "target_port": "2",
      "points": [
        [
          129.83,
          1134.0147
        ],
        [
          197.66,
          1134.0147
        ],
        [
          197.66,
          1600.0377
        ],
        [
          338.0,
          1600.0377
        ]
      ],
      "segments": 3,
      "bends": 2,
      "manhattan_length_px": 674.193,
      "horizontal_length_px": 208.17,
      "vertical_length_px": 466.023,
      "max_vertical_segment_px": 466.023,
      "crossing_points": 2,
      "crossing_pair_incidents": 3,
      "crossed_edge_count": 3,
      "source_port_fanout": 6,
      "branch_siblings": 5
    },
    {
      "edge_id": "svg-edge-0003",
      "source": "pad_07",
      "target": "mux_after_07",
      "source_port": "right",
      "target_port": "0",
      "points": [
        [
          362.0,
          845.0147
        ],
        [
          456.38,
          845.0147
        ]
      ],
      "segments": 1,
      "bends": 0,
      "manhattan_length_px": 94.38,
      "horizontal_length_px": 94.38,
      "vertical_length_px": 0,
      "max_vertical_segment_px": 0.0,
      "crossing_points": 0,
      "crossing_pair_incidents": 0,
      "crossed_edge_count": 0,
      "source_port_fanout": 1,
      "branch_siblings": 0
    },
    {
      "edge_id": "svg-edge-0004",
      "source": "public_gate",
      "target": "mux_after_07",
      "source_port": "right",
      "target_port": "1",
      "points": [
        [
          129.83,
          901.0147
        ],
        [
          177.66,
          901.0147
        ],
        [
          177.66,
          958.0216
        ],
        [
          403.96,
          958.0216
        ],
        [
          403.96,
          901.0147
        ],
        [
          456.38,
          901.0147
        ]
      ],
      "segments": 5,
      "bends": 4,
      "manhattan_length_px": 440.5638,
      "horizontal_length_px": 326.55,
      "vertical_length_px": 114.0138,
      "max_vertical_segment_px": 57.0069,
      "crossing_points": 2,
      "crossing_pair_incidents": 4,
      "crossed_edge_count": 4,
      "source_port_fanout": 5,
      "branch_siblings": 4
    },
    {
      "edge_id": "svg-edge-0005",
      "source": "mux_after_04",
      "target": "clock_04",
      "source_port": "right",
      "target_port": "left",
      "points": [
        [
          480.38,
          1339.0255
        ],
        [
          563.58,
          1339.0255
        ]
      ],
      "segments": 1,
      "bends": 0,
      "manhattan_length_px": 83.2,
      "horizontal_length_px": 83.2,
      "vertical_length_px": 0,
      "max_vertical_segment_px": 0.0,
      "crossing_points": 0,
      "crossing_pair_incidents": 0,
      "crossed_edge_count": 0,
      "source_port_fanout": 1,
      "branch_siblings": 0
    },
    {
      "edge_id": "svg-edge-0006",
      "source": "pad_05",
      "target": "mux_after_05",
      "source_port": "right",
      "target_port": "0",
      "points": [
        [
          362.0,
          379.0039
        ],
        [
          456.38,
          379.0039
        ]
      ],
      "segments": 1,
      "bends": 0,
      "manhattan_length_px": 94.38,
      "horizontal_length_px": 94.38,
      "vertical_length_px": 0,
      "max_vertical_segment_px": 0.0,
      "crossing_points": 0,
      "crossing_pair_incidents": 0,
      "crossed_edge_count": 0,
      "source_port_fanout": 1,
      "branch_siblings": 0
    },
    {
      "edge_id": "svg-edge-0007",
      "source": "public_source",
      "target": "mux_after_05",
      "source_port": "right",
      "target_port": "1",
      "points": [
        [
          123.83,
          556.0025
        ],
        [
          187.66,
          556.0025
        ],
        [
          187.66,
          492.0108
        ],
        [
          393.96,
          492.0108
        ],
        [
          393.96,
          435.0039
        ],
        [
          456.38,
          435.0039
        ]
      ],
      "segments": 5,
      "bends": 4,
      "manhattan_length_px": 453.5486,
      "horizontal_length_px": 332.55,
      "vertical_length_px": 120.9986,
      "max_vertical_segment_px": 63.9917,
      "crossing_points": 0,
      "crossing_pair_incidents": 0,
      "crossed_edge_count": 0,
      "source_port_fanout": 5,
      "branch_siblings": 4
    },
    {
      "edge_id": "svg-edge-0008",
      "source": "pad_03",
      "target": "mux_after_03",
      "source_port": "right",
      "target_port": "0",
      "points": [
        [
          362.0,
          612.0039
        ],
        [
          456.38,
          612.0039
        ]
      ],
      "segments": 1,
      "bends": 0,
      "manhattan_length_px": 94.38,
      "horizontal_length_px": 94.38,
      "vertical_length_px": 0,
      "max_vertical_segment_px": 0.0,
      "crossing_points": 0,
      "crossing_pair_incidents": 0,
      "crossed_edge_count": 0,
      "source_port_fanout": 1,
      "branch_siblings": 0
    },
    {
      "edge_id": "svg-edge-0009",
      "source": "public_from",
      "target": "mux_after_03",
      "source_port": "right",
      "target_port": "1",
      "points": [
        [
          129.83,
          1134.0147
        ],
        [
          197.66,
          1134.0147
        ],
        [
          197.66,
          725.0108
        ],
        [
          393.96,
          725.0108
        ],
        [
          393.96,
          668.0039
        ],
        [
          456.38,
          668.0039
        ]
      ],
      "segments": 5,
      "bends": 4,
      "manhattan_length_px": 792.5608,
      "horizontal_length_px": 326.55,
      "vertical_length_px": 466.0108,
      "max_vertical_segment_px": 409.0039,
      "crossing_points": 3,
      "crossing_pair_incidents": 3,
      "crossed_edge_count": 3,
      "source_port_fanout": 6,
      "branch_siblings": 5
    },
    {
      "edge_id": "svg-edge-0010",
      "source": "sparse_14",
      "target": "pad_07",
      "source_port": "right",
      "target_port": "0",
      "points": [
        [
          271.85,
          789.0133
        ],
        [
          338.0,
          789.0133
        ]
      ],
      "segments": 1,
      "bends": 0,
      "manhattan_length_px": 66.15,
      "horizontal_length_px": 66.15,
      "vertical_length_px": 0,
      "max_vertical_segment_px": 0.0,
      "crossing_points": 0,
      "crossing_pair_incidents": 0,
      "crossed_edge_count": 0,
      "source_port_fanout": 1,
      "branch_siblings": 0
    },
    {
      "edge_id": "svg-edge-0011",
      "source": "public_source",
      "target": "mux_after_02",
      "source_port": "right",
      "target_port": "1",
      "points": [
        [
          123.83,
          556.0025
        ],
        [
          187.66,
          556.0025
        ],
        [
          187.66,
          259.0108
        ],
        [
          393.96,
          259.0108
        ],
        [
          393.96,
          202.0039
        ],
        [
          456.38,
          202.0039
        ]
      ],
      "segments": 5,
      "bends": 4,
      "manhattan_length_px": 686.5486,
      "horizontal_length_px": 332.55,
      "vertical_length_px": 353.9986,
      "max_vertical_segment_px": 296.9917,
      "crossing_points": 1,
      "crossing_pair_incidents": 1,
      "crossed_edge_count": 1,
      "source_port_fanout": 5,
      "branch_siblings": 4
    },
    {
      "edge_id": "svg-edge-0012",
      "source": "sparse_05",
      "target": "pad_07",
      "source_port": "right",
      "target_port": "1",
      "points": [
        [
          271.85,
          845.0147
        ],
        [
          338.0,
          845.0147
        ]
      ],
      "segments": 1,
      "bends": 0,
      "manhattan_length_px": 66.15,
      "horizontal_length_px": 66.15,
      "vertical_length_px": 0,
      "max_vertical_segment_px": 0.0,
      "crossing_points": 0,
      "crossing_pair_incidents": 0,
      "crossed_edge_count": 0,
      "source_port_fanout": 1,
      "branch_siblings": 0
    },
    {
      "edge_id": "svg-edge-0013",
      "source": "public_from",
      "target": "pad_07",
      "source_port": "right",
      "target_port": "2",
      "points": [
        [
          129.83,
          1134.0147
        ],
        [
          197.66,
          1134.0147
        ],
        [
          197.66,
          901.0161
        ],
        [
          338.0,
          901.0161
        ]
      ],
      "segments": 3,
      "bends": 2,
      "manhattan_length_px": 441.1686,
      "horizontal_length_px": 208.17,
      "vertical_length_px": 232.9986,
      "max_vertical_segment_px": 232.9986,
      "crossing_points": 3,
      "crossing_pair_incidents": 3,
      "crossed_edge_count": 3,
      "source_port_fanout": 6,
      "branch_siblings": 5
    },
    {
      "edge_id": "svg-edge-0014",
      "source": "public_source",
      "target": "pad_06",
      "source_port": "right",
      "target_port": "0",
      "points": [
        [
          123.83,
          556.0025
        ],
        [
          187.66,
          556.0025
        ],
        [
          187.66,
          1721.0349
        ],
        [
          338.0,
          1721.0349
        ]
      ],
      "segments": 3,
      "bends": 2,
      "manhattan_length_px": 1379.2024,
      "horizontal_length_px": 214.17,
      "vertical_length_px": 1165.0324,
      "max_vertical_segment_px": 1165.0324,
      "crossing_points": 3,
      "crossing_pair_incidents": 9,
      "crossed_edge_count": 9,
      "source_port_fanout": 5,
      "branch_siblings": 4
    },
    {
      "edge_id": "svg-edge-0015",
      "source": "sparse_12",
      "target": "pad_06",
      "source_port": "right",
      "target_port": "1",
      "points": [
        [
          265.85,
          1777.0363
        ],
        [
          338.0,
          1777.0363
        ]
      ],
      "segments": 1,
      "bends": 0,
      "manhattan_length_px": 72.15,
      "horizontal_length_px": 72.15,
      "vertical_length_px": 0,
      "max_vertical_segment_px": 0.0,
      "crossing_points": 0,
      "crossing_pair_incidents": 0,
      "crossed_edge_count": 0,
      "source_port_fanout": 1,
      "branch_siblings": 0
    },
    {
      "edge_id": "svg-edge-0016",
      "source": "sparse_03",
      "target": "pad_06",
      "source_port": "right",
      "target_port": "2",
      "points": [
        [
          265.85,
          1833.0377
        ],
        [
          338.0,
          1833.0377
        ]
      ],
      "segments": 1,
      "bends": 0,
      "manhattan_length_px": 72.15,
      "horizontal_length_px": 72.15,
      "vertical_length_px": 0,
      "max_vertical_segment_px": 0.0,
      "crossing_points": 0,
      "crossing_pair_incidents": 0,
      "crossed_edge_count": 0,
      "source_port_fanout": 1,
      "branch_siblings": 0
    },
    {
      "edge_id": "svg-edge-0017",
      "source": "sparse_08",
      "target": "pad_04",
      "source_port": "right",
      "target_port": "0",
      "points": [
        [
          271.85,
          1255.0241
        ],
        [
          338.0,
          1255.0241
        ]
      ],
      "segments": 1,
      "bends": 0,
      "manhattan_length_px": 66.15,
      "horizontal_length_px": 66.15,
      "vertical_length_px": 0,
      "max_vertical_segment_px": 0.0,
      "crossing_points": 0,
      "crossing_pair_incidents": 0,
      "crossed_edge_count": 0,
      "source_port_fanout": 1,
      "branch_siblings": 0
    },
    {
      "edge_id": "svg-edge-0018",
      "source": "sparse_15",
      "target": "pad_04",
      "source_port": "right",
      "target_port": "1",
      "points": [
        [
          265.85,
          1311.0255
        ],
        [
          338.0,
          1311.0255
        ]
      ],
      "segments": 1,
      "bends": 0,
      "manhattan_length_px": 72.15,
      "horizontal_length_px": 72.15,
      "vertical_length_px": 0,
      "max_vertical_segment_px": 0.0,
      "crossing_points": 0,
      "crossing_pair_incidents": 0,
      "crossed_edge_count": 0,
      "source_port_fanout": 1,
      "branch_siblings": 0
    },
    {
      "edge_id": "svg-edge-0019",
      "source": "public_from",
      "target": "pad_04",
      "source_port": "right",
      "target_port": "2",
      "points": [
        [
          129.83,
          1134.0147
        ],
        [
          197.66,
          1134.0147
        ],
        [
          197.66,
          1367.0269
        ],
        [
          338.0,
          1367.0269
        ]
      ],
      "segments": 3,
      "bends": 2,
      "manhattan_length_px": 441.1822,
      "horizontal_length_px": 208.17,
      "vertical_length_px": 233.0122,
      "max_vertical_segment_px": 233.0122,
      "crossing_points": 2,
      "crossing_pair_incidents": 3,
      "crossed_edge_count": 3,
      "source_port_fanout": 6,
      "branch_siblings": 5
    },
    {
      "edge_id": "svg-edge-0020",
      "source": "mux_after_02",
      "target": "clock_02",
      "source_port": "right",
      "target_port": "left",
      "points": [
        [
          480.38,
          174.0039
        ],
        [
          563.58,
          174.0039
        ]
      ],
      "segments": 1,
      "bends": 0,
      "manhattan_length_px": 83.2,
      "horizontal_length_px": 83.2,
      "vertical_length_px": 0,
      "max_vertical_segment_px": 0.0,
      "crossing_points": 0,
      "crossing_pair_incidents": 0,
      "crossed_edge_count": 0,
      "source_port_fanout": 1,
      "branch_siblings": 0
    },
    {
      "edge_id": "svg-edge-0021",
      "source": "pad_06",
      "target": "mux_after_06",
      "source_port": "right",
      "target_port": "0",
      "points": [
        [
          362.0,
          1777.0363
        ],
        [
          456.38,
          1777.0363
        ]
      ],
      "segments": 1,
      "bends": 0,
      "manhattan_length_px": 94.38,
      "horizontal_length_px": 94.38,
      "vertical_length_px": 0,
      "max_vertical_segment_px": 0.0,
      "crossing_points": 1,
      "crossing_pair_incidents": 1,
      "crossed_edge_count": 1,
      "source_port_fanout": 1,
      "branch_siblings": 0
    },
    {
      "edge_id": "svg-edge-0022",
      "source": "mux_after_05",
      "target": "clock_05",
      "source_port": "right",
      "target_port": "left",
      "points": [
        [
          480.38,
          407.0039
        ],
        [
          563.58,
          407.0039
        ]
      ],
      "segments": 1,
      "bends": 0,
      "manhattan_length_px": 83.2,
      "horizontal_length_px": 83.2,
      "vertical_length_px": 0,
      "max_vertical_segment_px": 0.0,
      "crossing_points": 0,
      "crossing_pair_incidents": 0,
      "crossed_edge_count": 0,
      "source_port_fanout": 1,
      "branch_siblings": 0
    },
    {
      "edge_id": "svg-edge-0023",
      "source": "public_from",
      "target": "mux_after_06",
      "source_port": "right",
      "target_port": "1",
      "points": [
        [
          129.83,
          1134.0147
        ],
        [
          197.66,
          1134.0147
        ],
        [
          197.66,
          1440.0324
        ],
        [
          393.96,
          1440.0324
        ],
        [
          393.96,
          1833.0363
        ],
        [
          456.38,
          1833.0363
        ]
      ],
      "segments": 5,
      "bends": 4,
      "manhattan_length_px": 1025.5716,
      "horizontal_length_px": 326.55,
      "vertical_length_px": 699.0216,
      "max_vertical_segment_px": 393.0039,
      "crossing_points": 4,
      "crossing_pair_incidents": 5,
      "crossed_edge_count": 5,
      "source_port_fanout": 6,
      "branch_siblings": 5
    },
    {
      "edge_id": "svg-edge-0024",
      "source": "public_source",
      "target": "pad_03",
      "source_port": "right",
      "target_port": "0",
      "points": [
        [
          123.83,
          556.0025
        ],
        [
          338.0,
          556.0025
        ]
      ],
      "segments": 1,
      "bends": 0,
      "manhattan_length_px": 214.17,
      "horizontal_length_px": 214.17,
      "vertical_length_px": 0,
      "max_vertical_segment_px": 0.0,
      "crossing_points": 0,
      "crossing_pair_incidents": 0,
      "crossed_edge_count": 0,
      "source_port_fanout": 5,
      "branch_siblings": 4
    },
    {
      "edge_id": "svg-edge-0025",
      "source": "sparse_06",
      "target": "pad_03",
      "source_port": "right",
      "target_port": "1",
      "points": [
        [
          265.85,
          612.0039
        ],
        [
          338.0,
          612.0039
        ]
      ],
      "segments": 1,
      "bends": 0,
      "manhattan_length_px": 72.15,
      "horizontal_length_px": 72.15,
      "vertical_length_px": 0,
      "max_vertical_segment_px": 0.0,
      "crossing_points": 0,
      "crossing_pair_incidents": 0,
      "crossed_edge_count": 0,
      "source_port_fanout": 1,
      "branch_siblings": 0
    },
    {
      "edge_id": "svg-edge-0026",
      "source": "sparse_13",
      "target": "pad_03",
      "source_port": "right",
      "target_port": "2",
      "points": [
        [
          289.85,
          668.0053
        ],
        [
          338.0,
          668.0053
        ]
      ],
      "segments": 1,
      "bends": 0,
      "manhattan_length_px": 48.15,
      "horizontal_length_px": 48.15,
      "vertical_length_px": 0,
      "max_vertical_segment_px": 0.0,
      "crossing_points": 0,
      "crossing_pair_incidents": 0,
      "crossed_edge_count": 0,
      "source_port_fanout": 1,
      "branch_siblings": 0
    },
    {
      "edge_id": "svg-edge-0027",
      "source": "sparse_01",
      "target": "pad_05",
      "source_port": "right",
      "target_port": "0",
      "points": [
        [
          289.85,
          323.0025
        ],
        [
          338.0,
          323.0025
        ]
      ],
      "segments": 1,
      "bends": 0,
      "manhattan_length_px": 48.15,
      "horizontal_length_px": 48.15,
      "vertical_length_px": 0,
      "max_vertical_segment_px": 0.0,
      "crossing_points": 0,
      "crossing_pair_incidents": 0,
      "crossed_edge_count": 0,
      "source_port_fanout": 1,
      "branch_siblings": 0
    },
    {
      "edge_id": "svg-edge-0028",
      "source": "public_gate",
      "target": "pad_05",
      "source_port": "right",
      "target_port": "1",
      "points": [
        [
          129.83,
          146.0039
        ],
        [
          177.66,
          146.0039
        ],
        [
          177.66,
          379.0039
        ],
        [
          338.0,
          379.0039
        ]
      ],
      "segments": 3,
      "bends": 2,
      "manhattan_length_px": 441.17,
      "horizontal_length_px": 208.17,
      "vertical_length_px": 233.0,
      "max_vertical_segment_px": 233.0,
      "crossing_points": 1,
      "crossing_pair_incidents": 1,
      "crossed_edge_count": 1,
      "source_port_fanout": 5,
      "branch_siblings": 4
    },
    {
      "edge_id": "svg-edge-0029",
      "source": "sparse_10",
      "target": "pad_05",
      "source_port": "right",
      "target_port": "2",
      "points": [
        [
          289.85,
          435.0053
        ],
        [
          338.0,
          435.0053
        ]
      ],
      "segments": 1,
      "bends": 0,
      "manhattan_length_px": 48.15,
      "horizontal_length_px": 48.15,
      "vertical_length_px": 0,
      "max_vertical_segment_px": 0.0,
      "crossing_points": 0,
      "crossing_pair_incidents": 0,
      "crossed_edge_count": 0,
      "source_port_fanout": 1,
      "branch_siblings": 0
    },
    {
      "edge_id": "svg-edge-0030",
      "source": "mux_after_07",
      "target": "clock_07",
      "source_port": "right",
      "target_port": "left",
      "points": [
        [
          480.38,
          873.0147
        ],
        [
          563.58,
          873.0147
        ]
      ],
      "segments": 1,
      "bends": 0,
      "manhattan_length_px": 83.2,
      "horizontal_length_px": 83.2,
      "vertical_length_px": 0,
      "max_vertical_segment_px": 0.0,
      "crossing_points": 0,
      "crossing_pair_incidents": 0,
      "crossed_edge_count": 0,
      "source_port_fanout": 1,
      "branch_siblings": 0
    },
    {
      "edge_id": "svg-edge-0031",
      "source": "pad_00",
      "target": "mux_after_00",
      "source_port": "right",
      "target_port": "0",
      "points": [
        [
          362.0,
          1078.0147
        ],
        [
          456.38,
          1078.0147
        ]
      ],
      "segments": 1,
      "bends": 0,
      "manhattan_length_px": 94.38,
      "horizontal_length_px": 94.38,
      "vertical_length_px": 0,
      "max_vertical_segment_px": 0.0,
      "crossing_points": 0,
      "crossing_pair_incidents": 0,
      "crossed_edge_count": 0,
      "source_port_fanout": 1,
      "branch_siblings": 0
    },
    {
      "edge_id": "svg-edge-0032",
      "source": "public_from",
      "target": "mux_after_00",
      "source_port": "right",
      "target_port": "1",
      "points": [
        [
          129.83,
          1134.0147
        ],
        [
          197.66,
          1134.0147
        ],
        [
          197.66,
          1191.0216
        ],
        [
          393.96,
          1191.0216
        ],
        [
          393.96,
          1134.0147
        ],
        [
          456.38,
          1134.0147
        ]
      ],
      "segments": 5,
      "bends": 4,
      "manhattan_length_px": 440.5638,
      "horizontal_length_px": 326.55,
      "vertical_length_px": 114.0138,
      "max_vertical_segment_px": 57.0069,
      "crossing_points": 1,
      "crossing_pair_incidents": 1,
      "crossed_edge_count": 1,
      "source_port_fanout": 6,
      "branch_siblings": 5
    },
    {
      "edge_id": "svg-edge-0033",
      "source": "mux_after_03",
      "target": "clock_03",
      "source_port": "right",
      "target_port": "left",
      "points": [
        [
          480.38,
          640.0039
        ],
        [
          563.58,
          640.0039
        ]
      ],
      "segments": 1,
      "bends": 0,
      "manhattan_length_px": 83.2,
      "horizontal_length_px": 83.2,
      "vertical_length_px": 0,
      "max_vertical_segment_px": 0.0,
      "crossing_points": 0,
      "crossing_pair_incidents": 0,
      "crossed_edge_count": 0,
      "source_port_fanout": 1,
      "branch_siblings": 0
    },
    {
      "edge_id": "svg-edge-0034",
      "source": "sparse_11",
      "target": "pad_02",
      "source_port": "right",
      "target_port": "0",
      "points": [
        [
          289.85,
          90.0025
        ],
        [
          338.0,
          90.0025
        ]
      ],
      "segments": 1,
      "bends": 0,
      "manhattan_length_px": 48.15,
      "horizontal_length_px": 48.15,
      "vertical_length_px": 0,
      "max_vertical_segment_px": 0.0,
      "crossing_points": 0,
      "crossing_pair_incidents": 0,
      "crossed_edge_count": 0,
      "source_port_fanout": 1,
      "branch_siblings": 0
    },
    {
      "edge_id": "svg-edge-0035",
      "source": "public_gate",
      "target": "pad_02",
      "source_port": "right",
      "target_port": "1",
      "points": [
        [
          129.83,
          146.0039
        ],
        [
          338.0,
          146.0039
        ]
      ],
      "segments": 1,
      "bends": 0,
      "manhattan_length_px": 208.17,
      "horizontal_length_px": 208.17,
      "vertical_length_px": 0,
      "max_vertical_segment_px": 0.0,
      "crossing_points": 0,
      "crossing_pair_incidents": 0,
      "crossed_edge_count": 0,
      "source_port_fanout": 5,
      "branch_siblings": 4
    },
    {
      "edge_id": "svg-edge-0036",
      "source": "sparse_04",
      "target": "pad_02",
      "source_port": "right",
      "target_port": "2",
      "points": [
        [
          289.85,
          202.0053
        ],
        [
          338.0,
          202.0053
        ]
      ],
      "segments": 1,
      "bends": 0,
      "manhattan_length_px": 48.15,
      "horizontal_length_px": 48.15,
      "vertical_length_px": 0,
      "max_vertical_segment_px": 0.0,
      "crossing_points": 0,
      "crossing_pair_incidents": 0,
      "crossed_edge_count": 0,
      "source_port_fanout": 1,
      "branch_siblings": 0
    },
    {
      "edge_id": "svg-edge-0037",
      "source": "pad_04",
      "target": "mux_after_04",
      "source_port": "right",
      "target_port": "0",
      "points": [
        [
          362.0,
          1311.0255
        ],
        [
          456.38,
          1311.0255
        ]
      ],
      "segments": 1,
      "bends": 0,
      "manhattan_length_px": 94.38,
      "horizontal_length_px": 94.38,
      "vertical_length_px": 0,
      "max_vertical_segment_px": 0.0,
      "crossing_points": 1,
      "crossing_pair_incidents": 2,
      "crossed_edge_count": 2,
      "source_port_fanout": 1,
      "branch_siblings": 0
    },
    {
      "edge_id": "svg-edge-0038",
      "source": "public_gate",
      "target": "mux_after_04",
      "source_port": "right",
      "target_port": "1",
      "points": [
        [
          129.83,
          1367.0255
        ],
        [
          177.66,
          1367.0255
        ],
        [
          177.66,
          1207.0216
        ],
        [
          403.96,
          1207.0216
        ],
        [
          403.96,
          1367.0255
        ],
        [
          456.38,
          1367.0255
        ]
      ],
      "segments": 5,
      "bends": 4,
      "manhattan_length_px": 646.5578,
      "horizontal_length_px": 326.55,
      "vertical_length_px": 320.0078,
      "max_vertical_segment_px": 160.0039,
      "crossing_points": 3,
      "crossing_pair_incidents": 5,
      "crossed_edge_count": 5,
      "source_port_fanout": 5,
      "branch_siblings": 4
    },
    {
      "edge_id": "svg-edge-0039",
      "source": "mux_after_06",
      "target": "clock_06",
      "source_port": "right",
      "target_port": "left",
      "points": [
        [
          480.38,
          1805.0363
        ],
        [
          563.58,
          1805.0363
        ]
      ],
      "segments": 1,
      "bends": 0,
      "manhattan_length_px": 83.2,
      "horizontal_length_px": 83.2,
      "vertical_length_px": 0,
      "max_vertical_segment_px": 0.0,
      "crossing_points": 0,
      "crossing_pair_incidents": 0,
      "crossed_edge_count": 0,
      "source_port_fanout": 1,
      "branch_siblings": 0
    },
    {
      "edge_id": "svg-edge-0040",
      "source": "mux_after_01",
      "target": "clock_01",
      "source_port": "right",
      "target_port": "left",
      "points": [
        [
          480.38,
          1572.0363
        ],
        [
          563.58,
          1572.0363
        ]
      ],
      "segments": 1,
      "bends": 0,
      "manhattan_length_px": 83.2,
      "horizontal_length_px": 83.2,
      "vertical_length_px": 0,
      "max_vertical_segment_px": 0.0,
      "crossing_points": 0,
      "crossing_pair_incidents": 0,
      "crossed_edge_count": 0,
      "source_port_fanout": 1,
      "branch_siblings": 0
    },
    {
      "edge_id": "svg-edge-0041",
      "source": "pad_01",
      "target": "mux_after_01",
      "source_port": "right",
      "target_port": "0",
      "points": [
        [
          362.0,
          1544.0363
        ],
        [
          456.38,
          1544.0363
        ]
      ],
      "segments": 1,
      "bends": 0,
      "manhattan_length_px": 94.38,
      "horizontal_length_px": 94.38,
      "vertical_length_px": 0,
      "max_vertical_segment_px": 0.0,
      "crossing_points": 2,
      "crossing_pair_incidents": 2,
      "crossed_edge_count": 2,
      "source_port_fanout": 1,
      "branch_siblings": 0
    },
    {
      "edge_id": "svg-edge-0042",
      "source": "public_gate",
      "target": "mux_after_01",
      "source_port": "right",
      "target_port": "1",
      "points": [
        [
          129.83,
          1367.0255
        ],
        [
          177.66,
          1367.0255
        ],
        [
          177.66,
          1207.0216
        ],
        [
          403.96,
          1207.0216
        ],
        [
          403.96,
          1600.0363
        ],
        [
          456.38,
          1600.0363
        ]
      ],
      "segments": 5,
      "bends": 4,
      "manhattan_length_px": 879.5686,
      "horizontal_length_px": 326.55,
      "vertical_length_px": 553.0186,
      "max_vertical_segment_px": 393.0147,
      "crossing_points": 4,
      "crossing_pair_incidents": 6,
      "crossed_edge_count": 6,
      "source_port_fanout": 5,
      "branch_siblings": 4
    },
    {
      "edge_id": "svg-edge-0043",
      "source": "public_source",
      "target": "pad_00",
      "source_port": "right",
      "target_port": "0",
      "points": [
        [
          123.83,
          556.0025
        ],
        [
          187.66,
          556.0025
        ],
        [
          187.66,
          1022.0133
        ],
        [
          338.0,
          1022.0133
        ]
      ],
      "segments": 3,
      "bends": 2,
      "manhattan_length_px": 680.1808,
      "horizontal_length_px": 214.17,
      "vertical_length_px": 466.0108,
      "max_vertical_segment_px": 466.0108,
      "crossing_points": 2,
      "crossing_pair_incidents": 3,
      "crossed_edge_count": 3,
      "source_port_fanout": 5,
      "branch_siblings": 4
    },
    {
      "edge_id": "svg-edge-0044",
      "source": "sparse_00",
      "target": "pad_00",
      "source_port": "right",
      "target_port": "1",
      "points": [
        [
          283.85,
          1078.0147
        ],
        [
          338.0,
          1078.0147
        ]
      ],
      "segments": 1,
      "bends": 0,
      "manhattan_length_px": 54.15,
      "horizontal_length_px": 54.15,
      "vertical_length_px": 0,
      "max_vertical_segment_px": 0.0,
      "crossing_points": 0,
      "crossing_pair_incidents": 0,
      "crossed_edge_count": 0,
      "source_port_fanout": 1,
      "branch_siblings": 0
    },
    {
      "edge_id": "svg-edge-0045",
      "source": "sparse_07",
      "target": "pad_00",
      "source_port": "right",
      "target_port": "2",
      "points": [
        [
          289.85,
          1134.0161
        ],
        [
          338.0,
          1134.0161
        ]
      ],
      "segments": 1,
      "bends": 0,
      "manhattan_length_px": 48.15,
      "horizontal_length_px": 48.15,
      "vertical_length_px": 0,
      "max_vertical_segment_px": 0.0,
      "crossing_points": 0,
      "crossing_pair_incidents": 0,
      "crossed_edge_count": 0,
      "source_port_fanout": 1,
      "branch_siblings": 0
    },
    {
      "edge_id": "svg-edge-0046",
      "source": "mux_after_00",
      "target": "clock_00",
      "source_port": "right",
      "target_port": "left",
      "points": [
        [
          480.38,
          1106.0147
        ],
        [
          563.58,
          1106.0147
        ]
      ],
      "segments": 1,
      "bends": 0,
      "manhattan_length_px": 83.2,
      "horizontal_length_px": 83.2,
      "vertical_length_px": 0,
      "max_vertical_segment_px": 0.0,
      "crossing_points": 0,
      "crossing_pair_incidents": 0,
      "crossed_edge_count": 0,
      "source_port_fanout": 1,
      "branch_siblings": 0
    },
    {
      "edge_id": "svg-edge-0047",
      "source": "sparse_02",
      "target": "pad_01",
      "source_port": "right",
      "target_port": "0",
      "points": [
        [
          271.85,
          1488.0349
        ],
        [
          338.0,
          1488.0349
        ]
      ],
      "segments": 1,
      "bends": 0,
      "manhattan_length_px": 66.15,
      "horizontal_length_px": 66.15,
      "vertical_length_px": 0,
      "max_vertical_segment_px": 0.0,
      "crossing_points": 0,
      "crossing_pair_incidents": 0,
      "crossed_edge_count": 0,
      "source_port_fanout": 1,
      "branch_siblings": 0
    }
  ],
  "crossings": [
    {
      "point": [
        187.66,
        1134.0147
      ],
      "edges": [
        "svg-edge-0002",
        "svg-edge-0014"
      ],
      "segments": [
        0,
        1
      ]
    },
    {
      "point": [
        197.66,
        1207.0216
      ],
      "edges": [
        "svg-edge-0002",
        "svg-edge-0038"
      ],
      "segments": [
        1,
        2
      ]
    },
    {
      "point": [
        197.66,
        1207.0216
      ],
      "edges": [
        "svg-edge-0002",
        "svg-edge-0042"
      ],
      "segments": [
        1,
        2
      ]
    },
    {
      "point": [
        197.66,
        958.0216
      ],
      "edges": [
        "svg-edge-0004",
        "svg-edge-0009"
      ],
      "segments": [
        2,
        1
      ]
    },
    {
      "point": [
        197.66,
        958.0216
      ],
      "edges": [
        "svg-edge-0004",
        "svg-edge-0013"
      ],
      "segments": [
        2,
        1
      ]
    },
    {
      "point": [
        187.66,
        958.0216
      ],
      "edges": [
        "svg-edge-0004",
        "svg-edge-0014"
      ],
      "segments": [
        2,
        1
      ]
    },
    {
      "point": [
        187.66,
        958.0216
      ],
      "edges": [
        "svg-edge-0004",
        "svg-edge-0043"
      ],
      "segments": [
        2,
        1
      ]
    },
    {
      "point": [
        187.66,
        1134.0147
      ],
      "edges": [
        "svg-edge-0009",
        "svg-edge-0014"
      ],
      "segments": [
        0,
        1
      ]
    },
    {
      "point": [
        197.66,
        1022.0133
      ],
      "edges": [
        "svg-edge-0009",
        "svg-edge-0043"
      ],
      "segments": [
        1,
        2
      ]
    },
    {
      "point": [
        187.66,
        379.0039
      ],
      "edges": [
        "svg-edge-0011",
        "svg-edge-0028"
      ],
      "segments": [
        1,
        2
      ]
    },
    {
      "point": [
        187.66,
        1134.0147
      ],
      "edges": [
        "svg-edge-0013",
        "svg-edge-0014"
      ],
      "segments": [
        0,
        1
      ]
    },
    {
      "point": [
        197.66,
        1022.0133
      ],
      "edges": [
        "svg-edge-0013",
        "svg-edge-0043"
      ],
      "segments": [
        1,
        2
      ]
    },
    {
      "point": [
        187.66,
        1134.0147
      ],
      "edges": [
        "svg-edge-0014",
        "svg-edge-0019"
      ],
      "segments": [
        1,
        0
      ]
    },
    {
      "point": [
        187.66,
        1134.0147
      ],
      "edges": [
        "svg-edge-0014",
        "svg-edge-0023"
      ],
      "segments": [
        1,
        0
      ]
    },
    {
      "point": [
        187.66,
        1134.0147
      ],
      "edges": [
        "svg-edge-0014",
        "svg-edge-0032"
      ],
      "segments": [
        1,
        0
      ]
    },
    {
      "point": [
        187.66,
        1207.0216
      ],
      "edges": [
        "svg-edge-0014",
        "svg-edge-0038"
      ],
      "segments": [
        1,
        2
      ]
    },
    {
      "point": [
        187.66,
        1207.0216
      ],
      "edges": [
        "svg-edge-0014",
        "svg-edge-0042"
      ],
      "segments": [
        1,
        2
      ]
    },
    {
      "point": [
        197.66,
        1207.0216
      ],
      "edges": [
        "svg-edge-0019",
        "svg-edge-0038"
      ],
      "segments": [
        1,
        2
      ]
    },
    {
      "point": [
        197.66,
        1207.0216
      ],
      "edges": [
        "svg-edge-0019",
        "svg-edge-0042"
      ],
      "segments": [
        1,
        2
      ]
    },
    {
      "point": [
        393.96,
        1777.0363
      ],
      "edges": [
        "svg-edge-0021",
        "svg-edge-0023"
      ],
      "segments": [
        0,
        3
      ]
    },
    {
      "point": [
        197.66,
        1207.0216
      ],
      "edges": [
        "svg-edge-0023",
        "svg-edge-0038"
      ],
      "segments": [
        1,
        2
      ]
    },
    {
      "point": [
        393.96,
        1544.0363
      ],
      "edges": [
        "svg-edge-0023",
        "svg-edge-0041"
      ],
      "segments": [
        3,
        0
      ]
    },
    {
      "point": [
        197.66,
        1207.0216
      ],
      "edges": [
        "svg-edge-0023",
        "svg-edge-0042"
      ],
      "segments": [
        1,
        2
      ]
    },
    {
      "point": [
        403.96,
        1311.0255
      ],
      "edges": [
        "svg-edge-0037",
        "svg-edge-0038"
      ],
      "segments": [
        0,
        3
      ]
    },
    {
      "point": [
        403.96,
        1311.0255
      ],
      "edges": [
        "svg-edge-0037",
        "svg-edge-0042"
      ],
      "segments": [
        0,
        3
      ]
    },
    {
      "point": [
        403.96,
        1544.0363
      ],
      "edges": [
        "svg-edge-0041",
        "svg-edge-0042"
      ],
      "segments": [
        0,
        3
      ]
    }
  ],
  "overlaps": [],
  "witnesses": {
    "mixed_root_kinds": [
      "from",
      "gate",
      "source"
    ],
    "mixed_root_quality_failures": [],
    "split_rejoin_roots": [],
    "public_root_crossings": [],
    "low_use_left_crossing_roots": [],
    "root_relocation_witnesses": [],
    "avoidable_bend_edges": [],
    "port_order_inversions": []
  },
  "detected_issues": []
}
feedback layout oracle: symptom not observed: FB-ROOT-001
