{
  "schema_version": 1,
  "input": "24-single-source-rendering-alias.json",
  "svg": "output.svg",
  "totals": {
    "logical_nodes": 28,
    "rendered_nodes": 28,
    "logical_edges": 28,
    "rendered_edges": 28,
    "proper_crossing_events": 0,
    "distinct_crossing_points": 0,
    "different_net_overlaps": 0,
    "bends": 24,
    "manhattan_length_px": 9651.4594
  },
  "roots": {
    "shared_source": {
      "kind": "from",
      "outdegree": 2,
      "rendered_copies": 1
    }
  },
  "nodes": {
    "fanout_branch_00": {
      "kind": "gate",
      "incoming_edges": 1,
      "outgoing_edges": 1,
      "direct_downstream_nodes": 1,
      "source_port_nets": 1,
      "rendering_anchors": 1,
      "is_root": false,
      "is_terminal": false,
      "manhattan_length_px": 124.12,
      "bends_total": 0,
      "crossing_points": 0,
      "crossing_pair_incidents": 0,
      "crossed_edge_count": 0
    },
    "fanout_branch_01": {
      "kind": "gate",
      "incoming_edges": 1,
      "outgoing_edges": 1,
      "direct_downstream_nodes": 1,
      "source_port_nets": 1,
      "rendering_anchors": 1,
      "is_root": false,
      "is_terminal": false,
      "manhattan_length_px": 112.71,
      "bends_total": 0,
      "crossing_points": 0,
      "crossing_pair_incidents": 0,
      "crossed_edge_count": 0
    },
    "fanout_branch_02": {
      "kind": "gate",
      "incoming_edges": 1,
      "outgoing_edges": 1,
      "direct_downstream_nodes": 1,
      "source_port_nets": 1,
      "rendering_anchors": 1,
      "is_root": false,
      "is_terminal": false,
      "manhattan_length_px": 112.71,
      "bends_total": 0,
      "crossing_points": 0,
      "crossing_pair_incidents": 0,
      "crossed_edge_count": 0
    },
    "fanout_branch_03": {
      "kind": "gate",
      "incoming_edges": 1,
      "outgoing_edges": 1,
      "direct_downstream_nodes": 1,
      "source_port_nets": 1,
      "rendering_anchors": 1,
      "is_root": false,
      "is_terminal": false,
      "manhattan_length_px": 112.71,
      "bends_total": 0,
      "crossing_points": 0,
      "crossing_pair_incidents": 0,
      "crossed_edge_count": 0
    },
    "fanout_branch_04": {
      "kind": "gate",
      "incoming_edges": 1,
      "outgoing_edges": 1,
      "direct_downstream_nodes": 1,
      "source_port_nets": 1,
      "rendering_anchors": 1,
      "is_root": false,
      "is_terminal": false,
      "manhattan_length_px": 112.71,
      "bends_total": 0,
      "crossing_points": 0,
      "crossing_pair_incidents": 0,
      "crossed_edge_count": 0
    },
    "fanout_branch_05": {
      "kind": "gate",
      "incoming_edges": 1,
      "outgoing_edges": 1,
      "direct_downstream_nodes": 1,
      "source_port_nets": 1,
      "rendering_anchors": 1,
      "is_root": false,
      "is_terminal": false,
      "manhattan_length_px": 112.71,
      "bends_total": 0,
      "crossing_points": 0,
      "crossing_pair_incidents": 0,
      "crossed_edge_count": 0
    },
    "fanout_branch_06": {
      "kind": "gate",
      "incoming_edges": 1,
      "outgoing_edges": 1,
      "direct_downstream_nodes": 1,
      "source_port_nets": 1,
      "rendering_anchors": 1,
      "is_root": false,
      "is_terminal": false,
      "manhattan_length_px": 112.71,
      "bends_total": 0,
      "crossing_points": 0,
      "crossing_pair_incidents": 0,
      "crossed_edge_count": 0
    },
    "fanout_branch_07": {
      "kind": "gate",
      "incoming_edges": 1,
      "outgoing_edges": 1,
      "direct_downstream_nodes": 1,
      "source_port_nets": 1,
      "rendering_anchors": 1,
      "is_root": false,
      "is_terminal": false,
      "manhattan_length_px": 112.71,
      "bends_total": 0,
      "crossing_points": 0,
      "crossing_pair_incidents": 0,
      "crossed_edge_count": 0
    },
    "fanout_branch_08": {
      "kind": "gate",
      "incoming_edges": 1,
      "outgoing_edges": 1,
      "direct_downstream_nodes": 1,
      "source_port_nets": 1,
      "rendering_anchors": 1,
      "is_root": false,
      "is_terminal": false,
      "manhattan_length_px": 112.71,
      "bends_total": 0,
      "crossing_points": 0,
      "crossing_pair_incidents": 0,
      "crossed_edge_count": 0
    },
    "fanout_branch_09": {
      "kind": "gate",
      "incoming_edges": 1,
      "outgoing_edges": 1,
      "direct_downstream_nodes": 1,
      "source_port_nets": 1,
      "rendering_anchors": 1,
      "is_root": false,
      "is_terminal": false,
      "manhattan_length_px": 112.71,
      "bends_total": 0,
      "crossing_points": 0,
      "crossing_pair_incidents": 0,
      "crossed_edge_count": 0
    },
    "fanout_branch_10": {
      "kind": "gate",
      "incoming_edges": 1,
      "outgoing_edges": 1,
      "direct_downstream_nodes": 1,
      "source_port_nets": 1,
      "rendering_anchors": 1,
      "is_root": false,
      "is_terminal": false,
      "manhattan_length_px": 112.71,
      "bends_total": 0,
      "crossing_points": 0,
      "crossing_pair_incidents": 0,
      "crossed_edge_count": 0
    },
    "fanout_branch_11": {
      "kind": "gate",
      "incoming_edges": 1,
      "outgoing_edges": 1,
      "direct_downstream_nodes": 1,
      "source_port_nets": 1,
      "rendering_anchors": 1,
      "is_root": false,
      "is_terminal": false,
      "manhattan_length_px": 112.71,
      "bends_total": 0,
      "crossing_points": 0,
      "crossing_pair_incidents": 0,
      "crossed_edge_count": 0
    },
    "fanout_clock_00": {
      "kind": "clock",
      "incoming_edges": 1,
      "outgoing_edges": 0,
      "direct_downstream_nodes": 0,
      "source_port_nets": 0,
      "rendering_anchors": 1,
      "is_root": false,
      "is_terminal": true,
      "manhattan_length_px": 0,
      "bends_total": 0,
      "crossing_points": 0,
      "crossing_pair_incidents": 0,
      "crossed_edge_count": 0
    },
    "fanout_clock_01": {
      "kind": "clock",
      "incoming_edges": 1,
      "outgoing_edges": 0,
      "direct_downstream_nodes": 0,
      "source_port_nets": 0,
      "rendering_anchors": 1,
      "is_root": false,
      "is_terminal": true,
      "manhattan_length_px": 0,
      "bends_total": 0,
      "crossing_points": 0,
      "crossing_pair_incidents": 0,
      "crossed_edge_count": 0
    },
    "fanout_clock_02": {
      "kind": "clock",
      "incoming_edges": 1,
      "outgoing_edges": 0,
      "direct_downstream_nodes": 0,
      "source_port_nets": 0,
      "rendering_anchors": 1,
      "is_root": false,
      "is_terminal": true,
      "manhattan_length_px": 0,
      "bends_total": 0,
      "crossing_points": 0,
      "crossing_pair_incidents": 0,
      "crossed_edge_count": 0
    },
    "fanout_clock_03": {
      "kind": "clock",
      "incoming_edges": 1,
      "outgoing_edges": 0,
      "direct_downstream_nodes": 0,
      "source_port_nets": 0,
      "rendering_anchors": 1,
      "is_root": false,
      "is_terminal": true,
      "manhattan_length_px": 0,
      "bends_total": 0,
      "crossing_points": 0,
      "crossing_pair_incidents": 0,
      "crossed_edge_count": 0
    },
    "fanout_clock_04": {
      "kind": "clock",
      "incoming_edges": 1,
      "outgoing_edges": 0,
      "direct_downstream_nodes": 0,
      "source_port_nets": 0,
      "rendering_anchors": 1,
      "is_root": false,
      "is_terminal": true,
      "manhattan_length_px": 0,
      "bends_total": 0,
      "crossing_points": 0,
      "crossing_pair_incidents": 0,
      "crossed_edge_count": 0
    },
    "fanout_clock_05": {
      "kind": "clock",
      "incoming_edges": 1,
      "outgoing_edges": 0,
      "direct_downstream_nodes": 0,
      "source_port_nets": 0,
      "rendering_anchors": 1,
      "is_root": false,
      "is_terminal": true,
      "manhattan_length_px": 0,
      "bends_total": 0,
      "crossing_points": 0,
      "crossing_pair_incidents": 0,
      "crossed_edge_count": 0
    },
    "fanout_clock_06": {
      "kind": "clock",
      "incoming_edges": 1,
      "outgoing_edges": 0,
      "direct_downstream_nodes": 0,
      "source_port_nets": 0,
      "rendering_anchors": 1,
      "is_root": false,
      "is_terminal": true,
      "manhattan_length_px": 0,
      "bends_total": 0,
      "crossing_points": 0,
      "crossing_pair_incidents": 0,
      "crossed_edge_count": 0
    },
    "fanout_clock_07": {
      "kind": "clock",
      "incoming_edges": 1,
      "outgoing_edges": 0,
      "direct_downstream_nodes": 0,
      "source_port_nets": 0,
      "rendering_anchors": 1,
      "is_root": false,
      "is_terminal": true,
      "manhattan_length_px": 0,
      "bends_total": 0,
      "crossing_points": 0,
      "crossing_pair_incidents": 0,
      "crossed_edge_count": 0
    },
    "fanout_clock_08": {
      "kind": "clock",
      "incoming_edges": 1,
      "outgoing_edges": 0,
      "direct_downstream_nodes": 0,
      "source_port_nets": 0,
      "rendering_anchors": 1,
      "is_root": false,
      "is_terminal": true,
      "manhattan_length_px": 0,
      "bends_total": 0,
      "crossing_points": 0,
      "crossing_pair_incidents": 0,
      "crossed_edge_count": 0
    },
    "fanout_clock_09": {
      "kind": "clock",
      "incoming_edges": 1,
      "outgoing_edges": 0,
      "direct_downstream_nodes": 0,
      "source_port_nets": 0,
      "rendering_anchors": 1,
      "is_root": false,
      "is_terminal": true,
      "manhattan_length_px": 0,
      "bends_total": 0,
      "crossing_points": 0,
      "crossing_pair_incidents": 0,
      "crossed_edge_count": 0
    },
    "fanout_clock_10": {
      "kind": "clock",
      "incoming_edges": 1,
      "outgoing_edges": 0,
      "direct_downstream_nodes": 0,
      "source_port_nets": 0,
      "rendering_anchors": 1,
      "is_root": false,
      "is_terminal": true,
      "manhattan_length_px": 0,
      "bends_total": 0,
      "crossing_points": 0,
      "crossing_pair_incidents": 0,
      "crossed_edge_count": 0
    },
    "fanout_clock_11": {
      "kind": "clock",
      "incoming_edges": 1,
      "outgoing_edges": 0,
      "direct_downstream_nodes": 0,
      "source_port_nets": 0,
      "rendering_anchors": 1,
      "is_root": false,
      "is_terminal": true,
      "manhattan_length_px": 0,
      "bends_total": 0,
      "crossing_points": 0,
      "crossing_pair_incidents": 0,
      "crossed_edge_count": 0
    },
    "fanout_hub": {
      "kind": "gate",
      "incoming_edges": 1,
      "outgoing_edges": 12,
      "direct_downstream_nodes": 12,
      "source_port_nets": 1,
      "rendering_anchors": 1,
      "is_root": false,
      "is_terminal": false,
      "manhattan_length_px": 7079.1849,
      "bends_total": 22,
      "crossing_points": 0,
      "crossing_pair_incidents": 0,
      "crossed_edge_count": 0
    },
    "near_gate": {
      "kind": "gate",
      "incoming_edges": 1,
      "outgoing_edges": 1,
      "direct_downstream_nodes": 1,
      "source_port_nets": 1,
      "rendering_anchors": 1,
      "is_root": false,
      "is_terminal": false,
      "manhattan_length_px": 124.12,
      "bends_total": 0,
      "crossing_points": 0,
      "crossing_pair_incidents": 0,
      "crossed_edge_count": 0
    },
    "near_merge": {
      "kind": "mux2",
      "incoming_edges": 2,
      "outgoing_edges": 1,
      "direct_downstream_nodes": 1,
      "source_port_nets": 1,
      "rendering_anchors": 1,
      "is_root": false,
      "is_terminal": false,
      "manhattan_length_px": 120.71,
      "bends_total": 0,
      "crossing_points": 0,
      "crossing_pair_incidents": 0,
      "crossed_edge_count": 0
    },
    "shared_source": {
      "kind": "from",
      "incoming_edges": 0,
      "outgoing_edges": 2,
      "direct_downstream_nodes": 2,
      "source_port_nets": 1,
      "rendering_anchors": 1,
      "is_root": true,
      "is_terminal": false,
      "manhattan_length_px": 963.5145,
      "bends_total": 2,
      "crossing_points": 0,
      "crossing_pair_incidents": 0,
      "crossed_edge_count": 0
    }
  },
  "networks": {
    "fanout_branch_00:right": {
      "source": "fanout_branch_00",
      "source_port": "right",
      "edges": 1,
      "rendering_anchors": 1,
      "branch_count": 0,
      "crossing_points": 0,
      "crossing_pair_incidents": 0,
      "crossed_edge_count": 0,
      "manhattan_length_px": 124.12,
      "horizontal_length_px": 124.12,
      "vertical_length_px": 0,
      "bends_total": 0,
      "bends_max_per_edge": 0,
      "split_rejoin": false
    },
    "fanout_branch_01:right": {
      "source": "fanout_branch_01",
      "source_port": "right",
      "edges": 1,
      "rendering_anchors": 1,
      "branch_count": 0,
      "crossing_points": 0,
      "crossing_pair_incidents": 0,
      "crossed_edge_count": 0,
      "manhattan_length_px": 112.71,
      "horizontal_length_px": 112.71,
      "vertical_length_px": 0,
      "bends_total": 0,
      "bends_max_per_edge": 0,
      "split_rejoin": false
    },
    "fanout_branch_02:right": {
      "source": "fanout_branch_02",
      "source_port": "right",
      "edges": 1,
      "rendering_anchors": 1,
      "branch_count": 0,
      "crossing_points": 0,
      "crossing_pair_incidents": 0,
      "crossed_edge_count": 0,
      "manhattan_length_px": 112.71,
      "horizontal_length_px": 112.71,
      "vertical_length_px": 0,
      "bends_total": 0,
      "bends_max_per_edge": 0,
      "split_rejoin": false
    },
    "fanout_branch_03:right": {
      "source": "fanout_branch_03",
      "source_port": "right",
      "edges": 1,
      "rendering_anchors": 1,
      "branch_count": 0,
      "crossing_points": 0,
      "crossing_pair_incidents": 0,
      "crossed_edge_count": 0,
      "manhattan_length_px": 112.71,
      "horizontal_length_px": 112.71,
      "vertical_length_px": 0,
      "bends_total": 0,
      "bends_max_per_edge": 0,
      "split_rejoin": false
    },
    "fanout_branch_04:right": {
      "source": "fanout_branch_04",
      "source_port": "right",
      "edges": 1,
      "rendering_anchors": 1,
      "branch_count": 0,
      "crossing_points": 0,
      "crossing_pair_incidents": 0,
      "crossed_edge_count": 0,
      "manhattan_length_px": 112.71,
      "horizontal_length_px": 112.71,
      "vertical_length_px": 0,
      "bends_total": 0,
      "bends_max_per_edge": 0,
      "split_rejoin": false
    },
    "fanout_branch_05:right": {
      "source": "fanout_branch_05",
      "source_port": "right",
      "edges": 1,
      "rendering_anchors": 1,
      "branch_count": 0,
      "crossing_points": 0,
      "crossing_pair_incidents": 0,
      "crossed_edge_count": 0,
      "manhattan_length_px": 112.71,
      "horizontal_length_px": 112.71,
      "vertical_length_px": 0,
      "bends_total": 0,
      "bends_max_per_edge": 0,
      "split_rejoin": false
    },
    "fanout_branch_06:right": {
      "source": "fanout_branch_06",
      "source_port": "right",
      "edges": 1,
      "rendering_anchors": 1,
      "branch_count": 0,
      "crossing_points": 0,
      "crossing_pair_incidents": 0,
      "crossed_edge_count": 0,
      "manhattan_length_px": 112.71,
      "horizontal_length_px": 112.71,
      "vertical_length_px": 0,
      "bends_total": 0,
      "bends_max_per_edge": 0,
      "split_rejoin": false
    },
    "fanout_branch_07:right": {
      "source": "fanout_branch_07",
      "source_port": "right",
      "edges": 1,
      "rendering_anchors": 1,
      "branch_count": 0,
      "crossing_points": 0,
      "crossing_pair_incidents": 0,
      "crossed_edge_count": 0,
      "manhattan_length_px": 112.71,
      "horizontal_length_px": 112.71,
      "vertical_length_px": 0,
      "bends_total": 0,
      "bends_max_per_edge": 0,
      "split_rejoin": false
    },
    "fanout_branch_08:right": {
      "source": "fanout_branch_08",
      "source_port": "right",
      "edges": 1,
      "rendering_anchors": 1,
      "branch_count": 0,
      "crossing_points": 0,
      "crossing_pair_incidents": 0,
      "crossed_edge_count": 0,
      "manhattan_length_px": 112.71,
      "horizontal_length_px": 112.71,
      "vertical_length_px": 0,
      "bends_total": 0,
      "bends_max_per_edge": 0,
      "split_rejoin": false
    },
    "fanout_branch_09:right": {
      "source": "fanout_branch_09",
      "source_port": "right",
      "edges": 1,
      "rendering_anchors": 1,
      "branch_count": 0,
      "crossing_points": 0,
      "crossing_pair_incidents": 0,
      "crossed_edge_count": 0,
      "manhattan_length_px": 112.71,
      "horizontal_length_px": 112.71,
      "vertical_length_px": 0,
      "bends_total": 0,
      "bends_max_per_edge": 0,
      "split_rejoin": false
    },
    "fanout_branch_10:right": {
      "source": "fanout_branch_10",
      "source_port": "right",
      "edges": 1,
      "rendering_anchors": 1,
      "branch_count": 0,
      "crossing_points": 0,
      "crossing_pair_incidents": 0,
      "crossed_edge_count": 0,
      "manhattan_length_px": 112.71,
      "horizontal_length_px": 112.71,
      "vertical_length_px": 0,
      "bends_total": 0,
      "bends_max_per_edge": 0,
      "split_rejoin": false
    },
    "fanout_branch_11:right": {
      "source": "fanout_branch_11",
      "source_port": "right",
      "edges": 1,
      "rendering_anchors": 1,
      "branch_count": 0,
      "crossing_points": 0,
      "crossing_pair_incidents": 0,
      "crossed_edge_count": 0,
      "manhattan_length_px": 112.71,
      "horizontal_length_px": 112.71,
      "vertical_length_px": 0,
      "bends_total": 0,
      "bends_max_per_edge": 0,
      "split_rejoin": false
    },
    "fanout_hub:right": {
      "source": "fanout_hub",
      "source_port": "right",
      "edges": 12,
      "rendering_anchors": 1,
      "branch_count": 11,
      "crossing_points": 0,
      "crossing_pair_incidents": 0,
      "crossed_edge_count": 0,
      "manhattan_length_px": 7079.1849,
      "horizontal_length_px": 2997.24,
      "vertical_length_px": 4081.9449,
      "bends_total": 22,
      "bends_max_per_edge": 2,
      "split_rejoin": false
    },
    "near_gate:right": {
      "source": "near_gate",
      "source_port": "right",
      "edges": 1,
      "rendering_anchors": 1,
      "branch_count": 0,
      "crossing_points": 0,
      "crossing_pair_incidents": 0,
      "crossed_edge_count": 0,
      "manhattan_length_px": 124.12,
      "horizontal_length_px": 124.12,
      "vertical_length_px": 0,
      "bends_total": 0,
      "bends_max_per_edge": 0,
      "split_rejoin": false
    },
    "near_merge:right": {
      "source": "near_merge",
      "source_port": "right",
      "edges": 1,
      "rendering_anchors": 1,
      "branch_count": 0,
      "crossing_points": 0,
      "crossing_pair_incidents": 0,
      "crossed_edge_count": 0,
      "manhattan_length_px": 120.71,
      "horizontal_length_px": 120.71,
      "vertical_length_px": 0,
      "bends_total": 0,
      "bends_max_per_edge": 0,
      "split_rejoin": false
    },
    "shared_source:right": {
      "source": "shared_source",
      "source_port": "right",
      "edges": 2,
      "rendering_anchors": 1,
      "branch_count": 1,
      "crossing_points": 0,
      "crossing_pair_incidents": 0,
      "crossed_edge_count": 0,
      "manhattan_length_px": 963.5145,
      "horizontal_length_px": 328.52,
      "vertical_length_px": 634.9945,
      "bends_total": 2,
      "bends_max_per_edge": 2,
      "split_rejoin": false
    }
  },
  "edges": [
    {
      "edge_id": "svg-edge-0000",
      "source": "shared_source",
      "target": "near_gate",
      "source_port": "right",
      "target_port": "left",
      "points": [
        [
          129.83,
          90.0025
        ],
        [
          361.92,
          90.0025
        ]
      ],
      "segments": 1,
      "bends": 0,
      "manhattan_length_px": 232.09,
      "horizontal_length_px": 232.09,
      "vertical_length_px": 0,
      "max_vertical_segment_px": 0.0,
      "crossing_points": 0,
      "crossing_pair_incidents": 0,
      "crossed_edge_count": 0,
      "source_port_fanout": 2,
      "branch_siblings": 1
    },
    {
      "edge_id": "svg-edge-0001",
      "source": "fanout_branch_02",
      "target": "fanout_clock_02",
      "source_port": "right",
      "target_port": "left",
      "points": [
        [
          547.04,
          386.0018
        ],
        [
          659.75,
          386.0018
        ]
      ],
      "segments": 1,
      "bends": 0,
      "manhattan_length_px": 112.71,
      "horizontal_length_px": 112.71,
      "vertical_length_px": 0,
      "max_vertical_segment_px": 0.0,
      "crossing_points": 0,
      "crossing_pair_incidents": 0,
      "crossed_edge_count": 0,
      "source_port_fanout": 1,
      "branch_siblings": 0
    },
    {
      "edge_id": "svg-edge-0002",
      "source": "fanout_hub",
      "target": "fanout_branch_03",
      "source_port": "right",
      "target_port": "left",
      "points": [
        [
          255.26,
          724.997
        ],
        [
          292.86,
          724.997
        ],
        [
          292.86,
          499.0002
        ],
        [
          518.04,
          499.0002
        ]
      ],
      "segments": 3,
      "bends": 2,
      "manhattan_length_px": 488.7768,
      "horizontal_length_px": 262.78,
      "vertical_length_px": 225.9968,
      "max_vertical_segment_px": 225.9968,
      "crossing_points": 0,
      "crossing_pair_incidents": 0,
      "crossed_edge_count": 0,
      "source_port_fanout": 12,
      "branch_siblings": 11
    },
    {
      "edge_id": "svg-edge-0003",
      "source": "fanout_branch_03",
      "target": "fanout_clock_03",
      "source_port": "right",
      "target_port": "left",
      "points": [
        [
          547.04,
          499.0002
        ],
        [
          659.75,
          499.0002
        ]
      ],
      "segments": 1,
      "bends": 0,
      "manhattan_length_px": 112.71,
      "horizontal_length_px": 112.71,
      "vertical_length_px": 0,
      "max_vertical_segment_px": 0.0,
      "crossing_points": 0,
      "crossing_pair_incidents": 0,
      "crossed_edge_count": 0,
      "source_port_fanout": 1,
      "branch_siblings": 0
    },
    {
      "edge_id": "svg-edge-0004",
      "source": "fanout_hub",
      "target": "fanout_branch_04",
      "source_port": "right",
      "target_port": "left",
      "points": [
        [
          255.26,
          724.997
        ],
        [
          292.86,
          724.997
        ],
        [
          292.86,
          611.9986
        ],
        [
          518.04,
          611.9986
        ]
      ],
      "segments": 3,
      "bends": 2,
      "manhattan_length_px": 375.7784,
      "horizontal_length_px": 262.78,
      "vertical_length_px": 112.9984,
      "max_vertical_segment_px": 112.9984,
      "crossing_points": 0,
      "crossing_pair_incidents": 0,
      "crossed_edge_count": 0,
      "source_port_fanout": 12,
      "branch_siblings": 11
    },
    {
      "edge_id": "svg-edge-0005",
      "source": "fanout_branch_04",
      "target": "fanout_clock_04",
      "source_port": "right",
      "target_port": "left",
      "points": [
        [
          547.04,
          611.9986
        ],
        [
          659.75,
          611.9986
        ]
      ],
      "segments": 1,
      "bends": 0,
      "manhattan_length_px": 112.71,
      "horizontal_length_px": 112.71,
      "vertical_length_px": 0,
      "max_vertical_segment_px": 0.0,
      "crossing_points": 0,
      "crossing_pair_incidents": 0,
      "crossed_edge_count": 0,
      "source_port_fanout": 1,
      "branch_siblings": 0
    },
    {
      "edge_id": "svg-edge-0006",
      "source": "fanout_hub",
      "target": "fanout_branch_05",
      "source_port": "right",
      "target_port": "left",
      "points": [
        [
          255.26,
          724.997
        ],
        [
          518.04,
          724.997
        ]
      ],
      "segments": 1,
      "bends": 0,
      "manhattan_length_px": 262.78,
      "horizontal_length_px": 262.78,
      "vertical_length_px": 0,
      "max_vertical_segment_px": 0.0,
      "crossing_points": 0,
      "crossing_pair_incidents": 0,
      "crossed_edge_count": 0,
      "source_port_fanout": 12,
      "branch_siblings": 11
    },
    {
      "edge_id": "svg-edge-0007",
      "source": "fanout_branch_05",
      "target": "fanout_clock_05",
      "source_port": "right",
      "target_port": "left",
      "points": [
        [
          547.04,
          724.997
        ],
        [
          659.75,
          724.997
        ]
      ],
      "segments": 1,
      "bends": 0,
      "manhattan_length_px": 112.71,
      "horizontal_length_px": 112.71,
      "vertical_length_px": 0,
      "max_vertical_segment_px": 0.0,
      "crossing_points": 0,
      "crossing_pair_incidents": 0,
      "crossed_edge_count": 0,
      "source_port_fanout": 1,
      "branch_siblings": 0
    },
    {
      "edge_id": "svg-edge-0008",
      "source": "fanout_hub",
      "target": "fanout_branch_06",
      "source_port": "right",
      "target_port": "left",
      "points": [
        [
          255.26,
          724.997
        ],
        [
          292.86,
          724.997
        ],
        [
          292.86,
          837.9954
        ],
        [
          518.04,
          837.9954
        ]
      ],
      "segments": 3,
      "bends": 2,
      "manhattan_length_px": 375.7784,
      "horizontal_length_px": 262.78,
      "vertical_length_px": 112.9984,
      "max_vertical_segment_px": 112.9984,
      "crossing_points": 0,
      "crossing_pair_incidents": 0,
      "crossed_edge_count": 0,
      "source_port_fanout": 12,
      "branch_siblings": 11
    },
    {
      "edge_id": "svg-edge-0009",
      "source": "fanout_branch_06",
      "target": "fanout_clock_06",
      "source_port": "right",
      "target_port": "left",
      "points": [
        [
          547.04,
          837.9954
        ],
        [
          659.75,
          837.9954
        ]
      ],
      "segments": 1,
      "bends": 0,
      "manhattan_length_px": 112.71,
      "horizontal_length_px": 112.71,
      "vertical_length_px": 0,
      "max_vertical_segment_px": 0.0,
      "crossing_points": 0,
      "crossing_pair_incidents": 0,
      "crossed_edge_count": 0,
      "source_port_fanout": 1,
      "branch_siblings": 0
    },
    {
      "edge_id": "svg-edge-0010",
      "source": "fanout_hub",
      "target": "fanout_branch_07",
      "source_port": "right",
      "target_port": "left",
      "points": [
        [
          255.26,
          724.997
        ],
        [
          292.86,
          724.997
        ],
        [
          292.86,
          950.9938
        ],
        [
          518.04,
          950.9938
        ]
      ],
      "segments": 3,
      "bends": 2,
      "manhattan_length_px": 488.7768,
      "horizontal_length_px": 262.78,
      "vertical_length_px": 225.9968,
      "max_vertical_segment_px": 225.9968,
      "crossing_points": 0,
      "crossing_pair_incidents": 0,
      "crossed_edge_count": 0,
      "source_port_fanout": 12,
      "branch_siblings": 11
    },
    {
      "edge_id": "svg-edge-0011",
      "source": "shared_source",
      "target": "fanout_hub",
      "source_port": "right",
      "target_port": "left",
      "points": [
        [
          129.83,
          90.0025
        ],
        [
          177.66,
          90.0025
        ],
        [
          177.66,
          724.997
        ],
        [
          226.26,
          724.997
        ]
      ],
      "segments": 3,
      "bends": 2,
      "manhattan_length_px": 731.4245,
      "horizontal_length_px": 96.43,
      "vertical_length_px": 634.9945,
      "max_vertical_segment_px": 634.9945,
      "crossing_points": 0,
      "crossing_pair_incidents": 0,
      "crossed_edge_count": 0,
      "source_port_fanout": 2,
      "branch_siblings": 1
    },
    {
      "edge_id": "svg-edge-0012",
      "source": "fanout_branch_07",
      "target": "fanout_clock_07",
      "source_port": "right",
      "target_port": "left",
      "points": [
        [
          547.04,
          950.9938
        ],
        [
          659.75,
          950.9938
        ]
      ],
      "segments": 1,
      "bends": 0,
      "manhattan_length_px": 112.71,
      "horizontal_length_px": 112.71,
      "vertical_length_px": 0,
      "max_vertical_segment_px": 0.0,
      "crossing_points": 0,
      "crossing_pair_incidents": 0,
      "crossed_edge_count": 0,
      "source_port_fanout": 1,
      "branch_siblings": 0
    },
    {
      "edge_id": "svg-edge-0013",
      "source": "fanout_hub",
      "target": "fanout_branch_08",
      "source_port": "right",
      "target_port": "left",
      "points": [
        [
          255.26,
          724.997
        ],
        [
          292.86,
          724.997
        ],
        [
          292.86,
          1063.9922
        ],
        [
          518.04,
          1063.9922
        ]
      ],
      "segments": 3,
      "bends": 2,
      "manhattan_length_px": 601.7752,
      "horizontal_length_px": 262.78,
      "vertical_length_px": 338.9952,
      "max_vertical_segment_px": 338.9952,
      "crossing_points": 0,
      "crossing_pair_incidents": 0,
      "crossed_edge_count": 0,
      "source_port_fanout": 12,
      "branch_siblings": 11
    },
    {
      "edge_id": "svg-edge-0014",
      "source": "fanout_branch_08",
      "target": "fanout_clock_08",
      "source_port": "right",
      "target_port": "left",
      "points": [
        [
          547.04,
          1063.9922
        ],
        [
          659.75,
          1063.9922
        ]
      ],
      "segments": 1,
      "bends": 0,
      "manhattan_length_px": 112.71,
      "horizontal_length_px": 112.71,
      "vertical_length_px": 0,
      "max_vertical_segment_px": 0.0,
      "crossing_points": 0,
      "crossing_pair_incidents": 0,
      "crossed_edge_count": 0,
      "source_port_fanout": 1,
      "branch_siblings": 0
    },
    {
      "edge_id": "svg-edge-0015",
      "source": "fanout_hub",
      "target": "fanout_branch_09",
      "source_port": "right",
      "target_port": "left",
      "points": [
        [
          255.26,
          724.997
        ],
        [
          292.86,
          724.997
        ],
        [
          292.86,
          1176.9906
        ],
        [
          518.04,
          1176.9906
        ]
      ],
      "segments": 3,
      "bends": 2,
      "manhattan_length_px": 714.7736,
      "horizontal_length_px": 262.78,
      "vertical_length_px": 451.9936,
      "max_vertical_segment_px": 451.9936,
      "crossing_points": 0,
      "crossing_pair_incidents": 0,
      "crossed_edge_count": 0,
      "source_port_fanout": 12,
      "branch_siblings": 11
    },
    {
      "edge_id": "svg-edge-0016",
      "source": "fanout_branch_09",
      "target": "fanout_clock_09",
      "source_port": "right",
      "target_port": "left",
      "points": [
        [
          547.04,
          1176.9906
        ],
        [
          659.75,
          1176.9906
        ]
      ],
      "segments": 1,
      "bends": 0,
      "manhattan_length_px": 112.71,
      "horizontal_length_px": 112.71,
      "vertical_length_px": 0,
      "max_vertical_segment_px": 0.0,
      "crossing_points": 0,
      "crossing_pair_incidents": 0,
      "crossed_edge_count": 0,
      "source_port_fanout": 1,
      "branch_siblings": 0
    },
    {
      "edge_id": "svg-edge-0017",
      "source": "fanout_hub",
      "target": "fanout_branch_10",
      "source_port": "right",
      "target_port": "left",
      "points": [
        [
          255.26,
          724.997
        ],
        [
          292.86,
          724.997
        ],
        [
          292.86,
          1289.989
        ],
        [
          518.04,
          1289.989
        ]
      ],
      "segments": 3,
      "bends": 2,
      "manhattan_length_px": 827.772,
      "horizontal_length_px": 262.78,
      "vertical_length_px": 564.992,
      "max_vertical_segment_px": 564.992,
      "crossing_points": 0,
      "crossing_pair_incidents": 0,
      "crossed_edge_count": 0,
      "source_port_fanout": 12,
      "branch_siblings": 11
    },
    {
      "edge_id": "svg-edge-0018",
      "source": "fanout_branch_10",
      "target": "fanout_clock_10",
      "source_port": "right",
      "target_port": "left",
      "points": [
        [
          547.04,
          1289.989
        ],
        [
          659.75,
          1289.989
        ]
      ],
      "segments": 1,
      "bends": 0,
      "manhattan_length_px": 112.71,
      "horizontal_length_px": 112.71,
      "vertical_length_px": 0,
      "max_vertical_segment_px": 0.0,
      "crossing_points": 0,
      "crossing_pair_incidents": 0,
      "crossed_edge_count": 0,
      "source_port_fanout": 1,
      "branch_siblings": 0
    },
    {
      "edge_id": "svg-edge-0019",
      "source": "fanout_hub",
      "target": "fanout_branch_11",
      "source_port": "right",
      "target_port": "left",
      "points": [
        [
          255.26,
          724.997
        ],
        [
          292.86,
          724.997
        ],
        [
          292.86,
          1402.9874
        ],
        [
          518.04,
          1402.9874
        ]
      ],
      "segments": 3,
      "bends": 2,
      "manhattan_length_px": 940.7704,
      "horizontal_length_px": 262.78,
      "vertical_length_px": 677.9904,
      "max_vertical_segment_px": 677.9904,
      "crossing_points": 0,
      "crossing_pair_incidents": 0,
      "crossed_edge_count": 0,
      "source_port_fanout": 12,
      "branch_siblings": 11
    },
    {
      "edge_id": "svg-edge-0020",
      "source": "fanout_branch_11",
      "target": "fanout_clock_11",
      "source_port": "right",
      "target_port": "left",
      "points": [
        [
          547.04,
          1402.9874
        ],
        [
          659.75,
          1402.9874
        ]
      ],
      "segments": 1,
      "bends": 0,
      "manhattan_length_px": 112.71,
      "horizontal_length_px": 112.71,
      "vertical_length_px": 0,
      "max_vertical_segment_px": 0.0,
      "crossing_points": 0,
      "crossing_pair_incidents": 0,
      "crossed_edge_count": 0,
      "source_port_fanout": 1,
      "branch_siblings": 0
    },
    {
      "edge_id": "svg-edge-0021",
      "source": "fanout_hub",
      "target": "fanout_branch_00",
      "source_port": "right",
      "target_port": "left",
      "points": [
        [
          255.26,
          724.997
        ],
        [
          292.86,
          724.997
        ],
        [
          292.86,
          146.0025
        ],
        [
          361.92,
          146.0025
        ]
      ],
      "segments": 3,
      "bends": 2,
      "manhattan_length_px": 685.6545,
      "horizontal_length_px": 106.66,
      "vertical_length_px": 578.9945,
      "max_vertical_segment_px": 578.9945,
      "crossing_points": 0,
      "crossing_pair_incidents": 0,
      "crossed_edge_count": 0,
      "source_port_fanout": 12,
      "branch_siblings": 11
    },
    {
      "edge_id": "svg-edge-0022",
      "source": "near_gate",
      "target": "near_merge",
      "source_port": "right",
      "target_port": "0",
      "points": [
        [
          390.92,
          90.0025
        ],
        [
          515.04,
          90.0025
        ]
      ],
      "segments": 1,
      "bends": 0,
      "manhattan_length_px": 124.12,
      "horizontal_length_px": 124.12,
      "vertical_length_px": 0,
      "max_vertical_segment_px": 0.0,
      "crossing_points": 0,
      "crossing_pair_incidents": 0,
      "crossed_edge_count": 0,
      "source_port_fanout": 1,
      "branch_siblings": 0
    },
    {
      "edge_id": "svg-edge-0023",
      "source": "fanout_branch_00",
      "target": "near_merge",
      "source_port": "right",
      "target_port": "1",
      "points": [
        [
          390.92,
          146.0025
        ],
        [
          515.04,
          146.0025
        ]
      ],
      "segments": 1,
      "bends": 0,
      "manhattan_length_px": 124.12,
      "horizontal_length_px": 124.12,
      "vertical_length_px": 0,
      "max_vertical_segment_px": 0.0,
      "crossing_points": 0,
      "crossing_pair_incidents": 0,
      "crossed_edge_count": 0,
      "source_port_fanout": 1,
      "branch_siblings": 0
    },
    {
      "edge_id": "svg-edge-0024",
      "source": "near_merge",
      "target": "fanout_clock_00",
      "source_port": "right",
      "target_port": "left",
      "points": [
        [
          539.04,
          118.0025
        ],
        [
          659.75,
          118.0025
        ]
      ],
      "segments": 1,
      "bends": 0,
      "manhattan_length_px": 120.71,
      "horizontal_length_px": 120.71,
      "vertical_length_px": 0,
      "max_vertical_segment_px": 0.0,
      "crossing_points": 0,
      "crossing_pair_incidents": 0,
      "crossed_edge_count": 0,
      "source_port_fanout": 1,
      "branch_siblings": 0
    },
    {
      "edge_id": "svg-edge-0025",
      "source": "fanout_hub",
      "target": "fanout_branch_01",
      "source_port": "right",
      "target_port": "left",
      "points": [
        [
          255.26,
          724.997
        ],
        [
          292.86,
          724.997
        ],
        [
          292.86,
          273.0034
        ],
        [
          518.04,
          273.0034
        ]
      ],
      "segments": 3,
      "bends": 2,
      "manhattan_length_px": 714.7736,
      "horizontal_length_px": 262.78,
      "vertical_length_px": 451.9936,
      "max_vertical_segment_px": 451.9936,
      "crossing_points": 0,
      "crossing_pair_incidents": 0,
      "crossed_edge_count": 0,
      "source_port_fanout": 12,
      "branch_siblings": 11
    },
    {
      "edge_id": "svg-edge-0026",
      "source": "fanout_branch_01",
      "target": "fanout_clock_01",
      "source_port": "right",
      "target_port": "left",
      "points": [
        [
          547.04,
          273.0034
        ],
        [
          659.75,
          273.0034
        ]
      ],
      "segments": 1,
      "bends": 0,
      "manhattan_length_px": 112.71,
      "horizontal_length_px": 112.71,
      "vertical_length_px": 0,
      "max_vertical_segment_px": 0.0,
      "crossing_points": 0,
      "crossing_pair_incidents": 0,
      "crossed_edge_count": 0,
      "source_port_fanout": 1,
      "branch_siblings": 0
    },
    {
      "edge_id": "svg-edge-0027",
      "source": "fanout_hub",
      "target": "fanout_branch_02",
      "source_port": "right",
      "target_port": "left",
      "points": [
        [
          255.26,
          724.997
        ],
        [
          292.86,
          724.997
        ],
        [
          292.86,
          386.0018
        ],
        [
          518.04,
          386.0018
        ]
      ],
      "segments": 3,
      "bends": 2,
      "manhattan_length_px": 601.7752,
      "horizontal_length_px": 262.78,
      "vertical_length_px": 338.9952,
      "max_vertical_segment_px": 338.9952,
      "crossing_points": 0,
      "crossing_pair_incidents": 0,
      "crossed_edge_count": 0,
      "source_port_fanout": 12,
      "branch_siblings": 11
    }
  ],
  "crossings": [],
  "overlaps": [],
  "annotation_quality": {
    "expected": 0,
    "rendered": 0,
    "missing": [],
    "unexpected": [],
    "duplicates": [],
    "text_mismatches": [],
    "line_mismatches": [],
    "profile_counts": {},
    "profiles_present": [],
    "annotation_overlaps": [],
    "node_overlaps": [],
    "edge_intersections": [],
    "outside_viewport": [],
    "owner_distances_px": {},
    "too_far": [],
    "decorative_elements": 0,
    "failure_count": 0
  },
  "witnesses": {
    "mixed_root_kinds": [
      "from"
    ],
    "mixed_root_quality_failures": [],
    "split_rejoin_roots": [],
    "public_root_crossings": [],
    "low_use_left_crossing_roots": [],
    "root_relocation_witnesses": [],
    "avoidable_bend_edges": [],
    "port_order_inversions": [],
    "root_facility_split_witnesses": [
      {
        "root": "shared_source",
        "edge_id": "svg-edge-0011",
        "anchor_edges_before": 2,
        "crossing_points_before": 0,
        "crossing_points_after": 0,
        "crossing_events_before": 0,
        "crossing_events_after": 0,
        "bends_before": 2,
        "bends_after": 0,
        "length_before": 731.4245,
        "length_after": 15.75,
        "root_ink_before": 915.6845,
        "root_ink_after": 247.84,
        "display_cost_before": 1189.4245,
        "display_cost_after": 795.32,
        "candidate_anchor": [
          170.51,
          710.9958
        ]
      }
    ],
    "premature_interior_trunk_entry_witnesses": [],
    "physical_anchor_relocation_witnesses": [],
    "vertical_root_facility_bend_witnesses": [],
    "root_facility_column_lag_witnesses": [],
    "crossing_free_intervals": {
      "svg-edge-0000": [
        {
          "kind": "whole",
          "start": [
            129.83,
            90.0025
          ],
          "end": [
            361.92,
            90.0025
          ],
          "path_start_px": 0.0,
          "path_end_px": 232.09,
          "length_px": 232.09,
          "internal_bends": 0
        }
      ],
      "svg-edge-0001": [
        {
          "kind": "whole",
          "start": [
            547.04,
            386.0018
          ],
          "end": [
            659.75,
            386.0018
          ],
          "path_start_px": 0.0,
          "path_end_px": 112.71,
          "length_px": 112.71,
          "internal_bends": 0
        }
      ],
      "svg-edge-0002": [
        {
          "kind": "whole",
          "start": [
            255.26,
            724.997
          ],
          "end": [
            518.04,
            499.0002
          ],
          "path_start_px": 0.0,
          "path_end_px": 488.7768,
          "length_px": 488.7768,
          "internal_bends": 2
        }
      ],
      "svg-edge-0003": [
        {
          "kind": "whole",
          "start": [
            547.04,
            499.0002
          ],
          "end": [
            659.75,
            499.0002
          ],
          "path_start_px": 0.0,
          "path_end_px": 112.71,
          "length_px": 112.71,
          "internal_bends": 0
        }
      ],
      "svg-edge-0004": [
        {
          "kind": "whole",
          "start": [
            255.26,
            724.997
          ],
          "end": [
            518.04,
            611.9986
          ],
          "path_start_px": 0.0,
          "path_end_px": 375.7784,
          "length_px": 375.7784,
          "internal_bends": 2
        }
      ],
      "svg-edge-0005": [
        {
          "kind": "whole",
          "start": [
            547.04,
            611.9986
          ],
          "end": [
            659.75,
            611.9986
          ],
          "path_start_px": 0.0,
          "path_end_px": 112.71,
          "length_px": 112.71,
          "internal_bends": 0
        }
      ],
      "svg-edge-0006": [
        {
          "kind": "whole",
          "start": [
            255.26,
            724.997
          ],
          "end": [
            518.04,
            724.997
          ],
          "path_start_px": 0.0,
          "path_end_px": 262.78,
          "length_px": 262.78,
          "internal_bends": 0
        }
      ],
      "svg-edge-0007": [
        {
          "kind": "whole",
          "start": [
            547.04,
            724.997
          ],
          "end": [
            659.75,
            724.997
          ],
          "path_start_px": 0.0,
          "path_end_px": 112.71,
          "length_px": 112.71,
          "internal_bends": 0
        }
      ],
      "svg-edge-0008": [
        {
          "kind": "whole",
          "start": [
            255.26,
            724.997
          ],
          "end": [
            518.04,
            837.9954
          ],
          "path_start_px": 0.0,
          "path_end_px": 375.7784,
          "length_px": 375.7784,
          "internal_bends": 2
        }
      ],
      "svg-edge-0009": [
        {
          "kind": "whole",
          "start": [
            547.04,
            837.9954
          ],
          "end": [
            659.75,
            837.9954
          ],
          "path_start_px": 0.0,
          "path_end_px": 112.71,
          "length_px": 112.71,
          "internal_bends": 0
        }
      ],
      "svg-edge-0010": [
        {
          "kind": "whole",
          "start": [
            255.26,
            724.997
          ],
          "end": [
            518.04,
            950.9938
          ],
          "path_start_px": 0.0,
          "path_end_px": 488.7768,
          "length_px": 488.7768,
          "internal_bends": 2
        }
      ],
      "svg-edge-0011": [
        {
          "kind": "whole",
          "start": [
            129.83,
            90.0025
          ],
          "end": [
            226.26,
            724.997
          ],
          "path_start_px": 0.0,
          "path_end_px": 731.4245,
          "length_px": 731.4245,
          "internal_bends": 2
        }
      ],
      "svg-edge-0012": [
        {
          "kind": "whole",
          "start": [
            547.04,
            950.9938
          ],
          "end": [
            659.75,
            950.9938
          ],
          "path_start_px": 0.0,
          "path_end_px": 112.71,
          "length_px": 112.71,
          "internal_bends": 0
        }
      ],
      "svg-edge-0013": [
        {
          "kind": "whole",
          "start": [
            255.26,
            724.997
          ],
          "end": [
            518.04,
            1063.9922
          ],
          "path_start_px": 0.0,
          "path_end_px": 601.7752,
          "length_px": 601.7752,
          "internal_bends": 2
        }
      ],
      "svg-edge-0014": [
        {
          "kind": "whole",
          "start": [
            547.04,
            1063.9922
          ],
          "end": [
            659.75,
            1063.9922
          ],
          "path_start_px": 0.0,
          "path_end_px": 112.71,
          "length_px": 112.71,
          "internal_bends": 0
        }
      ],
      "svg-edge-0015": [
        {
          "kind": "whole",
          "start": [
            255.26,
            724.997
          ],
          "end": [
            518.04,
            1176.9906
          ],
          "path_start_px": 0.0,
          "path_end_px": 714.7736,
          "length_px": 714.7736,
          "internal_bends": 2
        }
      ],
      "svg-edge-0016": [
        {
          "kind": "whole",
          "start": [
            547.04,
            1176.9906
          ],
          "end": [
            659.75,
            1176.9906
          ],
          "path_start_px": 0.0,
          "path_end_px": 112.71,
          "length_px": 112.71,
          "internal_bends": 0
        }
      ],
      "svg-edge-0017": [
        {
          "kind": "whole",
          "start": [
            255.26,
            724.997
          ],
          "end": [
            518.04,
            1289.989
          ],
          "path_start_px": 0.0,
          "path_end_px": 827.772,
          "length_px": 827.772,
          "internal_bends": 2
        }
      ],
      "svg-edge-0018": [
        {
          "kind": "whole",
          "start": [
            547.04,
            1289.989
          ],
          "end": [
            659.75,
            1289.989
          ],
          "path_start_px": 0.0,
          "path_end_px": 112.71,
          "length_px": 112.71,
          "internal_bends": 0
        }
      ],
      "svg-edge-0019": [
        {
          "kind": "whole",
          "start": [
            255.26,
            724.997
          ],
          "end": [
            518.04,
            1402.9874
          ],
          "path_start_px": 0.0,
          "path_end_px": 940.7704,
          "length_px": 940.7704,
          "internal_bends": 2
        }
      ],
      "svg-edge-0020": [
        {
          "kind": "whole",
          "start": [
            547.04,
            1402.9874
          ],
          "end": [
            659.75,
            1402.9874
          ],
          "path_start_px": 0.0,
          "path_end_px": 112.71,
          "length_px": 112.71,
          "internal_bends": 0
        }
      ],
      "svg-edge-0021": [
        {
          "kind": "whole",
          "start": [
            255.26,
            724.997
          ],
          "end": [
            361.92,
            146.0025
          ],
          "path_start_px": 0.0,
          "path_end_px": 685.6545,
          "length_px": 685.6545,
          "internal_bends": 2
        }
      ],
      "svg-edge-0022": [
        {
          "kind": "whole",
          "start": [
            390.92,
            90.0025
          ],
          "end": [
            515.04,
            90.0025
          ],
          "path_start_px": 0.0,
          "path_end_px": 124.12,
          "length_px": 124.12,
          "internal_bends": 0
        }
      ],
      "svg-edge-0023": [
        {
          "kind": "whole",
          "start": [
            390.92,
            146.0025
          ],
          "end": [
            515.04,
            146.0025
          ],
          "path_start_px": 0.0,
          "path_end_px": 124.12,
          "length_px": 124.12,
          "internal_bends": 0
        }
      ],
      "svg-edge-0024": [
        {
          "kind": "whole",
          "start": [
            539.04,
            118.0025
          ],
          "end": [
            659.75,
            118.0025
          ],
          "path_start_px": 0.0,
          "path_end_px": 120.71,
          "length_px": 120.71,
          "internal_bends": 0
        }
      ],
      "svg-edge-0025": [
        {
          "kind": "whole",
          "start": [
            255.26,
            724.997
          ],
          "end": [
            518.04,
            273.0034
          ],
          "path_start_px": 0.0,
          "path_end_px": 714.7736,
          "length_px": 714.7736,
          "internal_bends": 2
        }
      ],
      "svg-edge-0026": [
        {
          "kind": "whole",
          "start": [
            547.04,
            273.0034
          ],
          "end": [
            659.75,
            273.0034
          ],
          "path_start_px": 0.0,
          "path_end_px": 112.71,
          "length_px": 112.71,
          "internal_bends": 0
        }
      ],
      "svg-edge-0027": [
        {
          "kind": "whole",
          "start": [
            255.26,
            724.997
          ],
          "end": [
            518.04,
            386.0018
          ],
          "path_start_px": 0.0,
          "path_end_px": 601.7752,
          "length_px": 601.7752,
          "internal_bends": 2
        }
      ]
    },
    "downstream_corridor_tail_bend_witnesses": [],
    "adjacent_root_height_bend_witnesses": [],
    "mergeable_root_facility_witnesses": [],
    "regular_fanout_array_replication_witnesses": [],
    "shared_root_bus_fragmentation_witnesses": [],
    "root_fanout_axis_dominance_witnesses": [],
    "direct_root_fanin_column_witnesses": [],
    "raw_direct_root_fanin_column_witnesses": [],
    "feasible_direct_root_fanin_column_witnesses": [],
    "root_first_column_witnesses": []
  },
  "detected_issues": [
    "FB-ROUTE-009",
    "FB-ROOT-022"
  ]
}
