{
  "schema_version": 1,
  "input": "pad-r08-s00.json",
  "svg": "output.svg",
  "totals": {
    "logical_nodes": 43,
    "rendered_nodes": 43,
    "logical_edges": 48,
    "rendered_edges": 48,
    "proper_crossing_events": 87,
    "distinct_crossing_points": 48,
    "different_net_overlaps": 0,
    "bends": 46,
    "manhattan_length_px": 12440.1454
  },
  "roots": {
    "public_from": {
      "kind": "from",
      "outdegree": 6,
      "rendered_copies": 1
    },
    "public_gate": {
      "kind": "gate",
      "outdegree": 5,
      "rendered_copies": 1
    },
    "public_source": {
      "kind": "source",
      "outdegree": 5,
      "rendered_copies": 1
    },
    "sparse_00": {
      "kind": "source",
      "outdegree": 1,
      "rendered_copies": 1
    },
    "sparse_01": {
      "kind": "from",
      "outdegree": 1,
      "rendered_copies": 1
    },
    "sparse_02": {
      "kind": "gate",
      "outdegree": 1,
      "rendered_copies": 1
    },
    "sparse_03": {
      "kind": "source",
      "outdegree": 1,
      "rendered_copies": 1
    },
    "sparse_04": {
      "kind": "from",
      "outdegree": 1,
      "rendered_copies": 1
    },
    "sparse_05": {
      "kind": "gate",
      "outdegree": 1,
      "rendered_copies": 1
    },
    "sparse_06": {
      "kind": "source",
      "outdegree": 1,
      "rendered_copies": 1
    },
    "sparse_07": {
      "kind": "from",
      "outdegree": 1,
      "rendered_copies": 1
    },
    "sparse_08": {
      "kind": "gate",
      "outdegree": 1,
      "rendered_copies": 1
    },
    "sparse_09": {
      "kind": "source",
      "outdegree": 1,
      "rendered_copies": 1
    },
    "sparse_10": {
      "kind": "from",
      "outdegree": 1,
      "rendered_copies": 1
    },
    "sparse_11": {
      "kind": "gate",
      "outdegree": 1,
      "rendered_copies": 1
    },
    "sparse_12": {
      "kind": "source",
      "outdegree": 1,
      "rendered_copies": 1
    },
    "sparse_13": {
      "kind": "from",
      "outdegree": 1,
      "rendered_copies": 1
    },
    "sparse_14": {
      "kind": "gate",
      "outdegree": 1,
      "rendered_copies": 1
    },
    "sparse_15": {
      "kind": "source",
      "outdegree": 1,
      "rendered_copies": 1
    }
  },
  "edges": [
    {
      "edge_id": "svg-edge-0000",
      "source": "pad_02",
      "target": "mux_after_02",
      "target_port": "0",
      "points": [
        [
          253.62,
          146.0039
        ],
        [
          348.0,
          146.0039
        ]
      ],
      "segments": 1,
      "bends": 0,
      "manhattan_length_px": 94.38,
      "crossing_pair_incidents": 0
    },
    {
      "edge_id": "svg-edge-0001",
      "source": "sparse_09",
      "target": "pad_01",
      "target_port": "1",
      "points": [
        [
          123.83,
          1544.0363
        ],
        [
          229.62,
          1544.0363
        ]
      ],
      "segments": 1,
      "bends": 0,
      "manhattan_length_px": 105.79,
      "crossing_pair_incidents": 2
    },
    {
      "edge_id": "svg-edge-0002",
      "source": "public_from",
      "target": "pad_01",
      "target_port": "2",
      "points": [
        [
          129.83,
          1164.0161
        ],
        [
          197.66,
          1164.0161
        ],
        [
          197.66,
          1600.0377
        ],
        [
          229.62,
          1600.0377
        ]
      ],
      "segments": 3,
      "bends": 2,
      "manhattan_length_px": 535.8116,
      "crossing_pair_incidents": 7
    },
    {
      "edge_id": "svg-edge-0003",
      "source": "pad_07",
      "target": "mux_after_07",
      "target_port": "0",
      "points": [
        [
          253.62,
          845.0147
        ],
        [
          348.0,
          845.0147
        ]
      ],
      "segments": 1,
      "bends": 0,
      "manhattan_length_px": 94.38,
      "crossing_pair_incidents": 0
    },
    {
      "edge_id": "svg-edge-0004",
      "source": "public_gate",
      "target": "mux_after_07",
      "target_port": "1",
      "points": [
        [
          129.83,
          901.0147
        ],
        [
          177.66,
          901.0147
        ],
        [
          177.66,
          958.0216
        ],
        [
          295.58,
          958.0216
        ],
        [
          295.58,
          901.0147
        ],
        [
          348.0,
          901.0147
        ]
      ],
      "segments": 5,
      "bends": 4,
      "manhattan_length_px": 332.1838,
      "crossing_pair_incidents": 4
    },
    {
      "edge_id": "svg-edge-0005",
      "source": "mux_after_04",
      "target": "clock_04",
      "target_port": "left",
      "points": [
        [
          372.0,
          1339.0255
        ],
        [
          455.2,
          1339.0255
        ]
      ],
      "segments": 1,
      "bends": 0,
      "manhattan_length_px": 83.2,
      "crossing_pair_incidents": 0
    },
    {
      "edge_id": "svg-edge-0006",
      "source": "pad_05",
      "target": "mux_after_05",
      "target_port": "0",
      "points": [
        [
          253.62,
          379.0039
        ],
        [
          348.0,
          379.0039
        ]
      ],
      "segments": 1,
      "bends": 0,
      "manhattan_length_px": 94.38,
      "crossing_pair_incidents": 0
    },
    {
      "edge_id": "svg-edge-0007",
      "source": "public_source",
      "target": "mux_after_05",
      "target_port": "1",
      "points": [
        [
          123.83,
          556.0025
        ],
        [
          187.66,
          556.0025
        ],
        [
          187.66,
          492.0108
        ],
        [
          285.58,
          492.0108
        ],
        [
          285.58,
          435.0039
        ],
        [
          348.0,
          435.0039
        ]
      ],
      "segments": 5,
      "bends": 4,
      "manhattan_length_px": 345.1686,
      "crossing_pair_incidents": 2
    },
    {
      "edge_id": "svg-edge-0008",
      "source": "pad_03",
      "target": "mux_after_03",
      "target_port": "0",
      "points": [
        [
          253.62,
          612.0039
        ],
        [
          348.0,
          612.0039
        ]
      ],
      "segments": 1,
      "bends": 0,
      "manhattan_length_px": 94.38,
      "crossing_pair_incidents": 0
    },
    {
      "edge_id": "svg-edge-0009",
      "source": "public_from",
      "target": "mux_after_03",
      "target_port": "1",
      "points": [
        [
          129.83,
          1164.0161
        ],
        [
          197.66,
          1164.0161
        ],
        [
          197.66,
          725.0108
        ],
        [
          285.58,
          725.0108
        ],
        [
          285.58,
          668.0039
        ],
        [
          348.0,
          668.0039
        ]
      ],
      "segments": 5,
      "bends": 4,
      "manhattan_length_px": 714.1822,
      "crossing_pair_incidents": 9
    },
    {
      "edge_id": "svg-edge-0010",
      "source": "sparse_14",
      "target": "pad_07",
      "target_port": "0",
      "points": [
        [
          129.83,
          789.0133
        ],
        [
          229.62,
          789.0133
        ]
      ],
      "segments": 1,
      "bends": 0,
      "manhattan_length_px": 99.79,
      "crossing_pair_incidents": 5
    },
    {
      "edge_id": "svg-edge-0011",
      "source": "public_source",
      "target": "mux_after_02",
      "target_port": "1",
      "points": [
        [
          123.83,
          556.0025
        ],
        [
          187.66,
          556.0025
        ],
        [
          187.66,
          259.0108
        ],
        [
          285.58,
          259.0108
        ],
        [
          285.58,
          202.0039
        ],
        [
          348.0,
          202.0039
        ]
      ],
      "segments": 5,
      "bends": 4,
      "manhattan_length_px": 578.1686,
      "crossing_pair_incidents": 5
    },
    {
      "edge_id": "svg-edge-0012",
      "source": "sparse_05",
      "target": "pad_07",
      "target_port": "1",
      "points": [
        [
          129.83,
          845.0147
        ],
        [
          229.62,
          845.0147
        ]
      ],
      "segments": 1,
      "bends": 0,
      "manhattan_length_px": 99.79,
      "crossing_pair_incidents": 5
    },
    {
      "edge_id": "svg-edge-0013",
      "source": "public_from",
      "target": "pad_07",
      "target_port": "2",
      "points": [
        [
          129.83,
          1164.0161
        ],
        [
          197.66,
          1164.0161
        ],
        [
          197.66,
          901.0161
        ],
        [
          229.62,
          901.0161
        ]
      ],
      "segments": 3,
      "bends": 2,
      "manhattan_length_px": 362.79,
      "crossing_pair_incidents": 7
    },
    {
      "edge_id": "svg-edge-0014",
      "source": "public_source",
      "target": "pad_06",
      "target_port": "0",
      "points": [
        [
          123.83,
          556.0025
        ],
        [
          187.66,
          556.0025
        ],
        [
          187.66,
          1721.0349
        ],
        [
          229.62,
          1721.0349
        ]
      ],
      "segments": 3,
      "bends": 2,
      "manhattan_length_px": 1270.8224,
      "crossing_pair_incidents": 21
    },
    {
      "edge_id": "svg-edge-0015",
      "source": "sparse_12",
      "target": "pad_06",
      "target_port": "1",
      "points": [
        [
          123.83,
          1777.0363
        ],
        [
          229.62,
          1777.0363
        ]
      ],
      "segments": 1,
      "bends": 0,
      "manhattan_length_px": 105.79,
      "crossing_pair_incidents": 0
    },
    {
      "edge_id": "svg-edge-0016",
      "source": "sparse_03",
      "target": "pad_06",
      "target_port": "2",
      "points": [
        [
          123.83,
          1833.0377
        ],
        [
          229.62,
          1833.0377
        ]
      ],
      "segments": 1,
      "bends": 0,
      "manhattan_length_px": 105.79,
      "crossing_pair_incidents": 0
    },
    {
      "edge_id": "svg-edge-0017",
      "source": "sparse_08",
      "target": "pad_04",
      "target_port": "0",
      "points": [
        [
          129.83,
          1255.0241
        ],
        [
          229.62,
          1255.0241
        ]
      ],
      "segments": 1,
      "bends": 0,
      "manhattan_length_px": 99.79,
      "crossing_pair_incidents": 3
    },
    {
      "edge_id": "svg-edge-0018",
      "source": "sparse_15",
      "target": "pad_04",
      "target_port": "1",
      "points": [
        [
          123.83,
          1311.0255
        ],
        [
          229.62,
          1311.0255
        ]
      ],
      "segments": 1,
      "bends": 0,
      "manhattan_length_px": 105.79,
      "crossing_pair_incidents": 3
    },
    {
      "edge_id": "svg-edge-0019",
      "source": "public_from",
      "target": "pad_04",
      "target_port": "2",
      "points": [
        [
          129.83,
          1164.0161
        ],
        [
          197.66,
          1164.0161
        ],
        [
          197.66,
          1367.0269
        ],
        [
          229.62,
          1367.0269
        ]
      ],
      "segments": 3,
      "bends": 2,
      "manhattan_length_px": 302.8008,
      "crossing_pair_incidents": 5
    },
    {
      "edge_id": "svg-edge-0020",
      "source": "mux_after_02",
      "target": "clock_02",
      "target_port": "left",
      "points": [
        [
          372.0,
          174.0039
        ],
        [
          455.2,
          174.0039
        ]
      ],
      "segments": 1,
      "bends": 0,
      "manhattan_length_px": 83.2,
      "crossing_pair_incidents": 0
    },
    {
      "edge_id": "svg-edge-0021",
      "source": "pad_06",
      "target": "mux_after_06",
      "target_port": "0",
      "points": [
        [
          253.62,
          1777.0363
        ],
        [
          348.0,
          1777.0363
        ]
      ],
      "segments": 1,
      "bends": 0,
      "manhattan_length_px": 94.38,
      "crossing_pair_incidents": 1
    },
    {
      "edge_id": "svg-edge-0022",
      "source": "mux_after_05",
      "target": "clock_05",
      "target_port": "left",
      "points": [
        [
          372.0,
          407.0039
        ],
        [
          455.2,
          407.0039
        ]
      ],
      "segments": 1,
      "bends": 0,
      "manhattan_length_px": 83.2,
      "crossing_pair_incidents": 0
    },
    {
      "edge_id": "svg-edge-0023",
      "source": "public_from",
      "target": "mux_after_06",
      "target_port": "1",
      "points": [
        [
          129.83,
          1164.0161
        ],
        [
          197.66,
          1164.0161
        ],
        [
          197.66,
          1191.0216
        ],
        [
          285.58,
          1191.0216
        ],
        [
          285.58,
          1833.0363
        ],
        [
          348.0,
          1833.0363
        ]
      ],
      "segments": 5,
      "bends": 4,
      "manhattan_length_px": 887.1902,
      "crossing_pair_incidents": 6
    },
    {
      "edge_id": "svg-edge-0024",
      "source": "public_source",
      "target": "pad_03",
      "target_port": "0",
      "points": [
        [
          123.83,
          556.0025
        ],
        [
          229.62,
          556.0025
        ]
      ],
      "segments": 1,
      "bends": 0,
      "manhattan_length_px": 105.79,
      "crossing_pair_incidents": 2
    },
    {
      "edge_id": "svg-edge-0025",
      "source": "sparse_06",
      "target": "pad_03",
      "target_port": "1",
      "points": [
        [
          123.83,
          612.0039
        ],
        [
          229.62,
          612.0039
        ]
      ],
      "segments": 1,
      "bends": 0,
      "manhattan_length_px": 105.79,
      "crossing_pair_incidents": 4
    },
    {
      "edge_id": "svg-edge-0026",
      "source": "sparse_13",
      "target": "pad_03",
      "target_port": "2",
      "points": [
        [
          129.83,
          668.0053
        ],
        [
          229.62,
          668.0053
        ]
      ],
      "segments": 1,
      "bends": 0,
      "manhattan_length_px": 99.79,
      "crossing_pair_incidents": 4
    },
    {
      "edge_id": "svg-edge-0027",
      "source": "sparse_01",
      "target": "pad_05",
      "target_port": "0",
      "points": [
        [
          129.83,
          323.0025
        ],
        [
          229.62,
          323.0025
        ]
      ],
      "segments": 1,
      "bends": 0,
      "manhattan_length_px": 99.79,
      "crossing_pair_incidents": 2
    },
    {
      "edge_id": "svg-edge-0028",
      "source": "public_gate",
      "target": "pad_05",
      "target_port": "1",
      "points": [
        [
          129.83,
          901.0147
        ],
        [
          177.66,
          901.0147
        ],
        [
          177.66,
          379.0039
        ],
        [
          229.62,
          379.0039
        ]
      ],
      "segments": 3,
      "bends": 2,
      "manhattan_length_px": 621.8008,
      "crossing_pair_incidents": 11
    },
    {
      "edge_id": "svg-edge-0029",
      "source": "sparse_10",
      "target": "pad_05",
      "target_port": "2",
      "points": [
        [
          129.83,
          435.0053
        ],
        [
          229.62,
          435.0053
        ]
      ],
      "segments": 1,
      "bends": 0,
      "manhattan_length_px": 99.79,
      "crossing_pair_incidents": 3
    },
    {
      "edge_id": "svg-edge-0030",
      "source": "mux_after_07",
      "target": "clock_07",
      "target_port": "left",
      "points": [
        [
          372.0,
          873.0147
        ],
        [
          455.2,
          873.0147
        ]
      ],
      "segments": 1,
      "bends": 0,
      "manhattan_length_px": 83.2,
      "crossing_pair_incidents": 0
    },
    {
      "edge_id": "svg-edge-0031",
      "source": "pad_00",
      "target": "mux_after_00",
      "target_port": "0",
      "points": [
        [
          253.62,
          1078.0147
        ],
        [
          348.0,
          1078.0147
        ]
      ],
      "segments": 1,
      "bends": 0,
      "manhattan_length_px": 94.38,
      "crossing_pair_incidents": 1
    },
    {
      "edge_id": "svg-edge-0032",
      "source": "public_from",
      "target": "mux_after_00",
      "target_port": "1",
      "points": [
        [
          129.83,
          1164.0161
        ],
        [
          197.66,
          1164.0161
        ],
        [
          197.66,
          1191.0216
        ],
        [
          285.58,
          1191.0216
        ],
        [
          285.58,
          1134.0147
        ],
        [
          348.0,
          1134.0147
        ]
      ],
      "segments": 5,
      "bends": 4,
      "manhattan_length_px": 302.1824,
      "crossing_pair_incidents": 3
    },
    {
      "edge_id": "svg-edge-0033",
      "source": "mux_after_03",
      "target": "clock_03",
      "target_port": "left",
      "points": [
        [
          372.0,
          640.0039
        ],
        [
          455.2,
          640.0039
        ]
      ],
      "segments": 1,
      "bends": 0,
      "manhattan_length_px": 83.2,
      "crossing_pair_incidents": 0
    },
    {
      "edge_id": "svg-edge-0034",
      "source": "sparse_11",
      "target": "pad_02",
      "target_port": "0",
      "points": [
        [
          129.83,
          90.0025
        ],
        [
          229.62,
          90.0025
        ]
      ],
      "segments": 1,
      "bends": 0,
      "manhattan_length_px": 99.79,
      "crossing_pair_incidents": 0
    },
    {
      "edge_id": "svg-edge-0035",
      "source": "public_gate",
      "target": "pad_02",
      "target_port": "1",
      "points": [
        [
          129.83,
          901.0147
        ],
        [
          177.66,
          901.0147
        ],
        [
          177.66,
          146.0039
        ],
        [
          229.62,
          146.0039
        ]
      ],
      "segments": 3,
      "bends": 2,
      "manhattan_length_px": 854.8008,
      "crossing_pair_incidents": 12
    },
    {
      "edge_id": "svg-edge-0036",
      "source": "sparse_04",
      "target": "pad_02",
      "target_port": "2",
      "points": [
        [
          129.83,
          202.0053
        ],
        [
          229.62,
          202.0053
        ]
      ],
      "segments": 1,
      "bends": 0,
      "manhattan_length_px": 99.79,
      "crossing_pair_incidents": 1
    },
    {
      "edge_id": "svg-edge-0037",
      "source": "pad_04",
      "target": "mux_after_04",
      "target_port": "0",
      "points": [
        [
          253.62,
          1311.0255
        ],
        [
          348.0,
          1311.0255
        ]
      ],
      "segments": 1,
      "bends": 0,
      "manhattan_length_px": 94.38,
      "crossing_pair_incidents": 3
    },
    {
      "edge_id": "svg-edge-0038",
      "source": "public_gate",
      "target": "mux_after_04",
      "target_port": "1",
      "points": [
        [
          129.83,
          901.0147
        ],
        [
          177.66,
          901.0147
        ],
        [
          177.66,
          974.0216
        ],
        [
          295.58,
          974.0216
        ],
        [
          295.58,
          1367.0255
        ],
        [
          348.0,
          1367.0255
        ]
      ],
      "segments": 5,
      "bends": 4,
      "manhattan_length_px": 684.1808,
      "crossing_pair_incidents": 7
    },
    {
      "edge_id": "svg-edge-0039",
      "source": "mux_after_06",
      "target": "clock_06",
      "target_port": "left",
      "points": [
        [
          372.0,
          1805.0363
        ],
        [
          455.2,
          1805.0363
        ]
      ],
      "segments": 1,
      "bends": 0,
      "manhattan_length_px": 83.2,
      "crossing_pair_incidents": 0
    },
    {
      "edge_id": "svg-edge-0040",
      "source": "mux_after_01",
      "target": "clock_01",
      "target_port": "left",
      "points": [
        [
          372.0,
          1572.0363
        ],
        [
          455.2,
          1572.0363
        ]
      ],
      "segments": 1,
      "bends": 0,
      "manhattan_length_px": 83.2,
      "crossing_pair_incidents": 0
    },
    {
      "edge_id": "svg-edge-0041",
      "source": "pad_01",
      "target": "mux_after_01",
      "target_port": "0",
      "points": [
        [
          253.62,
          1544.0363
        ],
        [
          348.0,
          1544.0363
        ]
      ],
      "segments": 1,
      "bends": 0,
      "manhattan_length_px": 94.38,
      "crossing_pair_incidents": 2
    },
    {
      "edge_id": "svg-edge-0042",
      "source": "public_gate",
      "target": "mux_after_01",
      "target_port": "1",
      "points": [
        [
          129.83,
          901.0147
        ],
        [
          177.66,
          901.0147
        ],
        [
          177.66,
          1207.0324
        ],
        [
          295.58,
          1207.0324
        ],
        [
          295.58,
          1600.0363
        ],
        [
          348.0,
          1600.0363
        ]
      ],
      "segments": 5,
      "bends": 4,
      "manhattan_length_px": 917.1916,
      "crossing_pair_incidents": 14
    },
    {
      "edge_id": "svg-edge-0043",
      "source": "public_source",
      "target": "pad_00",
      "target_port": "0",
      "points": [
        [
          123.83,
          556.0025
        ],
        [
          187.66,
          556.0025
        ],
        [
          187.66,
          1022.0133
        ],
        [
          229.62,
          1022.0133
        ]
      ],
      "segments": 3,
      "bends": 2,
      "manhattan_length_px": 571.8008,
      "crossing_pair_incidents": 10
    },
    {
      "edge_id": "svg-edge-0044",
      "source": "sparse_00",
      "target": "pad_00",
      "target_port": "1",
      "points": [
        [
          123.83,
          1078.0147
        ],
        [
          229.62,
          1078.0147
        ]
      ],
      "segments": 1,
      "bends": 0,
      "manhattan_length_px": 105.79,
      "crossing_pair_incidents": 4
    },
    {
      "edge_id": "svg-edge-0045",
      "source": "sparse_07",
      "target": "pad_00",
      "target_port": "2",
      "points": [
        [
          129.83,
          1134.0161
        ],
        [
          229.62,
          1134.0161
        ]
      ],
      "segments": 1,
      "bends": 0,
      "manhattan_length_px": 99.79,
      "crossing_pair_incidents": 4
    },
    {
      "edge_id": "svg-edge-0046",
      "source": "mux_after_00",
      "target": "clock_00",
      "target_port": "left",
      "points": [
        [
          372.0,
          1106.0147
        ],
        [
          455.2,
          1106.0147
        ]
      ],
      "segments": 1,
      "bends": 0,
      "manhattan_length_px": 83.2,
      "crossing_pair_incidents": 0
    },
    {
      "edge_id": "svg-edge-0047",
      "source": "sparse_02",
      "target": "pad_01",
      "target_port": "0",
      "points": [
        [
          129.83,
          1488.0349
        ],
        [
          229.62,
          1488.0349
        ]
      ],
      "segments": 1,
      "bends": 0,
      "manhattan_length_px": 99.79,
      "crossing_pair_incidents": 2
    }
  ],
  "crossings": [
    {
      "point": [
        197.66,
        1544.0363
      ],
      "edges": [
        "svg-edge-0001",
        "svg-edge-0002"
      ],
      "segments": [
        0,
        1
      ]
    },
    {
      "point": [
        187.66,
        1544.0363
      ],
      "edges": [
        "svg-edge-0001",
        "svg-edge-0014"
      ],
      "segments": [
        0,
        1
      ]
    },
    {
      "point": [
        187.66,
        1164.0161
      ],
      "edges": [
        "svg-edge-0002",
        "svg-edge-0014"
      ],
      "segments": [
        0,
        1
      ]
    },
    {
      "point": [
        197.66,
        1255.0241
      ],
      "edges": [
        "svg-edge-0002",
        "svg-edge-0017"
      ],
      "segments": [
        1,
        0
      ]
    },
    {
      "point": [
        197.66,
        1311.0255
      ],
      "edges": [
        "svg-edge-0002",
        "svg-edge-0018"
      ],
      "segments": [
        1,
        0
      ]
    },
    {
      "point": [
        177.66,
        1164.0161
      ],
      "edges": [
        "svg-edge-0002",
        "svg-edge-0042"
      ],
      "segments": [
        0,
        1
      ]
    },
    {
      "point": [
        197.66,
        1207.0324
      ],
      "edges": [
        "svg-edge-0002",
        "svg-edge-0042"
      ],
      "segments": [
        1,
        2
      ]
    },
    {
      "point": [
        197.66,
        1488.0349
      ],
      "edges": [
        "svg-edge-0002",
        "svg-edge-0047"
      ],
      "segments": [
        1,
        0
      ]
    },
    {
      "point": [
        197.66,
        958.0216
      ],
      "edges": [
        "svg-edge-0004",
        "svg-edge-0009"
      ],
      "segments": [
        2,
        1
      ]
    },
    {
      "point": [
        197.66,
        958.0216
      ],
      "edges": [
        "svg-edge-0004",
        "svg-edge-0013"
      ],
      "segments": [
        2,
        1
      ]
    },
    {
      "point": [
        187.66,
        958.0216
      ],
      "edges": [
        "svg-edge-0004",
        "svg-edge-0014"
      ],
      "segments": [
        2,
        1
      ]
    },
    {
      "point": [
        187.66,
        958.0216
      ],
      "edges": [
        "svg-edge-0004",
        "svg-edge-0043"
      ],
      "segments": [
        2,
        1
      ]
    },
    {
      "point": [
        177.66,
        556.0025
      ],
      "edges": [
        "svg-edge-0007",
        "svg-edge-0028"
      ],
      "segments": [
        0,
        1
      ]
    },
    {
      "point": [
        177.66,
        556.0025
      ],
      "edges": [
        "svg-edge-0007",
        "svg-edge-0035"
      ],
      "segments": [
        0,
        1
      ]
    },
    {
      "point": [
        197.66,
        789.0133
      ],
      "edges": [
        "svg-edge-0009",
        "svg-edge-0010"
      ],
      "segments": [
        1,
        0
      ]
    },
    {
      "point": [
        197.66,
        845.0147
      ],
      "edges": [
        "svg-edge-0009",
        "svg-edge-0012"
      ],
      "segments": [
        1,
        0
      ]
    },
    {
      "point": [
        187.66,
        1164.0161
      ],
      "edges": [
        "svg-edge-0009",
        "svg-edge-0014"
      ],
      "segments": [
        0,
        1
      ]
    },
    {
      "point": [
        197.66,
        974.0216
      ],
      "edges": [
        "svg-edge-0009",
        "svg-edge-0038"
      ],
      "segments": [
        1,
        2
      ]
    },
    {
      "point": [
        177.66,
        1164.0161
      ],
      "edges": [
        "svg-edge-0009",
        "svg-edge-0042"
      ],
      "segments": [
        0,
        1
      ]
    },
    {
      "point": [
        197.66,
        1022.0133
      ],
      "edges": [
        "svg-edge-0009",
        "svg-edge-0043"
      ],
      "segments": [
        1,
        2
      ]
    },
    {
      "point": [
        197.66,
        1078.0147
      ],
      "edges": [
        "svg-edge-0009",
        "svg-edge-0044"
      ],
      "segments": [
        1,
        0
      ]
    },
    {
      "point": [
        197.66,
        1134.0161
      ],
      "edges": [
        "svg-edge-0009",
        "svg-edge-0045"
      ],
      "segments": [
        1,
        0
      ]
    },
    {
      "point": [
        187.66,
        789.0133
      ],
      "edges": [
        "svg-edge-0010",
        "svg-edge-0014"
      ],
      "segments": [
        0,
        1
      ]
    },
    {
      "point": [
        177.66,
        789.0133
      ],
      "edges": [
        "svg-edge-0010",
        "svg-edge-0028"
      ],
      "segments": [
        0,
        1
      ]
    },
    {
      "point": [
        177.66,
        789.0133
      ],
      "edges": [
        "svg-edge-0010",
        "svg-edge-0035"
      ],
      "segments": [
        0,
        1
      ]
    },
    {
      "point": [
        187.66,
        789.0133
      ],
      "edges": [
        "svg-edge-0010",
        "svg-edge-0043"
      ],
      "segments": [
        0,
        1
      ]
    },
    {
      "point": [
        187.66,
        323.0025
      ],
      "edges": [
        "svg-edge-0011",
        "svg-edge-0027"
      ],
      "segments": [
        1,
        0
      ]
    },
    {
      "point": [
        177.66,
        556.0025
      ],
      "edges": [
        "svg-edge-0011",
        "svg-edge-0028"
      ],
      "segments": [
        0,
        1
      ]
    },
    {
      "point": [
        187.66,
        379.0039
      ],
      "edges": [
        "svg-edge-0011",
        "svg-edge-0028"
      ],
      "segments": [
        1,
        2
      ]
    },
    {
      "point": [
        187.66,
        435.0053
      ],
      "edges": [
        "svg-edge-0011",
        "svg-edge-0029"
      ],
      "segments": [
        1,
        0
      ]
    },
    {
      "point": [
        177.66,
        556.0025
      ],
      "edges": [
        "svg-edge-0011",
        "svg-edge-0035"
      ],
      "segments": [
        0,
        1
      ]
    },
    {
      "point": [
        187.66,
        845.0147
      ],
      "edges": [
        "svg-edge-0012",
        "svg-edge-0014"
      ],
      "segments": [
        0,
        1
      ]
    },
    {
      "point": [
        177.66,
        845.0147
      ],
      "edges": [
        "svg-edge-0012",
        "svg-edge-0028"
      ],
      "segments": [
        0,
        1
      ]
    },
    {
      "point": [
        177.66,
        845.0147
      ],
      "edges": [
        "svg-edge-0012",
        "svg-edge-0035"
      ],
      "segments": [
        0,
        1
      ]
    },
    {
      "point": [
        187.66,
        845.0147
      ],
      "edges": [
        "svg-edge-0012",
        "svg-edge-0043"
      ],
      "segments": [
        0,
        1
      ]
    },
    {
      "point": [
        187.66,
        1164.0161
      ],
      "edges": [
        "svg-edge-0013",
        "svg-edge-0014"
      ],
      "segments": [
        0,
        1
      ]
    },
    {
      "point": [
        197.66,
        974.0216
      ],
      "edges": [
        "svg-edge-0013",
        "svg-edge-0038"
      ],
      "segments": [
        1,
        2
      ]
    },
    {
      "point": [
        177.66,
        1164.0161
      ],
      "edges": [
        "svg-edge-0013",
        "svg-edge-0042"
      ],
      "segments": [
        0,
        1
      ]
    },
    {
      "point": [
        197.66,
        1022.0133
      ],
      "edges": [
        "svg-edge-0013",
        "svg-edge-0043"
      ],
      "segments": [
        1,
        2
      ]
    },
    {
      "point": [
        197.66,
        1078.0147
      ],
      "edges": [
        "svg-edge-0013",
        "svg-edge-0044"
      ],
      "segments": [
        1,
        0
      ]
    },
    {
      "point": [
        197.66,
        1134.0161
      ],
      "edges": [
        "svg-edge-0013",
        "svg-edge-0045"
      ],
      "segments": [
        1,
        0
      ]
    },
    {
      "point": [
        187.66,
        1255.0241
      ],
      "edges": [
        "svg-edge-0014",
        "svg-edge-0017"
      ],
      "segments": [
        1,
        0
      ]
    },
    {
      "point": [
        187.66,
        1311.0255
      ],
      "edges": [
        "svg-edge-0014",
        "svg-edge-0018"
      ],
      "segments": [
        1,
        0
      ]
    },
    {
      "point": [
        187.66,
        1164.0161
      ],
      "edges": [
        "svg-edge-0014",
        "svg-edge-0019"
      ],
      "segments": [
        1,
        0
      ]
    },
    {
      "point": [
        187.66,
        1164.0161
      ],
      "edges": [
        "svg-edge-0014",
        "svg-edge-0023"
      ],
      "segments": [
        1,
        0
      ]
    },
    {
      "point": [
        187.66,
        612.0039
      ],
      "edges": [
        "svg-edge-0014",
        "svg-edge-0025"
      ],
      "segments": [
        1,
        0
      ]
    },
    {
      "point": [
        187.66,
        668.0053
      ],
      "edges": [
        "svg-edge-0014",
        "svg-edge-0026"
      ],
      "segments": [
        1,
        0
      ]
    },
    {
      "point": [
        177.66,
        556.0025
      ],
      "edges": [
        "svg-edge-0014",
        "svg-edge-0028"
      ],
      "segments": [
        0,
        1
      ]
    },
    {
      "point": [
        187.66,
        1164.0161
      ],
      "edges": [
        "svg-edge-0014",
        "svg-edge-0032"
      ],
      "segments": [
        1,
        0
      ]
    },
    {
      "point": [
        177.66,
        556.0025
      ],
      "edges": [
        "svg-edge-0014",
        "svg-edge-0035"
      ],
      "segments": [
        0,
        1
      ]
    },
    {
      "point": [
        187.66,
        974.0216
      ],
      "edges": [
        "svg-edge-0014",
        "svg-edge-0038"
      ],
      "segments": [
        1,
        2
      ]
    },
    {
      "point": [
        187.66,
        1207.0324
      ],
      "edges": [
        "svg-edge-0014",
        "svg-edge-0042"
      ],
      "segments": [
        1,
        2
      ]
    },
    {
      "point": [
        187.66,
        1078.0147
      ],
      "edges": [
        "svg-edge-0014",
        "svg-edge-0044"
      ],
      "segments": [
        1,
        0
      ]
    },
    {
      "point": [
        187.66,
        1134.0161
      ],
      "edges": [
        "svg-edge-0014",
        "svg-edge-0045"
      ],
      "segments": [
        1,
        0
      ]
    },
    {
      "point": [
        187.66,
        1488.0349
      ],
      "edges": [
        "svg-edge-0014",
        "svg-edge-0047"
      ],
      "segments": [
        1,
        0
      ]
    },
    {
      "point": [
        197.66,
        1255.0241
      ],
      "edges": [
        "svg-edge-0017",
        "svg-edge-0019"
      ],
      "segments": [
        0,
        1
      ]
    },
    {
      "point": [
        197.66,
        1311.0255
      ],
      "edges": [
        "svg-edge-0018",
        "svg-edge-0019"
      ],
      "segments": [
        0,
        1
      ]
    },
    {
      "point": [
        177.66,
        1164.0161
      ],
      "edges": [
        "svg-edge-0019",
        "svg-edge-0042"
      ],
      "segments": [
        0,
        1
      ]
    },
    {
      "point": [
        197.66,
        1207.0324
      ],
      "edges": [
        "svg-edge-0019",
        "svg-edge-0042"
      ],
      "segments": [
        1,
        2
      ]
    },
    {
      "point": [
        285.58,
        1777.0363
      ],
      "edges": [
        "svg-edge-0021",
        "svg-edge-0023"
      ],
      "segments": [
        0,
        3
      ]
    },
    {
      "point": [
        285.58,
        1311.0255
      ],
      "edges": [
        "svg-edge-0023",
        "svg-edge-0037"
      ],
      "segments": [
        3,
        0
      ]
    },
    {
      "point": [
        285.58,
        1544.0363
      ],
      "edges": [
        "svg-edge-0023",
        "svg-edge-0041"
      ],
      "segments": [
        3,
        0
      ]
    },
    {
      "point": [
        177.66,
        1164.0161
      ],
      "edges": [
        "svg-edge-0023",
        "svg-edge-0042"
      ],
      "segments": [
        0,
        1
      ]
    },
    {
      "point": [
        285.58,
        1207.0324
      ],
      "edges": [
        "svg-edge-0023",
        "svg-edge-0042"
      ],
      "segments": [
        3,
        2
      ]
    },
    {
      "point": [
        177.66,
        556.0025
      ],
      "edges": [
        "svg-edge-0024",
        "svg-edge-0028"
      ],
      "segments": [
        0,
        1
      ]
    },
    {
      "point": [
        177.66,
        556.0025
      ],
      "edges": [
        "svg-edge-0024",
        "svg-edge-0035"
      ],
      "segments": [
        0,
        1
      ]
    },
    {
      "point": [
        177.66,
        612.0039
      ],
      "edges": [
        "svg-edge-0025",
        "svg-edge-0028"
      ],
      "segments": [
        0,
        1
      ]
    },
    {
      "point": [
        177.66,
        612.0039
      ],
      "edges": [
        "svg-edge-0025",
        "svg-edge-0035"
      ],
      "segments": [
        0,
        1
      ]
    },
    {
      "point": [
        187.66,
        612.0039
      ],
      "edges": [
        "svg-edge-0025",
        "svg-edge-0043"
      ],
      "segments": [
        0,
        1
      ]
    },
    {
      "point": [
        177.66,
        668.0053
      ],
      "edges": [
        "svg-edge-0026",
        "svg-edge-0028"
      ],
      "segments": [
        0,
        1
      ]
    },
    {
      "point": [
        177.66,
        668.0053
      ],
      "edges": [
        "svg-edge-0026",
        "svg-edge-0035"
      ],
      "segments": [
        0,
        1
      ]
    },
    {
      "point": [
        187.66,
        668.0053
      ],
      "edges": [
        "svg-edge-0026",
        "svg-edge-0043"
      ],
      "segments": [
        0,
        1
      ]
    },
    {
      "point": [
        177.66,
        323.0025
      ],
      "edges": [
        "svg-edge-0027",
        "svg-edge-0035"
      ],
      "segments": [
        0,
        1
      ]
    },
    {
      "point": [
        177.66,
        435.0053
      ],
      "edges": [
        "svg-edge-0028",
        "svg-edge-0029"
      ],
      "segments": [
        1,
        0
      ]
    },
    {
      "point": [
        177.66,
        556.0025
      ],
      "edges": [
        "svg-edge-0028",
        "svg-edge-0043"
      ],
      "segments": [
        1,
        0
      ]
    },
    {
      "point": [
        177.66,
        435.0053
      ],
      "edges": [
        "svg-edge-0029",
        "svg-edge-0035"
      ],
      "segments": [
        0,
        1
      ]
    },
    {
      "point": [
        295.58,
        1078.0147
      ],
      "edges": [
        "svg-edge-0031",
        "svg-edge-0038"
      ],
      "segments": [
        0,
        3
      ]
    },
    {
      "point": [
        295.58,
        1134.0147
      ],
      "edges": [
        "svg-edge-0032",
        "svg-edge-0038"
      ],
      "segments": [
        4,
        3
      ]
    },
    {
      "point": [
        177.66,
        1164.0161
      ],
      "edges": [
        "svg-edge-0032",
        "svg-edge-0042"
      ],
      "segments": [
        0,
        1
      ]
    },
    {
      "point": [
        177.66,
        202.0053
      ],
      "edges": [
        "svg-edge-0035",
        "svg-edge-0036"
      ],
      "segments": [
        1,
        0
      ]
    },
    {
      "point": [
        177.66,
        556.0025
      ],
      "edges": [
        "svg-edge-0035",
        "svg-edge-0043"
      ],
      "segments": [
        1,
        0
      ]
    },
    {
      "point": [
        295.58,
        1311.0255
      ],
      "edges": [
        "svg-edge-0037",
        "svg-edge-0038"
      ],
      "segments": [
        0,
        3
      ]
    },
    {
      "point": [
        295.58,
        1311.0255
      ],
      "edges": [
        "svg-edge-0037",
        "svg-edge-0042"
      ],
      "segments": [
        0,
        3
      ]
    },
    {
      "point": [
        187.66,
        974.0216
      ],
      "edges": [
        "svg-edge-0038",
        "svg-edge-0043"
      ],
      "segments": [
        2,
        1
      ]
    },
    {
      "point": [
        295.58,
        1544.0363
      ],
      "edges": [
        "svg-edge-0041",
        "svg-edge-0042"
      ],
      "segments": [
        0,
        3
      ]
    },
    {
      "point": [
        177.66,
        1078.0147
      ],
      "edges": [
        "svg-edge-0042",
        "svg-edge-0044"
      ],
      "segments": [
        1,
        0
      ]
    },
    {
      "point": [
        177.66,
        1134.0161
      ],
      "edges": [
        "svg-edge-0042",
        "svg-edge-0045"
      ],
      "segments": [
        1,
        0
      ]
    }
  ],
  "overlaps": [],
  "witnesses": {
    "mixed_root_kinds": [
      "from",
      "gate",
      "source"
    ],
    "split_rejoin_roots": [
      "public_gate"
    ],
    "public_root_crossings": [
      {
        "public_root": "public_from",
        "other_root": "sparse_09",
        "edges": [
          "svg-edge-0001",
          "svg-edge-0002"
        ]
      },
      {
        "public_root": "public_from",
        "other_root": "sparse_08",
        "edges": [
          "svg-edge-0002",
          "svg-edge-0017"
        ]
      },
      {
        "public_root": "public_from",
        "other_root": "sparse_15",
        "edges": [
          "svg-edge-0002",
          "svg-edge-0018"
        ]
      },
      {
        "public_root": "public_from",
        "other_root": "sparse_02",
        "edges": [
          "svg-edge-0002",
          "svg-edge-0047"
        ]
      },
      {
        "public_root": "public_from",
        "other_root": "sparse_14",
        "edges": [
          "svg-edge-0009",
          "svg-edge-0010"
        ]
      },
      {
        "public_root": "public_from",
        "other_root": "sparse_05",
        "edges": [
          "svg-edge-0009",
          "svg-edge-0012"
        ]
      },
      {
        "public_root": "public_from",
        "other_root": "sparse_00",
        "edges": [
          "svg-edge-0009",
          "svg-edge-0044"
        ]
      },
      {
        "public_root": "public_from",
        "other_root": "sparse_07",
        "edges": [
          "svg-edge-0009",
          "svg-edge-0045"
        ]
      },
      {
        "public_root": "public_from",
        "other_root": "sparse_00",
        "edges": [
          "svg-edge-0013",
          "svg-edge-0044"
        ]
      },
      {
        "public_root": "public_from",
        "other_root": "sparse_07",
        "edges": [
          "svg-edge-0013",
          "svg-edge-0045"
        ]
      },
      {
        "public_root": "public_from",
        "other_root": "sparse_08",
        "edges": [
          "svg-edge-0017",
          "svg-edge-0019"
        ]
      },
      {
        "public_root": "public_from",
        "other_root": "sparse_15",
        "edges": [
          "svg-edge-0018",
          "svg-edge-0019"
        ]
      },
      {
        "public_root": "public_gate",
        "other_root": "sparse_14",
        "edges": [
          "svg-edge-0010",
          "svg-edge-0028"
        ]
      },
      {
        "public_root": "public_gate",
        "other_root": "sparse_14",
        "edges": [
          "svg-edge-0010",
          "svg-edge-0035"
        ]
      },
      {
        "public_root": "public_gate",
        "other_root": "sparse_05",
        "edges": [
          "svg-edge-0012",
          "svg-edge-0028"
        ]
      },
      {
        "public_root": "public_gate",
        "other_root": "sparse_05",
        "edges": [
          "svg-edge-0012",
          "svg-edge-0035"
        ]
      },
      {
        "public_root": "public_gate",
        "other_root": "sparse_06",
        "edges": [
          "svg-edge-0025",
          "svg-edge-0028"
        ]
      },
      {
        "public_root": "public_gate",
        "other_root": "sparse_06",
        "edges": [
          "svg-edge-0025",
          "svg-edge-0035"
        ]
      },
      {
        "public_root": "public_gate",
        "other_root": "sparse_13",
        "edges": [
          "svg-edge-0026",
          "svg-edge-0028"
        ]
      },
      {
        "public_root": "public_gate",
        "other_root": "sparse_13",
        "edges": [
          "svg-edge-0026",
          "svg-edge-0035"
        ]
      },
      {
        "public_root": "public_gate",
        "other_root": "sparse_01",
        "edges": [
          "svg-edge-0027",
          "svg-edge-0035"
        ]
      },
      {
        "public_root": "public_gate",
        "other_root": "sparse_10",
        "edges": [
          "svg-edge-0028",
          "svg-edge-0029"
        ]
      },
      {
        "public_root": "public_gate",
        "other_root": "sparse_10",
        "edges": [
          "svg-edge-0029",
          "svg-edge-0035"
        ]
      },
      {
        "public_root": "public_gate",
        "other_root": "sparse_04",
        "edges": [
          "svg-edge-0035",
          "svg-edge-0036"
        ]
      },
      {
        "public_root": "public_gate",
        "other_root": "sparse_00",
        "edges": [
          "svg-edge-0042",
          "svg-edge-0044"
        ]
      },
      {
        "public_root": "public_gate",
        "other_root": "sparse_07",
        "edges": [
          "svg-edge-0042",
          "svg-edge-0045"
        ]
      },
      {
        "public_root": "public_source",
        "other_root": "sparse_09",
        "edges": [
          "svg-edge-0001",
          "svg-edge-0014"
        ]
      },
      {
        "public_root": "public_source",
        "other_root": "sparse_14",
        "edges": [
          "svg-edge-0010",
          "svg-edge-0014"
        ]
      },
      {
        "public_root": "public_source",
        "other_root": "sparse_14",
        "edges": [
          "svg-edge-0010",
          "svg-edge-0043"
        ]
      },
      {
        "public_root": "public_source",
        "other_root": "sparse_01",
        "edges": [
          "svg-edge-0011",
          "svg-edge-0027"
        ]
      },
      {
        "public_root": "public_source",
        "other_root": "sparse_10",
        "edges": [
          "svg-edge-0011",
          "svg-edge-0029"
        ]
      },
      {
        "public_root": "public_source",
        "other_root": "sparse_05",
        "edges": [
          "svg-edge-0012",
          "svg-edge-0014"
        ]
      },
      {
        "public_root": "public_source",
        "other_root": "sparse_05",
        "edges": [
          "svg-edge-0012",
          "svg-edge-0043"
        ]
      },
      {
        "public_root": "public_source",
        "other_root": "sparse_08",
        "edges": [
          "svg-edge-0014",
          "svg-edge-0017"
        ]
      },
      {
        "public_root": "public_source",
        "other_root": "sparse_15",
        "edges": [
          "svg-edge-0014",
          "svg-edge-0018"
        ]
      },
      {
        "public_root": "public_source",
        "other_root": "sparse_06",
        "edges": [
          "svg-edge-0014",
          "svg-edge-0025"
        ]
      },
      {
        "public_root": "public_source",
        "other_root": "sparse_13",
        "edges": [
          "svg-edge-0014",
          "svg-edge-0026"
        ]
      },
      {
        "public_root": "public_source",
        "other_root": "sparse_00",
        "edges": [
          "svg-edge-0014",
          "svg-edge-0044"
        ]
      },
      {
        "public_root": "public_source",
        "other_root": "sparse_07",
        "edges": [
          "svg-edge-0014",
          "svg-edge-0045"
        ]
      },
      {
        "public_root": "public_source",
        "other_root": "sparse_02",
        "edges": [
          "svg-edge-0014",
          "svg-edge-0047"
        ]
      },
      {
        "public_root": "public_source",
        "other_root": "sparse_06",
        "edges": [
          "svg-edge-0025",
          "svg-edge-0043"
        ]
      },
      {
        "public_root": "public_source",
        "other_root": "sparse_13",
        "edges": [
          "svg-edge-0026",
          "svg-edge-0043"
        ]
      }
    ],
    "low_use_left_crossing_roots": [],
    "root_relocation_witnesses": [
      {
        "root": "sparse_00",
        "edge_id": "svg-edge-0044",
        "from_x": 89.83,
        "to_x": 171.62,
        "crossings_before": 4,
        "crossings_after": 0,
        "length_before": 105.79,
        "length_after": 24.0
      },
      {
        "root": "sparse_01",
        "edge_id": "svg-edge-0027",
        "from_x": 89.83,
        "to_x": 165.62,
        "crossings_before": 2,
        "crossings_after": 0,
        "length_before": 99.79,
        "length_after": 24.0
      },
      {
        "root": "sparse_02",
        "edge_id": "svg-edge-0047",
        "from_x": 89.83,
        "to_x": 165.62,
        "crossings_before": 2,
        "crossings_after": 0,
        "length_before": 99.79,
        "length_after": 24.0
      },
      {
        "root": "sparse_04",
        "edge_id": "svg-edge-0036",
        "from_x": 89.83,
        "to_x": 165.62,
        "crossings_before": 1,
        "crossings_after": 0,
        "length_before": 99.79,
        "length_after": 24.0
      },
      {
        "root": "sparse_05",
        "edge_id": "svg-edge-0012",
        "from_x": 89.83,
        "to_x": 165.62,
        "crossings_before": 5,
        "crossings_after": 0,
        "length_before": 99.79,
        "length_after": 24.0
      },
      {
        "root": "sparse_06",
        "edge_id": "svg-edge-0025",
        "from_x": 89.83,
        "to_x": 171.62,
        "crossings_before": 4,
        "crossings_after": 0,
        "length_before": 105.79,
        "length_after": 24.0
      },
      {
        "root": "sparse_07",
        "edge_id": "svg-edge-0045",
        "from_x": 89.83,
        "to_x": 165.62,
        "crossings_before": 4,
        "crossings_after": 0,
        "length_before": 99.79,
        "length_after": 24.0
      },
      {
        "root": "sparse_08",
        "edge_id": "svg-edge-0017",
        "from_x": 89.83,
        "to_x": 165.62,
        "crossings_before": 3,
        "crossings_after": 0,
        "length_before": 99.79,
        "length_after": 24.0
      },
      {
        "root": "sparse_09",
        "edge_id": "svg-edge-0001",
        "from_x": 89.83,
        "to_x": 171.62,
        "crossings_before": 2,
        "crossings_after": 0,
        "length_before": 105.79,
        "length_after": 24.0
      },
      {
        "root": "sparse_10",
        "edge_id": "svg-edge-0029",
        "from_x": 89.83,
        "to_x": 165.62,
        "crossings_before": 3,
        "crossings_after": 0,
        "length_before": 99.79,
        "length_after": 24.0
      },
      {
        "root": "sparse_13",
        "edge_id": "svg-edge-0026",
        "from_x": 89.83,
        "to_x": 165.62,
        "crossings_before": 4,
        "crossings_after": 0,
        "length_before": 99.79,
        "length_after": 24.0
      },
      {
        "root": "sparse_14",
        "edge_id": "svg-edge-0010",
        "from_x": 89.83,
        "to_x": 165.62,
        "crossings_before": 5,
        "crossings_after": 0,
        "length_before": 99.79,
        "length_after": 24.0
      },
      {
        "root": "sparse_15",
        "edge_id": "svg-edge-0018",
        "from_x": 89.83,
        "to_x": 171.62,
        "crossings_before": 3,
        "crossings_after": 0,
        "length_before": 105.79,
        "length_after": 24.0
      }
    ],
    "avoidable_bend_edges": [
      {
        "edge_id": "svg-edge-0009",
        "candidate": [
          [
            129.83,
            1164.0161
          ],
          [
            285.58,
            1164.0161
          ],
          [
            285.58,
            668.0039
          ],
          [
            348.0,
            668.0039
          ]
        ]
      },
      {
        "edge_id": "svg-edge-0023",
        "candidate": [
          [
            129.83,
            1164.0161
          ],
          [
            285.58,
            1164.0161
          ],
          [
            285.58,
            1833.0363
          ],
          [
            348.0,
            1833.0363
          ]
        ]
      },
      {
        "edge_id": "svg-edge-0032",
        "candidate": [
          [
            129.83,
            1164.0161
          ],
          [
            285.58,
            1164.0161
          ],
          [
            285.58,
            1134.0147
          ],
          [
            348.0,
            1134.0147
          ]
        ]
      }
    ],
    "port_order_inversions": []
  },
  "detected_issues": [
    "FB-ROOT-001",
    "FB-ROUTE-002",
    "FB-ROOT-003",
    "FB-ROOT-004",
    "FB-BEND-005"
  ]
}
