{
  "schema_version": 1,
  "input": "staggered-four-from-mux.json",
  "svg": "output.svg",
  "totals": {
    "logical_nodes": 15,
    "rendered_nodes": 17,
    "logical_edges": 14,
    "rendered_edges": 14,
    "proper_crossing_events": 0,
    "distinct_crossing_points": 0,
    "different_net_overlaps": 0,
    "bends": 2,
    "manhattan_length_px": 2028.1544
  },
  "roots": {
    "from_0": {
      "kind": "from",
      "outdegree": 2,
      "rendered_copies": 2
    },
    "from_1": {
      "kind": "from",
      "outdegree": 2,
      "rendered_copies": 2
    },
    "from_2": {
      "kind": "from",
      "outdegree": 2,
      "rendered_copies": 1
    },
    "from_3": {
      "kind": "from",
      "outdegree": 1,
      "rendered_copies": 1
    }
  },
  "nodes": {
    "clock": {
      "kind": "clock",
      "incoming_edges": 1,
      "outgoing_edges": 0,
      "direct_downstream_nodes": 0,
      "source_port_nets": 0,
      "rendering_anchors": 1,
      "is_root": false,
      "is_terminal": true,
      "manhattan_length_px": 0,
      "bends_total": 0,
      "crossing_points": 0,
      "crossing_pair_incidents": 0,
      "crossed_edge_count": 0
    },
    "from_0": {
      "kind": "from",
      "incoming_edges": 0,
      "outgoing_edges": 2,
      "direct_downstream_nodes": 2,
      "source_port_nets": 1,
      "rendering_anchors": 2,
      "is_root": true,
      "is_terminal": false,
      "manhattan_length_px": 117.93,
      "bends_total": 0,
      "crossing_points": 0,
      "crossing_pair_incidents": 0,
      "crossed_edge_count": 0
    },
    "from_0_cell": {
      "kind": "cell",
      "incoming_edges": 1,
      "outgoing_edges": 1,
      "direct_downstream_nodes": 1,
      "source_port_nets": 1,
      "rendering_anchors": 1,
      "is_root": false,
      "is_terminal": false,
      "manhattan_length_px": 95.43,
      "bends_total": 0,
      "crossing_points": 0,
      "crossing_pair_incidents": 0,
      "crossed_edge_count": 0
    },
    "from_0_clock": {
      "kind": "clock",
      "incoming_edges": 1,
      "outgoing_edges": 0,
      "direct_downstream_nodes": 0,
      "source_port_nets": 0,
      "rendering_anchors": 1,
      "is_root": false,
      "is_terminal": true,
      "manhattan_length_px": 0,
      "bends_total": 0,
      "crossing_points": 0,
      "crossing_pair_incidents": 0,
      "crossed_edge_count": 0
    },
    "from_0_div": {
      "kind": "div",
      "incoming_edges": 1,
      "outgoing_edges": 1,
      "direct_downstream_nodes": 1,
      "source_port_nets": 1,
      "rendering_anchors": 1,
      "is_root": false,
      "is_terminal": false,
      "manhattan_length_px": 99.628,
      "bends_total": 0,
      "crossing_points": 0,
      "crossing_pair_incidents": 0,
      "crossed_edge_count": 0
    },
    "from_0_gate": {
      "kind": "gate",
      "incoming_edges": 1,
      "outgoing_edges": 1,
      "direct_downstream_nodes": 1,
      "source_port_nets": 1,
      "rendering_anchors": 1,
      "is_root": false,
      "is_terminal": false,
      "manhattan_length_px": 91.628,
      "bends_total": 0,
      "crossing_points": 0,
      "crossing_pair_incidents": 0,
      "crossed_edge_count": 0
    },
    "from_1": {
      "kind": "from",
      "incoming_edges": 0,
      "outgoing_edges": 2,
      "direct_downstream_nodes": 2,
      "source_port_nets": 1,
      "rendering_anchors": 2,
      "is_root": true,
      "is_terminal": false,
      "manhattan_length_px": 384.98,
      "bends_total": 0,
      "crossing_points": 0,
      "crossing_pair_incidents": 0,
      "crossed_edge_count": 0
    },
    "from_1_clock": {
      "kind": "clock",
      "incoming_edges": 1,
      "outgoing_edges": 0,
      "direct_downstream_nodes": 0,
      "source_port_nets": 0,
      "rendering_anchors": 1,
      "is_root": false,
      "is_terminal": true,
      "manhattan_length_px": 0,
      "bends_total": 0,
      "crossing_points": 0,
      "crossing_pair_incidents": 0,
      "crossed_edge_count": 0
    },
    "from_1_div": {
      "kind": "div",
      "incoming_edges": 1,
      "outgoing_edges": 1,
      "direct_downstream_nodes": 1,
      "source_port_nets": 1,
      "rendering_anchors": 1,
      "is_root": false,
      "is_terminal": false,
      "manhattan_length_px": 95.038,
      "bends_total": 0,
      "crossing_points": 0,
      "crossing_pair_incidents": 0,
      "crossed_edge_count": 0
    },
    "from_1_gate": {
      "kind": "gate",
      "incoming_edges": 1,
      "outgoing_edges": 1,
      "direct_downstream_nodes": 1,
      "source_port_nets": 1,
      "rendering_anchors": 1,
      "is_root": false,
      "is_terminal": false,
      "manhattan_length_px": 91.628,
      "bends_total": 0,
      "crossing_points": 0,
      "crossing_pair_incidents": 0,
      "crossed_edge_count": 0
    },
    "from_2": {
      "kind": "from",
      "incoming_edges": 0,
      "outgoing_edges": 2,
      "direct_downstream_nodes": 2,
      "source_port_nets": 1,
      "rendering_anchors": 1,
      "is_root": true,
      "is_terminal": false,
      "manhattan_length_px": 783.0122,
      "bends_total": 2,
      "crossing_points": 0,
      "crossing_pair_incidents": 0,
      "crossed_edge_count": 0
    },
    "from_2_clock": {
      "kind": "clock",
      "incoming_edges": 1,
      "outgoing_edges": 0,
      "direct_downstream_nodes": 0,
      "source_port_nets": 0,
      "rendering_anchors": 1,
      "is_root": false,
      "is_terminal": true,
      "manhattan_length_px": 0,
      "bends_total": 0,
      "crossing_points": 0,
      "crossing_pair_incidents": 0,
      "crossed_edge_count": 0
    },
    "from_2_gate": {
      "kind": "gate",
      "incoming_edges": 1,
      "outgoing_edges": 1,
      "direct_downstream_nodes": 1,
      "source_port_nets": 1,
      "rendering_anchors": 1,
      "is_root": false,
      "is_terminal": false,
      "manhattan_length_px": 85.4301,
      "bends_total": 0,
      "crossing_points": 0,
      "crossing_pair_incidents": 0,
      "crossed_edge_count": 0
    },
    "from_3": {
      "kind": "from",
      "incoming_edges": 0,
      "outgoing_edges": 1,
      "direct_downstream_nodes": 1,
      "source_port_nets": 1,
      "rendering_anchors": 1,
      "is_root": true,
      "is_terminal": false,
      "manhattan_length_px": 90.0201,
      "bends_total": 0,
      "crossing_points": 0,
      "crossing_pair_incidents": 0,
      "crossed_edge_count": 0
    },
    "mux": {
      "kind": "mux4",
      "incoming_edges": 4,
      "outgoing_edges": 1,
      "direct_downstream_nodes": 1,
      "source_port_nets": 1,
      "rendering_anchors": 1,
      "is_root": false,
      "is_terminal": false,
      "manhattan_length_px": 93.43,
      "bends_total": 0,
      "crossing_points": 0,
      "crossing_pair_incidents": 0,
      "crossed_edge_count": 0
    }
  },
  "networks": {
    "from_0:right": {
      "source": "from_0",
      "source_port": "right",
      "edges": 2,
      "rendering_anchors": 2,
      "branch_count": 1,
      "crossing_points": 0,
      "crossing_pair_incidents": 0,
      "crossed_edge_count": 0,
      "manhattan_length_px": 117.93,
      "horizontal_length_px": 117.93,
      "vertical_length_px": 0,
      "bends_total": 0,
      "bends_max_per_edge": 0,
      "split_rejoin": false
    },
    "from_0_cell:right": {
      "source": "from_0_cell",
      "source_port": "right",
      "edges": 1,
      "rendering_anchors": 1,
      "branch_count": 0,
      "crossing_points": 0,
      "crossing_pair_incidents": 0,
      "crossed_edge_count": 0,
      "manhattan_length_px": 95.43,
      "horizontal_length_px": 95.43,
      "vertical_length_px": 0,
      "bends_total": 0,
      "bends_max_per_edge": 0,
      "split_rejoin": false
    },
    "from_0_div:right": {
      "source": "from_0_div",
      "source_port": "right",
      "edges": 1,
      "rendering_anchors": 1,
      "branch_count": 0,
      "crossing_points": 0,
      "crossing_pair_incidents": 0,
      "crossed_edge_count": 0,
      "manhattan_length_px": 99.628,
      "horizontal_length_px": 99.628,
      "vertical_length_px": 0,
      "bends_total": 0,
      "bends_max_per_edge": 0,
      "split_rejoin": false
    },
    "from_0_gate:right": {
      "source": "from_0_gate",
      "source_port": "right",
      "edges": 1,
      "rendering_anchors": 1,
      "branch_count": 0,
      "crossing_points": 0,
      "crossing_pair_incidents": 0,
      "crossed_edge_count": 0,
      "manhattan_length_px": 91.628,
      "horizontal_length_px": 91.628,
      "vertical_length_px": 0,
      "bends_total": 0,
      "bends_max_per_edge": 0,
      "split_rejoin": false
    },
    "from_1:right": {
      "source": "from_1",
      "source_port": "right",
      "edges": 2,
      "rendering_anchors": 2,
      "branch_count": 1,
      "crossing_points": 0,
      "crossing_pair_incidents": 0,
      "crossed_edge_count": 0,
      "manhattan_length_px": 384.98,
      "horizontal_length_px": 384.98,
      "vertical_length_px": 0,
      "bends_total": 0,
      "bends_max_per_edge": 0,
      "split_rejoin": false
    },
    "from_1_div:right": {
      "source": "from_1_div",
      "source_port": "right",
      "edges": 1,
      "rendering_anchors": 1,
      "branch_count": 0,
      "crossing_points": 0,
      "crossing_pair_incidents": 0,
      "crossed_edge_count": 0,
      "manhattan_length_px": 95.038,
      "horizontal_length_px": 95.038,
      "vertical_length_px": 0,
      "bends_total": 0,
      "bends_max_per_edge": 0,
      "split_rejoin": false
    },
    "from_1_gate:right": {
      "source": "from_1_gate",
      "source_port": "right",
      "edges": 1,
      "rendering_anchors": 1,
      "branch_count": 0,
      "crossing_points": 0,
      "crossing_pair_incidents": 0,
      "crossed_edge_count": 0,
      "manhattan_length_px": 91.628,
      "horizontal_length_px": 91.628,
      "vertical_length_px": 0,
      "bends_total": 0,
      "bends_max_per_edge": 0,
      "split_rejoin": false
    },
    "from_2:right": {
      "source": "from_2",
      "source_port": "right",
      "edges": 2,
      "rendering_anchors": 1,
      "branch_count": 1,
      "crossing_points": 0,
      "crossing_pair_incidents": 0,
      "crossed_edge_count": 0,
      "manhattan_length_px": 783.0122,
      "horizontal_length_px": 657.02,
      "vertical_length_px": 125.9922,
      "bends_total": 2,
      "bends_max_per_edge": 2,
      "split_rejoin": false
    },
    "from_2_gate:right": {
      "source": "from_2_gate",
      "source_port": "right",
      "edges": 1,
      "rendering_anchors": 1,
      "branch_count": 0,
      "crossing_points": 0,
      "crossing_pair_incidents": 0,
      "crossed_edge_count": 0,
      "manhattan_length_px": 85.4301,
      "horizontal_length_px": 85.43,
      "vertical_length_px": 0,
      "bends_total": 0,
      "bends_max_per_edge": 0,
      "split_rejoin": false
    },
    "from_3:right": {
      "source": "from_3",
      "source_port": "right",
      "edges": 1,
      "rendering_anchors": 1,
      "branch_count": 0,
      "crossing_points": 0,
      "crossing_pair_incidents": 0,
      "crossed_edge_count": 0,
      "manhattan_length_px": 90.0201,
      "horizontal_length_px": 90.02,
      "vertical_length_px": 0,
      "bends_total": 0,
      "bends_max_per_edge": 0,
      "split_rejoin": false
    },
    "mux:right": {
      "source": "mux",
      "source_port": "right",
      "edges": 1,
      "rendering_anchors": 1,
      "branch_count": 0,
      "crossing_points": 0,
      "crossing_pair_incidents": 0,
      "crossed_edge_count": 0,
      "manhattan_length_px": 93.43,
      "horizontal_length_px": 93.43,
      "vertical_length_px": 0,
      "bends_total": 0,
      "bends_max_per_edge": 0,
      "split_rejoin": false
    }
  },
  "edges": [
    {
      "edge_id": "svg-edge-0000",
      "source": "from_0",
      "target": "from_0_gate",
      "source_port": "right",
      "target_port": "left",
      "points": [
        [
          105.96,
          96.0009
        ],
        [
          191.93,
          96.0009
        ]
      ],
      "segments": 1,
      "bends": 0,
      "manhattan_length_px": 85.97,
      "horizontal_length_px": 85.97,
      "vertical_length_px": 0,
      "max_vertical_segment_px": 0.0,
      "crossing_points": 0,
      "crossing_pair_incidents": 0,
      "crossed_edge_count": 0,
      "source_port_fanout": 2,
      "branch_siblings": 1
    },
    {
      "edge_id": "svg-edge-0001",
      "source": "from_0",
      "target": "mux",
      "source_port": "right",
      "target_port": "0",
      "points": [
        [
          401.01,
          208.0041
        ],
        [
          432.97,
          208.0041
        ]
      ],
      "segments": 1,
      "bends": 0,
      "manhattan_length_px": 31.96,
      "horizontal_length_px": 31.96,
      "vertical_length_px": 0,
      "max_vertical_segment_px": 0.0,
      "crossing_points": 0,
      "crossing_pair_incidents": 0,
      "crossed_edge_count": 0,
      "source_port_fanout": 2,
      "branch_siblings": 1
    },
    {
      "edge_id": "svg-edge-0002",
      "source": "from_1",
      "target": "mux",
      "source_port": "right",
      "target_port": "1",
      "points": [
        [
          105.96,
          264.0072
        ],
        [
          432.97,
          264.0072
        ]
      ],
      "segments": 1,
      "bends": 0,
      "manhattan_length_px": 327.01,
      "horizontal_length_px": 327.01,
      "vertical_length_px": 0,
      "max_vertical_segment_px": 0.0,
      "crossing_points": 0,
      "crossing_pair_incidents": 0,
      "crossed_edge_count": 0,
      "source_port_fanout": 2,
      "branch_siblings": 1
    },
    {
      "edge_id": "svg-edge-0003",
      "source": "from_2",
      "target": "mux",
      "source_port": "right",
      "target_port": "2",
      "points": [
        [
          105.96,
          320.0103
        ],
        [
          432.97,
          320.0103
        ]
      ],
      "segments": 1,
      "bends": 0,
      "manhattan_length_px": 327.01,
      "horizontal_length_px": 327.01,
      "vertical_length_px": 0,
      "max_vertical_segment_px": 0.0,
      "crossing_points": 0,
      "crossing_pair_incidents": 0,
      "crossed_edge_count": 0,
      "source_port_fanout": 2,
      "branch_siblings": 1
    },
    {
      "edge_id": "svg-edge-0004",
      "source": "from_3",
      "target": "mux",
      "source_port": "right",
      "target_port": "3",
      "points": [
        [
          342.95,
          375.9898
        ],
        [
          432.97,
          375.9897
        ]
      ],
      "segments": 1,
      "bends": 0,
      "manhattan_length_px": 90.0201,
      "horizontal_length_px": 90.02,
      "vertical_length_px": 0,
      "max_vertical_segment_px": 0.0,
      "crossing_points": 0,
      "crossing_pair_incidents": 0,
      "crossed_edge_count": 0,
      "source_port_fanout": 1,
      "branch_siblings": 0
    },
    {
      "edge_id": "svg-edge-0005",
      "source": "mux",
      "target": "clock",
      "source_port": "right",
      "target_port": "left",
      "points": [
        [
          456.97,
          291.9969
        ],
        [
          550.4,
          291.9969
        ]
      ],
      "segments": 1,
      "bends": 0,
      "manhattan_length_px": 93.43,
      "horizontal_length_px": 93.43,
      "vertical_length_px": 0,
      "max_vertical_segment_px": 0.0,
      "crossing_points": 0,
      "crossing_pair_incidents": 0,
      "crossed_edge_count": 0,
      "source_port_fanout": 1,
      "branch_siblings": 0
    },
    {
      "edge_id": "svg-edge-0006",
      "source": "from_0_gate",
      "target": "from_0_div",
      "source_port": "right",
      "target_port": "left",
      "points": [
        [
          220.93,
          96.0009
        ],
        [
          312.558,
          96.0009
        ]
      ],
      "segments": 1,
      "bends": 0,
      "manhattan_length_px": 91.628,
      "horizontal_length_px": 91.628,
      "vertical_length_px": 0,
      "max_vertical_segment_px": 0.0,
      "crossing_points": 0,
      "crossing_pair_incidents": 0,
      "crossed_edge_count": 0,
      "source_port_fanout": 1,
      "branch_siblings": 0
    },
    {
      "edge_id": "svg-edge-0007",
      "source": "from_0_div",
      "target": "from_0_cell",
      "source_port": "right",
      "target_port": "left",
      "points": [
        [
          333.342,
          96.0009
        ],
        [
          432.97,
          96.0009
        ]
      ],
      "segments": 1,
      "bends": 0,
      "manhattan_length_px": 99.628,
      "horizontal_length_px": 99.628,
      "vertical_length_px": 0,
      "max_vertical_segment_px": 0.0,
      "crossing_points": 0,
      "crossing_pair_incidents": 0,
      "crossed_edge_count": 0,
      "source_port_fanout": 1,
      "branch_siblings": 0
    },
    {
      "edge_id": "svg-edge-0008",
      "source": "from_0_cell",
      "target": "from_0_clock",
      "source_port": "right",
      "target_port": "left",
      "points": [
        [
          454.97,
          96.0009
        ],
        [
          550.4,
          96.0009
        ]
      ],
      "segments": 1,
      "bends": 0,
      "manhattan_length_px": 95.43,
      "horizontal_length_px": 95.43,
      "vertical_length_px": 0,
      "max_vertical_segment_px": 0.0,
      "crossing_points": 0,
      "crossing_pair_incidents": 0,
      "crossed_edge_count": 0,
      "source_port_fanout": 1,
      "branch_siblings": 0
    },
    {
      "edge_id": "svg-edge-0009",
      "source": "from_1",
      "target": "from_1_gate",
      "source_port": "right",
      "target_port": "left",
      "points": [
        [
          255.98,
          152.0024
        ],
        [
          313.95,
          152.0024
        ]
      ],
      "segments": 1,
      "bends": 0,
      "manhattan_length_px": 57.97,
      "horizontal_length_px": 57.97,
      "vertical_length_px": 0,
      "max_vertical_segment_px": 0.0,
      "crossing_points": 0,
      "crossing_pair_incidents": 0,
      "crossed_edge_count": 0,
      "source_port_fanout": 2,
      "branch_siblings": 1
    },
    {
      "edge_id": "svg-edge-0010",
      "source": "from_1_gate",
      "target": "from_1_div",
      "source_port": "right",
      "target_port": "left",
      "points": [
        [
          342.95,
          152.0024
        ],
        [
          434.578,
          152.0024
        ]
      ],
      "segments": 1,
      "bends": 0,
      "manhattan_length_px": 91.628,
      "horizontal_length_px": 91.628,
      "vertical_length_px": 0,
      "max_vertical_segment_px": 0.0,
      "crossing_points": 0,
      "crossing_pair_incidents": 0,
      "crossed_edge_count": 0,
      "source_port_fanout": 1,
      "branch_siblings": 0
    },
    {
      "edge_id": "svg-edge-0011",
      "source": "from_1_div",
      "target": "from_1_clock",
      "source_port": "right",
      "target_port": "left",
      "points": [
        [
          455.362,
          152.0024
        ],
        [
          550.4,
          152.0024
        ]
      ],
      "segments": 1,
      "bends": 0,
      "manhattan_length_px": 95.038,
      "horizontal_length_px": 95.038,
      "vertical_length_px": 0,
      "max_vertical_segment_px": 0.0,
      "crossing_points": 0,
      "crossing_pair_incidents": 0,
      "crossed_edge_count": 0,
      "source_port_fanout": 1,
      "branch_siblings": 0
    },
    {
      "edge_id": "svg-edge-0012",
      "source": "from_2",
      "target": "from_2_gate",
      "source_port": "right",
      "target_port": "left",
      "points": [
        [
          105.96,
          320.0103
        ],
        [
          129.92,
          320.0103
        ],
        [
          129.92,
          446.0025
        ],
        [
          435.97,
          446.0025
        ]
      ],
      "segments": 3,
      "bends": 2,
      "manhattan_length_px": 456.0022,
      "horizontal_length_px": 330.01,
      "vertical_length_px": 125.9922,
      "max_vertical_segment_px": 125.9922,
      "crossing_points": 0,
      "crossing_pair_incidents": 0,
      "crossed_edge_count": 0,
      "source_port_fanout": 2,
      "branch_siblings": 1
    },
    {
      "edge_id": "svg-edge-0013",
      "source": "from_2_gate",
      "target": "from_2_clock",
      "source_port": "right",
      "target_port": "left",
      "points": [
        [
          464.97,
          446.0025
        ],
        [
          550.4,
          446.0024
        ]
      ],
      "segments": 1,
      "bends": 0,
      "manhattan_length_px": 85.4301,
      "horizontal_length_px": 85.43,
      "vertical_length_px": 0,
      "max_vertical_segment_px": 0.0,
      "crossing_points": 0,
      "crossing_pair_incidents": 0,
      "crossed_edge_count": 0,
      "source_port_fanout": 1,
      "branch_siblings": 0
    }
  ],
  "crossings": [],
  "overlaps": [],
  "annotation_quality": {
    "expected": 0,
    "rendered": 0,
    "missing": [],
    "unexpected": [],
    "duplicates": [],
    "text_mismatches": [],
    "line_mismatches": [],
    "profile_counts": {},
    "profiles_present": [],
    "annotation_overlaps": [],
    "node_overlaps": [],
    "edge_intersections": [],
    "outside_viewport": [],
    "owner_distances_px": {},
    "too_far": [],
    "decorative_elements": 0,
    "failure_count": 0
  },
  "witnesses": {
    "mixed_root_kinds": [
      "from"
    ],
    "mixed_root_quality_failures": [],
    "split_rejoin_roots": [],
    "public_root_crossings": [],
    "low_use_left_crossing_roots": [],
    "root_relocation_witnesses": [],
    "avoidable_bend_edges": [],
    "port_order_inversions": [],
    "root_facility_split_witnesses": [],
    "physical_anchor_relocation_witnesses": [],
    "vertical_root_facility_bend_witnesses": [],
    "root_facility_column_lag_witnesses": [],
    "crossing_free_intervals": {
      "svg-edge-0000": [
        {
          "kind": "whole",
          "start": [
            105.96,
            96.0009
          ],
          "end": [
            191.93,
            96.0009
          ],
          "path_start_px": 0.0,
          "path_end_px": 85.97,
          "length_px": 85.97,
          "internal_bends": 0
        }
      ],
      "svg-edge-0001": [
        {
          "kind": "whole",
          "start": [
            401.01,
            208.0041
          ],
          "end": [
            432.97,
            208.0041
          ],
          "path_start_px": 0.0,
          "path_end_px": 31.96,
          "length_px": 31.96,
          "internal_bends": 0
        }
      ],
      "svg-edge-0002": [
        {
          "kind": "whole",
          "start": [
            105.96,
            264.0072
          ],
          "end": [
            432.97,
            264.0072
          ],
          "path_start_px": 0.0,
          "path_end_px": 327.01,
          "length_px": 327.01,
          "internal_bends": 0
        }
      ],
      "svg-edge-0003": [
        {
          "kind": "whole",
          "start": [
            105.96,
            320.0103
          ],
          "end": [
            432.97,
            320.0103
          ],
          "path_start_px": 0.0,
          "path_end_px": 327.01,
          "length_px": 327.01,
          "internal_bends": 0
        }
      ],
      "svg-edge-0004": [
        {
          "kind": "whole",
          "start": [
            342.95,
            375.9898
          ],
          "end": [
            432.97,
            375.9897
          ],
          "path_start_px": 0.0,
          "path_end_px": 90.0201,
          "length_px": 90.0201,
          "internal_bends": 0
        }
      ],
      "svg-edge-0005": [
        {
          "kind": "whole",
          "start": [
            456.97,
            291.9969
          ],
          "end": [
            550.4,
            291.9969
          ],
          "path_start_px": 0.0,
          "path_end_px": 93.43,
          "length_px": 93.43,
          "internal_bends": 0
        }
      ],
      "svg-edge-0006": [
        {
          "kind": "whole",
          "start": [
            220.93,
            96.0009
          ],
          "end": [
            312.558,
            96.0009
          ],
          "path_start_px": 0.0,
          "path_end_px": 91.628,
          "length_px": 91.628,
          "internal_bends": 0
        }
      ],
      "svg-edge-0007": [
        {
          "kind": "whole",
          "start": [
            333.342,
            96.0009
          ],
          "end": [
            432.97,
            96.0009
          ],
          "path_start_px": 0.0,
          "path_end_px": 99.628,
          "length_px": 99.628,
          "internal_bends": 0
        }
      ],
      "svg-edge-0008": [
        {
          "kind": "whole",
          "start": [
            454.97,
            96.0009
          ],
          "end": [
            550.4,
            96.0009
          ],
          "path_start_px": 0.0,
          "path_end_px": 95.43,
          "length_px": 95.43,
          "internal_bends": 0
        }
      ],
      "svg-edge-0009": [
        {
          "kind": "whole",
          "start": [
            255.98,
            152.0024
          ],
          "end": [
            313.95,
            152.0024
          ],
          "path_start_px": 0.0,
          "path_end_px": 57.97,
          "length_px": 57.97,
          "internal_bends": 0
        }
      ],
      "svg-edge-0010": [
        {
          "kind": "whole",
          "start": [
            342.95,
            152.0024
          ],
          "end": [
            434.578,
            152.0024
          ],
          "path_start_px": 0.0,
          "path_end_px": 91.628,
          "length_px": 91.628,
          "internal_bends": 0
        }
      ],
      "svg-edge-0011": [
        {
          "kind": "whole",
          "start": [
            455.362,
            152.0024
          ],
          "end": [
            550.4,
            152.0024
          ],
          "path_start_px": 0.0,
          "path_end_px": 95.038,
          "length_px": 95.038,
          "internal_bends": 0
        }
      ],
      "svg-edge-0012": [
        {
          "kind": "whole",
          "start": [
            105.96,
            320.0103
          ],
          "end": [
            435.97,
            446.0025
          ],
          "path_start_px": 0.0,
          "path_end_px": 456.0022,
          "length_px": 456.0022,
          "internal_bends": 2
        }
      ],
      "svg-edge-0013": [
        {
          "kind": "whole",
          "start": [
            464.97,
            446.0025
          ],
          "end": [
            550.4,
            446.0024
          ],
          "path_start_px": 0.0,
          "path_end_px": 85.4301,
          "length_px": 85.4301,
          "internal_bends": 0
        }
      ]
    },
    "downstream_corridor_tail_bend_witnesses": [],
    "adjacent_root_height_bend_witnesses": [],
    "mergeable_root_facility_witnesses": [],
    "regular_fanout_array_replication_witnesses": [],
    "root_fanout_axis_dominance_witnesses": [],
    "direct_root_fanin_column_witnesses": [
      {
        "target": "mux",
        "sources": [
          "from_0",
          "from_1",
          "from_2",
          "from_3"
        ],
        "source_columns": {
          "from_0": 361.01,
          "from_1": 65.96,
          "from_2": 65.96,
          "from_3": 302.95
        },
        "distinct_columns": [
          65.96,
          302.95,
          361.01
        ]
      }
    ]
  },
  "detected_issues": [
    "FB-ROOT-020"
  ]
}
